I (271) esp_image: segment 3: paddr=000d1cf4 vaddr=3fc96994 sizeI (647) esp_psram: SPI SRAM memory test OK
I (656) cpu_start: Pro cpu start user code
I (656) cpu_start: cpu freq: 240000000 Hz
I (656) app_init: Application information:
I (656) app_init: Project name:     wararyoLauncher
I (657) app_init: App version:      0.1.0-dev
I (657) app_init: Compile time:     Sep 20 2026 20:24:11
I (657) app_init: ELF file SHA256:  b6404822f...
I (657) app_init: ESP-IDF:          5.5.0
I (657) efuse_init: Min chip rev:     v0.0
I (657) efuse_init: Max chip rev:     v0.99 
I (657) efuse_init: Chip rev:         v0.2
I (658) heap_init: Initializing. RAM available for dynamic allocation:
I (658) heap_init: At 3FC9D718 len 0004BFF8 (303 KiB): RAM
I (658) heap_init: At 3FCE9710 len 00005724 (21 KiB): RAM
I (658) heap_init: At 600FE020 len 00001FC8 (7 KiB): RTCRAM
I (659) esp_psram: Adding pool of 8192K of PSRAM memory to heap allocator
I (660) spi_flash: detected chip: generic
I (660) spi_flash: flash io: dio
I (660) sleep_gpio: Configure to isolate all GPIO pins in sleep state
I (661) sleep_gpio: Enable automatic switching of GPIO sleep configuration
I (0) main_task: Started on CPU1
I (1) esp_psram: Reserving pool of 32K of internal memory for DMA/internal allocations
I (1) main_task: Calling app_main()
I (185) M5GFX: [Autodetect] board_M5StopWatch
[Launcher] firmware=wararyoLauncher version=0.1.0-dev idf=5.5.0
[Board] recognized=30 display=468x468 cpu=240MHz core=1 tick=1000Hz
[Memory] flash_query=ESP_OK flash=16777216 psram=8388608 bytes
[Config] flash=DIO/80MHz psram=Octal/80MHz cache_instruction=16KiB cache_data=64KiB cache_line=64B
[Memory] internal total=374499 free=313195 largest=258048 bytes
[Memory] psram total=8388608 free=7942728 largest=7864320 bytes
[MultiFirm] layout=valid running=ota_0 address=0x20000 size=0x400000 host=valid
[Launcher] startup complete; starting single-task runtime
[WatchFace] digital cache=ready bytes=51728 internal
[WatchFace] digital cache=direct bytes=51728 internal
[Renderer] element capacity exceeded: full repaint
[WatchFace] digital cache=ready bytes=51728 internal
[WatchFace] digital cache=ready bytes=51728 internal
[WatchFace] digital cache=ready bytes=51728 internal
[WatchFace] digital cache=ready bytes=51728 internal
[WatchFace] digital cache=ready bytes=51728 internal
[WatchFace] digital cache=ready bytes=51728 internal
[WatchFace] digital cache=ready bytes=51728 internal
[WatchFace] digital cache=ready bytes=51728 internal
[WatchFace] digital cache=ready bytes=51728 internal
[WatchFace] digital cache=ready bytes=51728 internal
[WatchFace] digital cache=ready bytes=51728 internal
[WatchFace] digital cache=ready bytes=51728 internal
[WatchFace] digital cache=ready bytes=51728 internal
[WatchFace] digital cache=ready bytes=51728 internal
[WatchFace] digital cache=ready bytes=51728 internal
[WatchFace] digital cache=ready bytes=51728 internal
[WatchFace] digital cache=ready bytes=51728 internal
[Verify] lifecycle internal_free_before=260079 after=260079
[Verify] checks=112 mismatches=0 result=PASS
[RenderDiag] synthetic JST time / battery; no RTC read
[Memory] ui-internal total=374499 free=260079 largest=204800 bytes
[Memory] ui-psram total=8388608 free=7942728 largest=7864320 bytes
[Power] screen=off
[Power] screen=on
[RenderDiag] transition-draw n=0 avg=0 max=0 p95_upper=1000 us over33333=0
[RenderDiag] scroll-draw n=0 avg=0 max=0 p95_upper=1000 us over33333=0
[RenderDiag] single-draw n=2 avg=24777 max=24822 p95_upper=25000 us over33333=0
[RenderDiag] transition-interval n=0 avg=0 max=0 p95_upper=1000 us over33333=0
[RenderDiag] transition-interval fps=0.00 (continuous pairs; keep moving)
[RenderDiag] scroll-interval n=0 avg=0 max=0 p95_upper=1000 us over33333=0
[RenderDiag] scroll-interval fps=0.00 (continuous pairs; keep moving)
[RenderDiag] sampled-input-to-end n=0 avg=0 max=0 p95_upper=1000 us over33333=0
[RenderDiag] wake-request-to-end n=1 avg=25393 max=25393 p95_upper=26000 us over33333=0
[RenderDiag] window_us=60003816 layouts=1 paints=1 stack_free=5564 internal_free=260047 internal_largest=204800 psram_free=7942728 psram_largest=7864320
[Power] screen=off
[Power] screen=on
[RenderDiag] transition-draw n=359 avg=13778 max=27858 p95_upper=21000 us over33333=0
[RenderDiag] scroll-draw n=309 avg=23512 max=28907 p95_upper=29000 us over33333=0
[RenderDiag] single-draw n=18 avg=24982 max=30724 p95_upper=31000 us over33333=0
[RenderDiag] transition-interval n=343 avg=25469 max=882740 p95_upper=36000 us over33333=20
[RenderDiag] transition-interval fps=39.26 (continuous pairs; keep moving)
[RenderDiag] scroll-interval n=283 avg=36708 max=533153 p95_upper=100000 us over33333=49
[RenderDiag] scroll-interval fps=27.24 (continuous pairs; keep moving)
[RenderDiag] sampled-input-to-end n=385 avg=18909 max=31597 p95_upper=29000 us over33333=0
[RenderDiag] wake-request-to-end n=1 avg=25409 max=25409 p95_upper=26000 us over33333=0
[RenderDiag] window_us=60005497 layouts=893 paints=686 stack_free=5564 internal_free=259847 internal_largest=204800 psram_free=7942728 psram_largest=7864320
[RenderDiag] transition-draw n=588 avg=12232 max=25963 p95_upper=21000 us over33333=0
[RenderDiag] scroll-draw n=1394 avg=24291 max=28999 p95_upper=29000 us over33333=0
[RenderDiag] single-draw n=4 avg=25353 max=29486 p95_upper=30000 us over33333=0
[RenderDiag] transition-interval n=572 avg=22671 max=677683 p95_upper=43000 us over33333=39
[RenderDiag] transition-interval fps=44.11 (continuous pairs; keep moving)
[RenderDiag] scroll-interval n=1377 avg=28149 max=486060 p95_upper=32000 us over33333=54
[RenderDiag] scroll-interval fps=35.52 (continuous pairs; keep moving)
[RenderDiag] sampled-input-to-end n=1838 avg=22026 max=30281 p95_upper=30000 us over33333=0
[RenderDiag] wake-request-to-end n=0 avg=0 max=0 p95_upper=1000 us over33333=0
[RenderDiag] window_us=60009078 layouts=2255 paints=1986 stack_free=5564 internal_free=259847 internal_largest=204800 psram_free=7942728 psram_largest=7864320
[RenderDiag] transition-draw n=2155 avg=12054 max=23179 p95_upper=20000 us over33333=0
[RenderDiag] scroll-draw n=169 avg=17535 max=25858 p95_upper=26000 us over33333=0
[RenderDiag] single-draw n=0 avg=0 max=0 p95_upper=1000 us over33333=0
[RenderDiag] transition-interval n=2053 avg=17156 max=52903 p95_upper=28000 us over33333=16
[RenderDiag] transition-interval fps=58.29 (continuous pairs; keep moving)
[RenderDiag] scroll-interval n=68 avg=36244 max=393827 p95_upper=68000 us over33333=6
[RenderDiag] scroll-interval fps=27.59 (continuous pairs; keep moving)
[RenderDiag] sampled-input-to-end n=2314 avg=13229 max=27611 p95_upper=21000 us over33333=0
[RenderDiag] wake-request-to-end n=0 avg=0 max=0 p95_upper=1000 us over33333=0
[RenderDiag] window_us=60005425 layouts=2745 paints=2324 stack_free=5564 internal_free=259847 internal_largest=204800 psram_free=7942728 psram_largest=7864320
[Power] screen=off
[RenderDiag] transition-draw n=30 avg=12641 max=24096 p95_upper=20000 us over33333=0
[RenderDiag] scroll-draw n=0 avg=0 max=0 p95_upper=1000 us over33333=0
[RenderDiag] single-draw n=0 avg=0 max=0 p95_upper=1000 us over33333=0
[RenderDiag] transition-interval n=29 avg=39696 max=335879 p95_upper=>255000 us over33333=2
[RenderDiag] transition-interval fps=25.19 (continuous pairs; keep moving)
[RenderDiag] scroll-interval n=0 avg=0 max=0 p95_upper=1000 us over33333=0
[RenderDiag] scroll-interval fps=0.00 (continuous pairs; keep moving)
[RenderDiag] sampled-input-to-end n=5 avg=14120 max=24961 p95_upper=25000 us over33333=0
[RenderDiag] wake-request-to-end n=0 avg=0 max=0 p95_upper=1000 us over33333=0
[RenderDiag] window_us=60000000 layouts=38 paints=30 stack_free=5564 internal_free=259847 internal_largest=204800 psram_free=7942728 psram_largest=7864320
[RenderDiag] transition-draw n=0 avg=0 max=0 p95_upper=1000 us over33333=0
[RenderDiag] scroll-draw n=0 avg=0 max=0 p95_upper=1000 us over33333=0
[RenderDiag] single-draw n=0 avg=0 max=0 p95_upper=1000 us over33333=0
[RenderDiag] transition-interval n=0 avg=0 max=0 p95_upper=1000 us over33333=0
[RenderDiag] transition-interval fps=0.00 (continuous pairs; keep moving)
[RenderDiag] scroll-interval n=0 avg=0 max=0 p95_upper=1000 us over33333=0
[RenderDiag] scroll-interval fps=0.00 (continuous pairs; keep moving)
[RenderDiag] sampled-input-to-end n=0 avg=0 max=0 p95_upper=1000 us over33333=0
[RenderDiag] wake-request-to-end n=0 avg=0 max=0 p95_upper=1000 us over33333=0
[RenderDiag] window_us=60000000 layouts=0 paints=0 stack_free=5564 internal_free=259847 internal_largest=204800 psram_free=7942728 psram_largest=7864320