Processing m5stopwatch-measure (platform: espressif32 @ 6.12.0; framework: espidf; board: m5stack-cores3)
--------------------------------------------------------------------------------
Verbose mode can be enabled via `-v, --verbose` option
CONFIGURATION: https://docs.platformio.org/page/boards/espressif32/m5stack-cores3.html
PLATFORM: Espressif 32 (6.12.0) > M5Stack CoreS3
HARDWARE: ESP32S3 240MHz, 320KB RAM, 4MB Flash
DEBUG: Current (cmsis-dap) External (cmsis-dap, esp-bridge, esp-builtin, esp-prog, iot-bus-jtag, jlink, minimodule, olimex-arm-usb-ocd, olimex-arm-usb-ocd-h, olimex-arm-usb-tiny-h, olimex-jtag-tiny, tumpa)
PACKAGES: 
 - framework-espidf @ 3.50500.0 (5.5.0) 
 - tool-cmake @ 3.30.2 
 - tool-esp-rom-elfs @ 0.0.1+20241011 
 - tool-esptoolpy @ 2.40900.250804 (4.9.0) 
 - tool-idf @ 1.0.1 
 - tool-mconf @ 1.4060000.20190628 (406.0.0) 
 - tool-ninja @ 1.9.0 
 - tool-riscv32-esp-elf-gdb @ 11.2.0+20220823 
 - tool-xtensa-esp-elf-gdb @ 11.2.0+20230208 
 - toolchain-esp32ulp @ 1.23800.240113 (2.38.0) 
 - toolchain-riscv32-esp @ 14.2.0+20241119 
 - toolchain-xtensa-esp-elf @ 14.2.0+20241119
Reading CMake configuration...
LDF: Library Dependency Finder -> https://bit.ly/configure-pio-ldf
LDF Modes: Finder ~ chain, Compatibility ~ soft
Found 4 compatible libraries
Scanning dependencies...
Dependency Graph
|-- M5Unified @ 0.2.16
|-- M5GFX @ 0.2.28
|-- M5StopWatch-MultiFirm @ 0.1.0+sha.f5a8fd8
Building in release mode
Generating project linker script .pio\build\m5stopwatch-measure\sections.ld
Archiving .pio\build\m5stopwatch-measure\bootloader\esp-idf\efuse\libefuse.a
Archiving .pio\build\m5stopwatch-measure\bootloader\esp-idf\esp_common\libesp_common.a
Archiving .pio\build\m5stopwatch-measure\bootloader\esp-idf\esp_hw_support\libesp_hw_support.a
Compiling .pio\build\m5stopwatch-measure\bootloader\esp_rom\patches\esp_rom_cache_esp32s2_esp32s3.c.o
Compiling .pio\build\m5stopwatch-measure\bootloader\esp_rom\patches\esp_rom_cache_writeback_esp32s3.S.o
Compiling .pio\build\m5stopwatch-measure\bootloader\esp_system\esp_err.c.o
Indexing .pio\build\m5stopwatch-measure\bootloader\esp-idf\efuse\libefuse.a
Compiling .pio\build\m5stopwatch-measure\bootloader\hal\hal_utils.c.o
Indexing .pio\build\m5stopwatch-measure\bootloader\esp-idf\esp_common\libesp_common.a
Compiling .pio\build\m5stopwatch-measure\bootloader\hal\mpu_hal.c.o
Compiling .pio\build\m5stopwatch-measure\bootloader\hal\efuse_hal.c.o
Compiling .pio\build\m5stopwatch-measure\bootloader\hal\esp32s3\efuse_hal.c.o
Indexing .pio\build\m5stopwatch-measure\bootloader\esp-idf\esp_hw_support\libesp_hw_support.a
Compiling .pio\build\m5stopwatch-measure\bootloader\hal\mmu_hal.c.o
Compiling .pio\build\m5stopwatch-measure\bootloader\hal\cache_hal.c.o
Compiling .pio\build\m5stopwatch-measure\bootloader\log\src\noos\log_timestamp.c.o
Compiling .pio\build\m5stopwatch-measure\bootloader\log\src\log_timestamp_common.c.o
Compiling .pio\build\m5stopwatch-measure\bootloader\log\src\noos\log_lock.c.o
Compiling .pio\build\m5stopwatch-measure\bootloader\log\src\buffer\log_buffers.c.o
Compiling .pio\build\m5stopwatch-measure\bootloader\log\src\noos\util.c.o
Compiling .pio\build\m5stopwatch-measure\bootloader\log\src\util.c.o
Compiling .pio\build\m5stopwatch-measure\bootloader\log\src\log_format_text.c.o
Compiling .pio\build\m5stopwatch-measure\bootloader\log\src\log_print.c.o
Compiling .pio\build\m5stopwatch-measure\bootloader\log\src\log.c.o
Compiling .pio\build\m5stopwatch-measure\bootloader\components\micro-ecc\uECC_verify_antifault.c.o
Compiling .pio\build\m5stopwatch-measure\bootloader\soc\lldesc.c.o
Compiling .pio\build\m5stopwatch-measure\bootloader\soc\dport_access_common.c.o
Compiling .pio\build\m5stopwatch-measure\bootloader\soc\esp32s3\interrupts.c.o
Compiling .pio\build\m5stopwatch-measure\bootloader\soc\esp32s3\gpio_periph.c.o
Compiling .pio\build\m5stopwatch-measure\bootloader\soc\esp32s3\uart_periph.c.o
Archiving .pio\build\m5stopwatch-measure\bootloader\esp-idf\esp_rom\libesp_rom.a
Archiving .pio\build\m5stopwatch-measure\bootloader\esp-idf\esp_system\libesp_system.a
Compiling .pio\build\m5stopwatch-measure\bootloader\soc\esp32s3\adc_periph.c.o
Compiling .pio\build\m5stopwatch-measure\bootloader\soc\esp32s3\dedic_gpio_periph.c.o
Indexing .pio\build\m5stopwatch-measure\bootloader\esp-idf\esp_rom\libesp_rom.a
Compiling .pio\build\m5stopwatch-measure\bootloader\soc\esp32s3\gdma_periph.c.o
Indexing .pio\build\m5stopwatch-measure\bootloader\esp-idf\esp_system\libesp_system.a
Compiling .pio\build\m5stopwatch-measure\bootloader\soc\esp32s3\spi_periph.c.o
Compiling .pio\build\m5stopwatch-measure\bootloader\soc\esp32s3\ledc_periph.c.o
Compiling .pio\build\m5stopwatch-measure\bootloader\soc\esp32s3\pcnt_periph.c.o
Compiling .pio\build\m5stopwatch-measure\bootloader\soc\esp32s3\rmt_periph.c.o
Compiling .pio\build\m5stopwatch-measure\bootloader\soc\esp32s3\sdm_periph.c.o
Compiling .pio\build\m5stopwatch-measure\bootloader\soc\esp32s3\i2s_periph.c.o
Compiling .pio\build\m5stopwatch-measure\bootloader\soc\esp32s3\i2c_periph.c.o
Archiving .pio\build\m5stopwatch-measure\bootloader\esp-idf\hal\libhal.a
Compiling .pio\build\m5stopwatch-measure\bootloader\soc\esp32s3\temperature_sensor_periph.c.o
Compiling .pio\build\m5stopwatch-measure\bootloader\soc\esp32s3\timer_periph.c.o
Compiling .pio\build\m5stopwatch-measure\bootloader\soc\esp32s3\lcd_periph.c.o
Compiling .pio\build\m5stopwatch-measure\bootloader\soc\esp32s3\mcpwm_periph.c.o
Compiling .pio\build\m5stopwatch-measure\bootloader\soc\esp32s3\mpi_periph.c.o
Compiling .pio\build\m5stopwatch-measure\bootloader\soc\esp32s3\sdmmc_periph.c.o
Archiving .pio\build\m5stopwatch-measure\bootloader\esp-idf\log\liblog.a
Compiling .pio\build\m5stopwatch-measure\bootloader\soc\esp32s3\touch_sensor_periph.c.o
Compiling .pio\build\m5stopwatch-measure\bootloader\soc\esp32s3\twai_periph.c.o
Compiling .pio\build\m5stopwatch-measure\bootloader\soc\esp32s3\wdt_periph.c.o
Compiling .pio\build\m5stopwatch-measure\bootloader\soc\esp32s3\usb_dwc_periph.c.o
Indexing .pio\build\m5stopwatch-measure\bootloader\esp-idf\hal\libhal.a
Compiling .pio\build\m5stopwatch-measure\bootloader\soc\esp32s3\rtc_io_periph.c.o
Compiling .pio\build\m5stopwatch-measure\bootloader\soc\esp32s3\power_supply_periph.c.o
Compiling .pio\build\m5stopwatch-measure\bootloader\spi_flash\spi_flash_wrap.c.o
Generating partitions .pio\build\m5stopwatch-measure\partitions.bin
Generating an empty partition .pio\build\m5stopwatch-measure\ota_data_initial.bin
Indexing .pio\build\m5stopwatch-measure\bootloader\esp-idf\log\liblog.a
Compiling .pio\build\m5stopwatch-measure\lib73d\M5GFX@0.2.28\M5GFX.o
Archiving .pio\build\m5stopwatch-measure\bootloader\esp-idf\spi_flash\libspi_flash.a
Archiving .pio\build\m5stopwatch-measure\bootloader\esp-idf\soc\libsoc.a
Archiving .pio\build\m5stopwatch-measure\bootloader\esp-idf\micro-ecc\libmicro-ecc.a
Compiling .pio\build\m5stopwatch-measure\lib73d\M5GFX@0.2.28\lgfx\Fonts\IPA\lgfx_font_japan.o
Indexing .pio\build\m5stopwatch-measure\bootloader\esp-idf\spi_flash\libspi_flash.a
Compiling .pio\build\m5stopwatch-measure\lib73d\M5GFX@0.2.28\lgfx\Fonts\efont\lgfx_efont_cn.o
Indexing .pio\build\m5stopwatch-measure\bootloader\esp-idf\micro-ecc\libmicro-ecc.a
Indexing .pio\build\m5stopwatch-measure\bootloader\esp-idf\soc\libsoc.a
Compiling .pio\build\m5stopwatch-measure\lib73d\M5GFX@0.2.28\lgfx\Fonts\efont\lgfx_efont_ja.o
Compiling .pio\build\m5stopwatch-measure\lib73d\M5GFX@0.2.28\lgfx\Fonts\efont\lgfx_efont_kr.o
Compiling .pio\build\m5stopwatch-measure\lib73d\M5GFX@0.2.28\lgfx\Fonts\efont\lgfx_efont_tw.o
Linking .pio\build\m5stopwatch-measure\bootloader.elf
Compiling .pio\build\m5stopwatch-measure\lib73d\M5GFX@0.2.28\lgfx\utility\lgfx_miniz.o
Compiling .pio\build\m5stopwatch-measure\lib73d\M5GFX@0.2.28\lgfx\utility\lgfx_pngle.o
Compiling .pio\build\m5stopwatch-measure\lib73d\M5GFX@0.2.28\lgfx\utility\lgfx_qoi.o
Compiling .pio\build\m5stopwatch-measure\lib73d\M5GFX@0.2.28\lgfx\utility\lgfx_qrcode.o
Compiling .pio\build\m5stopwatch-measure\lib73d\M5GFX@0.2.28\lgfx\utility\lgfx_tjpgd.o
Compiling .pio\build\m5stopwatch-measure\lib73d\M5GFX@0.2.28\lgfx\v1\LGFXBase.o
Compiling .pio\build\m5stopwatch-measure\lib73d\M5GFX@0.2.28\lgfx\v1\LGFX_Button.o
Compiling .pio\build\m5stopwatch-measure\lib73d\M5GFX@0.2.28\lgfx\v1\LGFX_Sprite.o
Compiling .pio\build\m5stopwatch-measure\lib73d\M5GFX@0.2.28\lgfx\v1\lgfx_fonts.o
Compiling .pio\build\m5stopwatch-measure\lib73d\M5GFX@0.2.28\lgfx\v1\misc\DividedFrameBuffer.o
Compiling .pio\build\m5stopwatch-measure\lib73d\M5GFX@0.2.28\lgfx\v1\misc\SpriteBuffer.o
Compiling .pio\build\m5stopwatch-measure\lib73d\M5GFX@0.2.28\lgfx\v1\misc\common_function.o
Compiling .pio\build\m5stopwatch-measure\lib73d\M5GFX@0.2.28\lgfx\v1\misc\pixelcopy.o
Compiling .pio\build\m5stopwatch-measure\lib73d\M5GFX@0.2.28\lgfx\v1\panel\Panel_AMOLED.o
Building .pio\build\m5stopwatch-measure\bootloader.bin
Compiling .pio\build\m5stopwatch-measure\lib73d\M5GFX@0.2.28\lgfx\v1\panel\Panel_Device.o
Compiling .pio\build\m5stopwatch-measure\lib73d\M5GFX@0.2.28\lgfx\v1\panel\Panel_ED2208.o
Compiling .pio\build\m5stopwatch-measure\lib73d\M5GFX@0.2.28\lgfx\v1\panel\Panel_EPDiy.o
Compiling .pio\build\m5stopwatch-measure\lib73d\M5GFX@0.2.28\lgfx\v1\panel\Panel_FrameBufferBase.o
esptool.py v4.9.0
Creating esp32s3 image...
Merged 2 ELF sections
Successfully created esp32s3 image.
Compiling .pio\build\m5stopwatch-measure\lib73d\M5GFX@0.2.28\lgfx\v1\panel\Panel_GDEW0154D67.o
Compiling .pio\build\m5stopwatch-measure\lib73d\M5GFX@0.2.28\lgfx\v1\panel\Panel_GDEW0154M09.o
Compiling .pio\build\m5stopwatch-measure\lib73d\M5GFX@0.2.28\lgfx\v1\panel\Panel_HasBuffer.o
Compiling .pio\build\m5stopwatch-measure\lib73d\M5GFX@0.2.28\lgfx\v1\panel\Panel_IT8951.o
Compiling .pio\build\m5stopwatch-measure\lib73d\M5GFX@0.2.28\lgfx\v1\panel\Panel_LCD.o
Compiling .pio\build\m5stopwatch-measure\lib73d\M5GFX@0.2.28\lgfx\v1\panel\Panel_M5HDMI.o
Compiling .pio\build\m5stopwatch-measure\lib73d\M5GFX@0.2.28\lgfx\v1\panel\Panel_M5UnitGLASS.o
Compiling .pio\build\m5stopwatch-measure\lib73d\M5GFX@0.2.28\lgfx\v1\panel\Panel_M5UnitLCD.o
Compiling .pio\build\m5stopwatch-measure\lib73d\M5GFX@0.2.28\lgfx\v1\panel\Panel_SSD1306.o
Compiling .pio\build\m5stopwatch-measure\lib73d\M5GFX@0.2.28\lgfx\v1\panel\Panel_SSD1677.o
Compiling .pio\build\m5stopwatch-measure\lib73d\M5GFX@0.2.28\lgfx\v1\panel\Panel_TM1680.o
Compiling .pio\build\m5stopwatch-measure\lib73d\M5GFX@0.2.28\lgfx\v1\platforms\esp32\Bus_EPD.o
Compiling .pio\build\m5stopwatch-measure\lib73d\M5GFX@0.2.28\lgfx\v1\platforms\esp32\Bus_I2C.o
Compiling .pio\build\m5stopwatch-measure\lib73d\M5GFX@0.2.28\lgfx\v1\platforms\esp32\Bus_Parallel8.o
Compiling .pio\build\m5stopwatch-measure\lib73d\M5GFX@0.2.28\lgfx\v1\platforms\esp32\Bus_SPI.o
Compiling .pio\build\m5stopwatch-measure\lib73d\M5GFX@0.2.28\lgfx\v1\platforms\esp32\Light_PWM.o
Compiling .pio\build\m5stopwatch-measure\lib73d\M5GFX@0.2.28\lgfx\v1\platforms\esp32\Panel_CVBS.o
Compiling .pio\build\m5stopwatch-measure\lib73d\M5GFX@0.2.28\lgfx\v1\platforms\esp32\Panel_EPD.o
Compiling .pio\build\m5stopwatch-measure\lib73d\M5GFX@0.2.28\lgfx\v1\platforms\esp32\common.o
Compiling .pio\build\m5stopwatch-measure\lib73d\M5GFX@0.2.28\lgfx\v1\platforms\esp32c3\Bus_Parallel8.o
Compiling .pio\build\m5stopwatch-measure\lib73d\M5GFX@0.2.28\lgfx\v1\platforms\esp32p4\Bus_DSI.o
Compiling .pio\build\m5stopwatch-measure\lib73d\M5GFX@0.2.28\lgfx\v1\platforms\esp32p4\Panel_DSI.o
Compiling .pio\build\m5stopwatch-measure\lib73d\M5GFX@0.2.28\lgfx\v1\platforms\esp32p4\Panel_LT8912B.o
Compiling .pio\build\m5stopwatch-measure\lib73d\M5GFX@0.2.28\lgfx\v1\platforms\esp32p4\Touch_ST7123.o
Compiling .pio\build\m5stopwatch-measure\lib73d\M5GFX@0.2.28\lgfx\v1\platforms\esp32s2\Bus_Parallel16.o
Compiling .pio\build\m5stopwatch-measure\lib73d\M5GFX@0.2.28\lgfx\v1\platforms\esp32s2\Bus_Parallel8.o
Compiling .pio\build\m5stopwatch-measure\lib73d\M5GFX@0.2.28\lgfx\v1\platforms\esp32s3\Bus_Parallel16.o
Compiling .pio\build\m5stopwatch-measure\lib73d\M5GFX@0.2.28\lgfx\v1\platforms\esp32s3\Bus_Parallel8.o
Compiling .pio\build\m5stopwatch-measure\lib73d\M5GFX@0.2.28\lgfx\v1\platforms\framebuffer\Panel_fb.o
Compiling .pio\build\m5stopwatch-measure\lib73d\M5GFX@0.2.28\lgfx\v1\platforms\framebuffer\common.o
Compiling .pio\build\m5stopwatch-measure\lib73d\M5GFX@0.2.28\lgfx\v1\platforms\sdl\Panel_sdl.o
Compiling .pio\build\m5stopwatch-measure\lib73d\M5GFX@0.2.28\lgfx\v1\platforms\sdl\common.o
Compiling .pio\build\m5stopwatch-measure\lib73d\M5GFX@0.2.28\lgfx\v1\touch\Touch_CHSC6540.o
Compiling .pio\build\m5stopwatch-measure\lib73d\M5GFX@0.2.28\lgfx\v1\touch\Touch_CSTxxx.o
Compiling .pio\build\m5stopwatch-measure\lib73d\M5GFX@0.2.28\lgfx\v1\touch\Touch_FT5x06.o
Compiling .pio\build\m5stopwatch-measure\lib73d\M5GFX@0.2.28\lgfx\v1\touch\Touch_GT911.o
Compiling .pio\build\m5stopwatch-measure\libb58\M5Unified\M5Unified.o
Compiling .pio\build\m5stopwatch-measure\libb58\M5Unified\utility\Button_Class.o
Compiling .pio\build\m5stopwatch-measure\libb58\M5Unified\utility\I2C_Class.o
Compiling .pio\build\m5stopwatch-measure\libb58\M5Unified\utility\IMU_Class.o
Compiling .pio\build\m5stopwatch-measure\libb58\M5Unified\utility\LED_Class.o
Compiling .pio\build\m5stopwatch-measure\libb58\M5Unified\utility\Log_Class.o
Compiling .pio\build\m5stopwatch-measure\libb58\M5Unified\utility\M5Timer.o
Compiling .pio\build\m5stopwatch-measure\libb58\M5Unified\utility\Mic_Class.o
Compiling .pio\build\m5stopwatch-measure\libb58\M5Unified\utility\PI4IOE5V6408_Class.o
Compiling .pio\build\m5stopwatch-measure\libb58\M5Unified\utility\Power_Class.o
Compiling .pio\build\m5stopwatch-measure\libb58\M5Unified\utility\RTC_Class.o
Compiling .pio\build\m5stopwatch-measure\libb58\M5Unified\utility\Speaker_Class.o
Compiling .pio\build\m5stopwatch-measure\libb58\M5Unified\utility\Touch_Class.o
Compiling .pio\build\m5stopwatch-measure\libb58\M5Unified\utility\imu\AK8963_Class.o
pio : .pio/libdeps/m5stopwatch-measure/M5GFX@0.2.28/src/lgfx/v1/platforms/esp32/common.cpp: In function 'uint32_t lgfx:
:v1::getSpiClockFrequency(int)':
At line:1 char:302
+ ... tch {} } }; pio run -e m5stopwatch-measure *> docs/task9/20260923-9-2 ...
+                 ~~~~~~~~~~~~~~~~~~~~~~~~~~~~~~~~~~~~~~~~~~~~~~~~~~~~~~~~~
    + CategoryInfo          : NotSpecified: (.pio/libdeps/m5...requency(int)'::String) [], RemoteException
    + FullyQualifiedErrorId : NativeCommandError
 
.pio/libdeps/m5stopwatch-measure/M5GFX@0.2.28/src/lgfx/v1/platforms/esp32/common.cpp:293:16: warning: variable 'get_rc_
fast_frequency' set but not used [-Wunused-but-set-variable]
  293 |     const auto get_rc_fast_frequency = []() -> uint32_t
      |                ^~~~~~~~~~~~~~~~~~~~~
Compiling .pio\build\m5stopwatch-measure\libb58\M5Unified\utility\imu\BMI270_Class.o
Compiling .pio\build\m5stopwatch-measure\libb58\M5Unified\utility\imu\BMM150_Class.o
Compiling .pio\build\m5stopwatch-measure\libb58\M5Unified\utility\imu\IMU_Base.o
Compiling .pio\build\m5stopwatch-measure\libb58\M5Unified\utility\imu\MPU6886_Class.o
Compiling .pio\build\m5stopwatch-measure\libb58\M5Unified\utility\imu\SH200Q_Class.o
Compiling .pio\build\m5stopwatch-measure\libb58\M5Unified\utility\led\LED_PMIC_Class.o
Compiling .pio\build\m5stopwatch-measure\libb58\M5Unified\utility\led\LED_PaperMono_Class.o
Compiling .pio\build\m5stopwatch-measure\libb58\M5Unified\utility\led\LED_PowerHub_Class.o
Compiling .pio\build\m5stopwatch-measure\libb58\M5Unified\utility\led\LED_Strip_Class.o
Compiling .pio\build\m5stopwatch-measure\libb58\M5Unified\utility\power\AW32001_Class.o
Compiling .pio\build\m5stopwatch-measure\libb58\M5Unified\utility\power\AXP192_Class.o
Compiling .pio\build\m5stopwatch-measure\libb58\M5Unified\utility\power\AXP2101_Class.o
Compiling .pio\build\m5stopwatch-measure\libb58\M5Unified\utility\power\BQ27220_Class.o
Compiling .pio\build\m5stopwatch-measure\libb58\M5Unified\utility\power\INA226_Class.o
Compiling .pio\build\m5stopwatch-measure\libb58\M5Unified\utility\power\INA3221_Class.o
Compiling .pio\build\m5stopwatch-measure\libb58\M5Unified\utility\power\IP5306_Class.o
Compiling .pio\build\m5stopwatch-measure\libb58\M5Unified\utility\power\PY32PMIC_Class.o
Compiling .pio\build\m5stopwatch-measure\libb58\M5Unified\utility\rtc\PCF8563_Class.o
Compiling .pio\build\m5stopwatch-measure\libb58\M5Unified\utility\rtc\RTC_Base.o
Compiling .pio\build\m5stopwatch-measure\libb58\M5Unified\utility\rtc\RTC_PowerHub_Class.o
Compiling .pio\build\m5stopwatch-measure\libb58\M5Unified\utility\rtc\RX8130_Class.o
Archiving .pio\build\m5stopwatch-measure\lib73d\libM5GFX@0.2.28.a
Compiling .pio\build\m5stopwatch-measure\libbe6\M5StopWatch-MultiFirm\multifirm_host.o
Indexing .pio\build\m5stopwatch-measure\lib73d\libM5GFX@0.2.28.a
In file included from .pio/libdeps/m5stopwatch-measure/M5Unified/src/utility/rtc/RTC_Base.hpp:7,
                 from .pio/libdeps/m5stopwatch-measure/M5Unified/src/utility/rtc/RTC_PowerHub_Class.hpp:7,
                 from .pio/libdeps/m5stopwatch-measure/M5Unified/src/utility/rtc/RTC_PowerHub_Class.cpp:4:
In member function 'bool m5::I2C_Device::writeRegister(uint8_t, const uint8_t*, std::size_t) const',
    inlined from 'virtual int m5::RTC_PowerHub_Class::setAlarmIRQ(const m5::rtc_date_t*, const m5::rtc_time_t*)' at .pi
o/libdeps/m5stopwatch-measure/M5Unified/src/utility/rtc/RTC_PowerHub_Class.cpp:118:18:
.pio/libdeps/m5stopwatch-measure/M5Unified/src/utility/rtc/../I2C_Class.hpp:182:33: warning: 'buf' may be used uninitia
lized [-Wmaybe-uninitialized]
  182 |       return _i2c->writeRegister(_addr, reg, data, length, _freq);
      |              ~~~~~~~~~~~~~~~~~~~^~~~~~~~~~~~~~~~~~~~~~~~~~~~~~~~~
.pio/libdeps/m5stopwatch-measure/M5Unified/src/utility/rtc/../I2C_Class.hpp: In member function 'virtual int m5::RTC_Po
werHub_Class::setAlarmIRQ(const m5::rtc_date_t*, const m5::rtc_time_t*)':
.pio/libdeps/m5stopwatch-measure/M5Unified/src/utility/rtc/../I2C_Class.hpp:85:10: note: by argument 4 of type 'const u
int8_t*' {aka 'const unsigned char*'} to 'bool m5::I2C_Class::writeRegister(uint8_t, uint8_t, const uint8_t*, std::size
_t, uint32_t) const' declared here
   85 |     bool writeRegister(std::uint8_t address, std::uint8_t reg, const std::uint8_t* data, std::size_t length, st
d::uint32_t freq) const;
      |          ^~~~~~~~~~~~~
.pio/libdeps/m5stopwatch-measure/M5Unified/src/utility/rtc/RTC_PowerHub_Class.cpp:95:18: note: 'buf' declared here
   95 |     std::uint8_t buf[3];
      |                  ^~~
Archiving .pio\build\m5stopwatch-measure\libbe6\libM5StopWatch-MultiFirm.a
Indexing .pio\build\m5stopwatch-measure\libbe6\libM5StopWatch-MultiFirm.a
Archiving .pio\build\m5stopwatch-measure\libb58\libM5Unified.a
Indexing .pio\build\m5stopwatch-measure\libb58\libM5Unified.a
Linking .pio\build\m5stopwatch-measure\firmware.elf
Retrieving maximum program size .pio\build\m5stopwatch-measure\firmware.elf
Checking size .pio\build\m5stopwatch-measure\firmware.elf
Advanced Memory Usage is available via "PlatformIO Home > Project Inspect"
RAM:   [=         ]  13.4% (used 43772 bytes from 327680 bytes)
Flash: [===       ]  25.4% (used 1066871 bytes from 4194304 bytes)
Building .pio\build\m5stopwatch-measure\firmware.bin with action:
  "$PYTHONEXE" "$OBJCOPY" --chip esp32s3 elf2image --flash_mode ${__get_board_flash_mode(__env__)} --flash_freq ${__get_board_f_image(__env__)} --flash_size 16MB --elf-sha256-offset 0xb0 -o $TARGET $SOURCES
Building .pio\build\m5stopwatch-measure\firmware.bin
esptool.py v4.9.0
Creating esp32s3 image...
Merged 2 ELF sections
Successfully created esp32s3 image.
verify_size([".pio\build\m5stopwatch-measure\firmware.bin"], [".pio\build\m5stopwatch-measure\firmware.elf"])
[MultiFirm] host size: 1067280/4194304 bytes
verify_size(["multifirm_check_size"], [".pio\build\m5stopwatch-measure\firmware.bin"])
[MultiFirm] host size: 1067280/4194304 bytes
========================= [SUCCESS] Took 41.89 seconds =========================

Environment          Status    Duration
-------------------  --------  ------------
m5stopwatch-measure  SUCCESS   00:00:41.885
========================= 1 succeeded in 00:00:41.885 =========================
