Processing m5stopwatch-measure (platform: espressif32 @ 6.12.0; framework: espidf; board: m5stack-cores3)
--------------------------------------------------------------------------------
Verbose mode can be enabled via `-v, --verbose` option
CONFIGURATION: https://docs.platformio.org/page/boards/espressif32/m5stack-cores3.html
PLATFORM: Espressif 32 (6.12.0) > M5Stack CoreS3
HARDWARE: ESP32S3 240MHz, 320KB RAM, 4MB Flash
DEBUG: Current (cmsis-dap) External (cmsis-dap, esp-bridge, esp-builtin, esp-prog, iot-bus-jtag, jlink, minimodule, olimex-arm-usb-ocd, olimex-arm-usb-ocd-h, olimex-arm-usb-tiny-h, olimex-jtag-tiny, tumpa)
PACKAGES: 
 - framework-espidf @ 3.50500.0 (5.5.0) 
 - tool-cmake @ 3.30.2 
 - tool-esp-rom-elfs @ 0.0.1+20241011 
 - tool-esptoolpy @ 2.40900.250804 (4.9.0) 
 - tool-idf @ 1.0.1 
 - tool-mconf @ 1.4060000.20190628 (406.0.0) 
 - tool-ninja @ 1.9.0 
 - tool-riscv32-esp-elf-gdb @ 11.2.0+20220823 
 - tool-xtensa-esp-elf-gdb @ 11.2.0+20230208 
 - toolchain-esp32ulp @ 1.23800.240113 (2.38.0) 
 - toolchain-riscv32-esp @ 14.2.0+20241119 
 - toolchain-xtensa-esp-elf @ 14.2.0+20241119
Reading CMake configuration...
LDF: Library Dependency Finder -> https://bit.ly/configure-pio-ldf
LDF Modes: Finder ~ chain, Compatibility ~ soft
Found 4 compatible libraries
Scanning dependencies...
Dependency Graph
|-- M5Unified @ 0.2.16
|-- M5GFX @ 0.2.28
|-- M5StopWatch-MultiFirm @ 0.1.0+sha.f5a8fd8
Building in release mode
Compiling .pio\build\m5stopwatch-measure\wpa_supplicant\src\eap_peer\eap_mschapv2.c.o
Compiling .pio\build\m5stopwatch-measure\wpa_supplicant\src\eap_peer\eap_fast.c.o
Compiling .pio\build\m5stopwatch-measure\wpa_supplicant\src\eap_peer\eap_fast_common.c.o
Compiling .pio\build\m5stopwatch-measure\wpa_supplicant\src\eap_peer\eap_fast_pac.c.o
Compiling .pio\build\m5stopwatch-measure\wpa_supplicant\src\rsn_supp\pmksa_cache.c.o
Compiling .pio\build\m5stopwatch-measure\wpa_supplicant\src\rsn_supp\wpa.c.o
Compiling .pio\build\m5stopwatch-measure\wpa_supplicant\src\rsn_supp\wpa_ie.c.o
Compiling .pio\build\m5stopwatch-measure\wpa_supplicant\src\utils\base64.c.o
Compiling .pio\build\m5stopwatch-measure\wpa_supplicant\src\utils\common.c.o
Compiling .pio\build\m5stopwatch-measure\wpa_supplicant\src\utils\ext_password.c.o
Compiling .pio\build\m5stopwatch-measure\wpa_supplicant\src\utils\uuid.c.o
Compiling .pio\build\m5stopwatch-measure\wpa_supplicant\src\utils\wpabuf.c.o
Compiling .pio\build\m5stopwatch-measure\wpa_supplicant\src\utils\wpa_debug.c.o
Compiling .pio\build\m5stopwatch-measure\wpa_supplicant\src\utils\json.c.o
Compiling .pio\build\m5stopwatch-measure\wpa_supplicant\src\wps\wps.c.o
Compiling .pio\build\m5stopwatch-measure\wpa_supplicant\src\wps\wps_attr_build.c.o
Compiling .pio\build\m5stopwatch-measure\wpa_supplicant\src\wps\wps_attr_parse.c.o
Compiling .pio\build\m5stopwatch-measure\wpa_supplicant\src\wps\wps_attr_process.c.o
Compiling .pio\build\m5stopwatch-measure\wpa_supplicant\src\wps\wps_common.c.o
Compiling .pio\build\m5stopwatch-measure\wpa_supplicant\src\wps\wps_dev_attr.c.o
Compiling .pio\build\m5stopwatch-measure\wpa_supplicant\src\wps\wps_enrollee.c.o
Compiling .pio\build\m5stopwatch-measure\wpa_supplicant\src\common\sae_pk.c.o
Compiling .pio\build\m5stopwatch-measure\wpa_supplicant\esp_supplicant\src\esp_eap_client.c.o
Compiling .pio\build\m5stopwatch-measure\wpa_supplicant\esp_supplicant\src\esp_wpa2_api_port.c.o
Compiling .pio\build\m5stopwatch-measure\wpa_supplicant\esp_supplicant\src\esp_wpa_main.c.o
Compiling .pio\build\m5stopwatch-measure\wpa_supplicant\esp_supplicant\src\esp_wpas_glue.c.o
Compiling .pio\build\m5stopwatch-measure\wpa_supplicant\esp_supplicant\src\esp_common.c.o
Compiling .pio\build\m5stopwatch-measure\wpa_supplicant\esp_supplicant\src\esp_wps.c.o
Compiling .pio\build\m5stopwatch-measure\wpa_supplicant\esp_supplicant\src\esp_wpa3.c.o
Compiling .pio\build\m5stopwatch-measure\wpa_supplicant\esp_supplicant\src\esp_owe.c.o
Compiling .pio\build\m5stopwatch-measure\wpa_supplicant\esp_supplicant\src\esp_hostap.c.o
Compiling .pio\build\m5stopwatch-measure\wpa_supplicant\esp_supplicant\src\crypto\tls_mbedtls.c.o
Compiling .pio\build\m5stopwatch-measure\wpa_supplicant\esp_supplicant\src\crypto\crypto_mbedtls.c.o
Compiling .pio\build\m5stopwatch-measure\wpa_supplicant\esp_supplicant\src\crypto\crypto_mbedtls-bignum.c.o
Compiling .pio\build\m5stopwatch-measure\wpa_supplicant\esp_supplicant\src\crypto\crypto_mbedtls-rsa.c.o
Compiling .pio\build\m5stopwatch-measure\wpa_supplicant\esp_supplicant\src\crypto\crypto_mbedtls-ec.c.o
Compiling .pio\build\m5stopwatch-measure\wpa_supplicant\esp_supplicant\src\crypto\fastpsk.c.o
Compiling .pio\build\m5stopwatch-measure\wpa_supplicant\src\crypto\rc4.c.o
Compiling .pio\build\m5stopwatch-measure\wpa_supplicant\src\crypto\des-internal.c.o
Compiling .pio\build\m5stopwatch-measure\wpa_supplicant\esp_supplicant\src\crypto\fastpbkdf2.c.o
Compiling .pio\build\m5stopwatch-measure\wpa_supplicant\src\crypto\aes-wrap.c.o
Compiling .pio\build\m5stopwatch-measure\wpa_supplicant\src\crypto\aes-unwrap.c.o
Compiling .pio\build\m5stopwatch-measure\wpa_supplicant\src\crypto\aes-ccm.c.o
Compiling .pio\build\m5stopwatch-measure\xtensa\eri.c.o
Compiling .pio\build\m5stopwatch-measure\xtensa\xt_trax.c.o
Compiling .pio\build\m5stopwatch-measure\xtensa\xtensa_context.S.o
Compiling .pio\build\m5stopwatch-measure\xtensa\xtensa_intr_asm.S.o
Compiling .pio\build\m5stopwatch-measure\xtensa\xtensa_intr.c.o
Compiling .pio\build\m5stopwatch-measure\xtensa\xtensa_vectors.S.o
Compiling .pio\build\m5stopwatch-measure\mbedtls\mbedtls\3rdparty\everest\library\everest.c.o
Compiling .pio\build\m5stopwatch-measure\mbedtls\mbedtls\3rdparty\everest\library\x25519.c.o
Compiling .pio\build\m5stopwatch-measure\mbedtls\mbedtls\3rdparty\everest\library\Hacl_Curve25519_joined.c.o
Compiling .pio\build\m5stopwatch-measure\mbedtls\mbedtls\library\aes.c.o
Compiling .pio\build\m5stopwatch-measure\mbedtls\mbedtls\library\aesni.c.o
Compiling .pio\build\m5stopwatch-measure\mbedtls\mbedtls\library\aesce.c.o
Compiling .pio\build\m5stopwatch-measure\mbedtls\mbedtls\library\aria.c.o
Compiling .pio\build\m5stopwatch-measure\mbedtls\mbedtls\library\asn1parse.c.o
Compiling .pio\build\m5stopwatch-measure\mbedtls\mbedtls\library\asn1write.c.o
Compiling .pio\build\m5stopwatch-measure\mbedtls\mbedtls\library\base64.c.o
Compiling .pio\build\m5stopwatch-measure\mbedtls\mbedtls\library\bignum.c.o
Compiling .pio\build\m5stopwatch-measure\mbedtls\mbedtls\library\bignum_core.c.o
Compiling .pio\build\m5stopwatch-measure\mbedtls\mbedtls\library\bignum_mod.c.o
Compiling .pio\build\m5stopwatch-measure\mbedtls\mbedtls\library\bignum_mod_raw.c.o
Compiling .pio\build\m5stopwatch-measure\mbedtls\mbedtls\library\block_cipher.c.o
Compiling .pio\build\m5stopwatch-measure\mbedtls\mbedtls\library\camellia.c.o
Compiling .pio\build\m5stopwatch-measure\mbedtls\mbedtls\library\ccm.c.o
Compiling .pio\build\m5stopwatch-measure\mbedtls\mbedtls\library\chacha20.c.o
Compiling .pio\build\m5stopwatch-measure\mbedtls\mbedtls\library\chachapoly.c.o
Archiving .pio\build\m5stopwatch-measure\esp-idf\xtensa\libxtensa.a
Archiving .pio\build\m5stopwatch-measure\esp-idf\wpa_supplicant\libwpa_supplicant.a
Archiving .pio\build\m5stopwatch-measure\esp-idf\mbedtls\mbedtls\3rdparty\everest\libeverest.a
Compiling .pio\build\m5stopwatch-measure\mbedtls\mbedtls\library\cipher.c.o
Compiling .pio\build\m5stopwatch-measure\mbedtls\mbedtls\library\cipher_wrap.c.o
Compiling .pio\build\m5stopwatch-measure\mbedtls\mbedtls\library\constant_time.c.o
Compiling .pio\build\m5stopwatch-measure\mbedtls\mbedtls\library\cmac.c.o
Compiling .pio\build\m5stopwatch-measure\mbedtls\mbedtls\library\ctr_drbg.c.o
Compiling .pio\build\m5stopwatch-measure\mbedtls\mbedtls\library\des.c.o
Compiling .pio\build\m5stopwatch-measure\mbedtls\mbedtls\library\dhm.c.o
Compiling .pio\build\m5stopwatch-measure\mbedtls\mbedtls\library\ecdh.c.o
Compiling .pio\build\m5stopwatch-measure\mbedtls\mbedtls\library\ecdsa.c.o
Compiling .pio\build\m5stopwatch-measure\mbedtls\mbedtls\library\ecjpake.c.o
Compiling .pio\build\m5stopwatch-measure\mbedtls\mbedtls\library\ecp.c.o
Indexing .pio\build\m5stopwatch-measure\esp-idf\xtensa\libxtensa.a
Indexing .pio\build\m5stopwatch-measure\esp-idf\mbedtls\mbedtls\3rdparty\everest\libeverest.a
Compiling .pio\build\m5stopwatch-measure\mbedtls\mbedtls\library\ecp_curves.c.o
Compiling .pio\build\m5stopwatch-measure\mbedtls\mbedtls\library\ecp_curves_new.c.o
Compiling .pio\build\m5stopwatch-measure\mbedtls\mbedtls\library\entropy.c.o
Compiling .pio\build\m5stopwatch-measure\mbedtls\mbedtls\library\entropy_poll.c.o
Compiling .pio\build\m5stopwatch-measure\mbedtls\mbedtls\library\error.c.o
Compiling .pio\build\m5stopwatch-measure\mbedtls\mbedtls\library\gcm.c.o
Compiling .pio\build\m5stopwatch-measure\mbedtls\mbedtls\library\hkdf.c.o
Compiling .pio\build\m5stopwatch-measure\mbedtls\mbedtls\library\hmac_drbg.c.o
Compiling .pio\build\m5stopwatch-measure\mbedtls\mbedtls\library\lmots.c.o
Compiling .pio\build\m5stopwatch-measure\mbedtls\mbedtls\library\lms.c.o
Indexing .pio\build\m5stopwatch-measure\esp-idf\wpa_supplicant\libwpa_supplicant.a
Compiling .pio\build\m5stopwatch-measure\mbedtls\mbedtls\library\md.c.o
Compiling .pio\build\m5stopwatch-measure\mbedtls\mbedtls\library\md5.c.o
Compiling .pio\build\m5stopwatch-measure\mbedtls\mbedtls\library\memory_buffer_alloc.c.o
Compiling .pio\build\m5stopwatch-measure\mbedtls\mbedtls\library\nist_kw.c.o
Compiling .pio\build\m5stopwatch-measure\mbedtls\mbedtls\library\oid.c.o
Compiling .pio\build\m5stopwatch-measure\mbedtls\mbedtls\library\padlock.c.o
Compiling .pio\build\m5stopwatch-measure\mbedtls\mbedtls\library\pem.c.o
Compiling .pio\build\m5stopwatch-measure\mbedtls\mbedtls\library\pk.c.o
Compiling .pio\build\m5stopwatch-measure\mbedtls\mbedtls\library\pk_ecc.c.o
Compiling .pio\build\m5stopwatch-measure\mbedtls\mbedtls\library\pk_wrap.c.o
Compiling .pio\build\m5stopwatch-measure\mbedtls\mbedtls\library\pkcs12.c.o
Compiling .pio\build\m5stopwatch-measure\mbedtls\mbedtls\library\pkcs5.c.o
Compiling .pio\build\m5stopwatch-measure\mbedtls\mbedtls\library\pkparse.c.o
Compiling .pio\build\m5stopwatch-measure\mbedtls\mbedtls\library\pkwrite.c.o
Compiling .pio\build\m5stopwatch-measure\mbedtls\mbedtls\library\platform.c.o
Compiling .pio\build\m5stopwatch-measure\mbedtls\mbedtls\library\platform_util.c.o
Compiling .pio\build\m5stopwatch-measure\mbedtls\mbedtls\library\poly1305.c.o
Compiling .pio\build\m5stopwatch-measure\mbedtls\mbedtls\library\psa_crypto.c.o
Compiling .pio\build\m5stopwatch-measure\mbedtls\mbedtls\library\psa_crypto_aead.c.o
Compiling .pio\build\m5stopwatch-measure\mbedtls\mbedtls\library\psa_crypto_cipher.c.o
Compiling .pio\build\m5stopwatch-measure\mbedtls\mbedtls\library\psa_crypto_client.c.o
Compiling .pio\build\m5stopwatch-measure\mbedtls\mbedtls\library\psa_crypto_driver_wrappers_no_static.c.o
Compiling .pio\build\m5stopwatch-measure\mbedtls\mbedtls\library\psa_crypto_ecp.c.o
Compiling .pio\build\m5stopwatch-measure\mbedtls\mbedtls\library\psa_crypto_ffdh.c.o
Compiling .pio\build\m5stopwatch-measure\mbedtls\mbedtls\library\psa_crypto_hash.c.o
Compiling .pio\build\m5stopwatch-measure\mbedtls\mbedtls\library\psa_crypto_mac.c.o
Compiling .pio\build\m5stopwatch-measure\mbedtls\mbedtls\library\psa_crypto_pake.c.o
Compiling .pio\build\m5stopwatch-measure\mbedtls\mbedtls\library\psa_crypto_rsa.c.o
Compiling .pio\build\m5stopwatch-measure\mbedtls\mbedtls\library\psa_crypto_se.c.o
Compiling .pio\build\m5stopwatch-measure\mbedtls\mbedtls\library\psa_crypto_slot_management.c.o
Compiling .pio\build\m5stopwatch-measure\mbedtls\mbedtls\library\psa_crypto_storage.c.o
Compiling .pio\build\m5stopwatch-measure\mbedtls\mbedtls\library\psa_its_file.c.o
Compiling .pio\build\m5stopwatch-measure\mbedtls\mbedtls\library\psa_util.c.o
Compiling .pio\build\m5stopwatch-measure\mbedtls\mbedtls\library\ripemd160.c.o
Compiling .pio\build\m5stopwatch-measure\mbedtls\mbedtls\library\rsa.c.o
Compiling .pio\build\m5stopwatch-measure\mbedtls\mbedtls\library\rsa_alt_helpers.c.o
Compiling .pio\build\m5stopwatch-measure\mbedtls\mbedtls\library\sha1.c.o
Compiling .pio\build\m5stopwatch-measure\mbedtls\mbedtls\library\sha256.c.o
Compiling .pio\build\m5stopwatch-measure\mbedtls\mbedtls\library\sha512.c.o
Compiling .pio\build\m5stopwatch-measure\mbedtls\mbedtls\library\sha3.c.o
Compiling .pio\build\m5stopwatch-measure\mbedtls\mbedtls\library\threading.c.o
Compiling .pio\build\m5stopwatch-measure\mbedtls\mbedtls\library\timing.c.o
Compiling .pio\build\m5stopwatch-measure\mbedtls\mbedtls\library\version.c.o
Compiling .pio\build\m5stopwatch-measure\mbedtls\mbedtls\library\version_features.c.o
Compiling .pio\build\m5stopwatch-measure\mbedtls\port\sha\core\esp_sha_gdma_impl.c.o
Compiling .pio\build\m5stopwatch-measure\mbedtls\port\aes\dma\esp_aes_gdma_impl.c.o
Compiling .pio\build\m5stopwatch-measure\mbedtls\port\aes\dma\esp_aes_dma_core.c.o
Compiling .pio\build\m5stopwatch-measure\mbedtls\port\crypto_shared_gdma\esp_crypto_shared_gdma.c.o
Compiling .pio\build\m5stopwatch-measure\mbedtls\port\esp_hardware.c.o
Compiling .pio\build\m5stopwatch-measure\mbedtls\port\esp_mem.c.o
Compiling .pio\build\m5stopwatch-measure\mbedtls\port\esp_timing.c.o
Compiling .pio\build\m5stopwatch-measure\mbedtls\port\aes\esp_aes_xts.c.o
Compiling .pio\build\m5stopwatch-measure\mbedtls\port\aes\esp_aes_common.c.o
Compiling .pio\build\m5stopwatch-measure\mbedtls\port\aes\dma\esp_aes.c.o
Compiling .pio\build\m5stopwatch-measure\mbedtls\port\sha\esp_sha.c.o
Compiling .pio\build\m5stopwatch-measure\mbedtls\port\sha\core\sha.c.o
Compiling .pio\build\m5stopwatch-measure\mbedtls\port\esp_ds\esp_rsa_sign_alt.c.o
Compiling .pio\build\m5stopwatch-measure\mbedtls\port\bignum\esp_bignum.c.o
Compiling .pio\build\m5stopwatch-measure\mbedtls\port\bignum\bignum_alt.c.o
Compiling .pio\build\m5stopwatch-measure\mbedtls\port\sha\core\esp_sha1.c.o
Compiling .pio\build\m5stopwatch-measure\mbedtls\port\sha\core\esp_sha256.c.o
Compiling .pio\build\m5stopwatch-measure\mbedtls\port\sha\core\esp_sha512.c.o
Compiling .pio\build\m5stopwatch-measure\mbedtls\port\aes\esp_aes_gcm.c.o
Compiling .pio\build\m5stopwatch-measure\mbedtls\port\md\esp_md.c.o
Compiling .pio\build\m5stopwatch-measure\mbedtls\mbedtls\library\debug.c.o
Compiling .pio\build\m5stopwatch-measure\mbedtls\mbedtls\library\mps_reader.c.o
Compiling .pio\build\m5stopwatch-measure\mbedtls\mbedtls\library\mps_trace.c.o
Compiling .pio\build\m5stopwatch-measure\mbedtls\mbedtls\library\ssl_cache.c.o
Compiling .pio\build\m5stopwatch-measure\mbedtls\mbedtls\library\ssl_ciphersuites.c.o
Compiling .pio\build\m5stopwatch-measure\mbedtls\mbedtls\library\ssl_client.c.o
Compiling .pio\build\m5stopwatch-measure\mbedtls\mbedtls\library\ssl_cookie.c.o
Compiling .pio\build\m5stopwatch-measure\mbedtls\mbedtls\library\ssl_debug_helpers_generated.c.o
Compiling .pio\build\m5stopwatch-measure\mbedtls\mbedtls\library\ssl_msg.c.o
Compiling .pio\build\m5stopwatch-measure\mbedtls\mbedtls\library\ssl_ticket.c.o
Compiling .pio\build\m5stopwatch-measure\mbedtls\mbedtls\library\ssl_tls.c.o
Compiling .pio\build\m5stopwatch-measure\mbedtls\mbedtls\library\ssl_tls12_client.c.o
Compiling .pio\build\m5stopwatch-measure\mbedtls\mbedtls\library\ssl_tls12_server.c.o
Compiling .pio\build\m5stopwatch-measure\mbedtls\mbedtls\library\ssl_tls13_keys.c.o
Compiling .pio\build\m5stopwatch-measure\mbedtls\mbedtls\library\ssl_tls13_server.c.o
Compiling .pio\build\m5stopwatch-measure\mbedtls\mbedtls\library\ssl_tls13_client.c.o
Compiling .pio\build\m5stopwatch-measure\mbedtls\mbedtls\library\ssl_tls13_generic.c.o
Compiling .pio\build\m5stopwatch-measure\mbedtls\port\mbedtls_debug.c.o
Compiling .pio\build\m5stopwatch-measure\mbedtls\port\esp_platform_time.c.o
Compiling .pio\build\m5stopwatch-measure\mbedtls\port\net_sockets.c.o
Compiling .pio\build\m5stopwatch-measure\mbedtls\mbedtls\library\pkcs7.c.o
Compiling .pio\build\m5stopwatch-measure\mbedtls\mbedtls\library\x509.c.o
Compiling .pio\build\m5stopwatch-measure\mbedtls\mbedtls\library\x509_create.c.o
Compiling .pio\build\m5stopwatch-measure\mbedtls\mbedtls\library\x509_crl.c.o
Compiling .pio\build\m5stopwatch-measure\mbedtls\mbedtls\library\x509_crt.c.o
Compiling .pio\build\m5stopwatch-measure\mbedtls\mbedtls\library\x509_csr.c.o
Compiling .pio\build\m5stopwatch-measure\mbedtls\mbedtls\library\x509write.c.o
Compiling .pio\build\m5stopwatch-measure\mbedtls\mbedtls\library\x509write_crt.c.o
Compiling .pio\build\m5stopwatch-measure\mbedtls\mbedtls\library\x509write_csr.c.o
Compiling .pio\build\m5stopwatch-measure\mbedtls\mbedtls\3rdparty\p256-m\p256-m_driver_entrypoints.c.o
Compiling .pio\build\m5stopwatch-measure\mbedtls\mbedtls\3rdparty\p256-m\p256-m\p256-m.c.o
Compiling .pio\build\m5stopwatch-measure\bootloader\xtensa\eri.c.o
Compiling .pio\build\m5stopwatch-measure\bootloader\xtensa\xt_trax.c.o
Compiling .pio\build\m5stopwatch-measure\bootloader\main\bootloader_start.c.o
Compiling .pio\build\m5stopwatch-measure\bootloader\bootloader_support\src\bootloader_common.c.o
Compiling .pio\build\m5stopwatch-measure\bootloader\bootloader_support\src\bootloader_common_loader.c.o
Compiling .pio\build\m5stopwatch-measure\bootloader\bootloader_support\src\bootloader_clock_init.c.o
Compiling .pio\build\m5stopwatch-measure\bootloader\bootloader_support\src\bootloader_mem.c.o
Compiling .pio\build\m5stopwatch-measure\bootloader\bootloader_support\src\bootloader_random.c.o
Compiling .pio\build\m5stopwatch-measure\bootloader\bootloader_support\src\bootloader_efuse.c.o
Compiling .pio\build\m5stopwatch-measure\bootloader\bootloader_support\src\flash_encrypt.c.o
Compiling .pio\build\m5stopwatch-measure\bootloader\bootloader_support\src\secure_boot.c.o
Compiling .pio\build\m5stopwatch-measure\bootloader\bootloader_support\src\bootloader_random_esp32s3.c.o
Compiling .pio\build\m5stopwatch-measure\bootloader\bootloader_support\bootloader_flash\src\bootloader_flash.c.o
Compiling .pio\build\m5stopwatch-measure\bootloader\bootloader_support\bootloader_flash\src\flash_qio_mode.c.o
Compiling .pio\build\m5stopwatch-measure\bootloader\bootloader_support\bootloader_flash\src\bootloader_flash_config_esp32s3.c.o
Compiling .pio\build\m5stopwatch-measure\bootloader\bootloader_support\src\bootloader_utility.c.o
Archiving .pio\build\m5stopwatch-measure\bootloader\esp-idf\xtensa\libxtensa.a
Archiving .pio\build\m5stopwatch-measure\bootloader\esp-idf\main\libmain.a
Archiving .pio\build\m5stopwatch-measure\esp-idf\mbedtls\mbedtls\3rdparty\p256-m\libp256m.a
Archiving .pio\build\m5stopwatch-measure\esp-idf\mbedtls\mbedtls\library\libmbedcrypto.a
Compiling .pio\build\m5stopwatch-measure\bootloader\bootloader_support\src\flash_partitions.c.o
Compiling .pio\build\m5stopwatch-measure\bootloader\bootloader_support\src\esp_image_format.c.o
Compiling .pio\build\m5stopwatch-measure\bootloader\bootloader_support\src\bootloader_sha.c.o
Compiling .pio\build\m5stopwatch-measure\bootloader\bootloader_support\src\bootloader_init.c.o
Compiling .pio\build\m5stopwatch-measure\bootloader\bootloader_support\src\bootloader_clock_loader.c.o
Compiling .pio\build\m5stopwatch-measure\bootloader\bootloader_support\src\bootloader_console.c.o
Compiling .pio\build\m5stopwatch-measure\bootloader\bootloader_support\src\bootloader_console_loader.c.o
Indexing .pio\build\m5stopwatch-measure\bootloader\esp-idf\main\libmain.a
Indexing .pio\build\m5stopwatch-measure\bootloader\esp-idf\xtensa\libxtensa.a
Compiling .pio\build\m5stopwatch-measure\bootloader\bootloader_support\src\esp32s3\bootloader_soc.c.o
Compiling .pio\build\m5stopwatch-measure\bootloader\bootloader_support\src\esp32s3\bootloader_esp32s3.c.o
Indexing .pio\build\m5stopwatch-measure\esp-idf\mbedtls\mbedtls\3rdparty\p256-m\libp256m.a
Compiling .pio\build\m5stopwatch-measure\bootloader\bootloader_support\src\bootloader_panic.c.o
Compiling .pio\build\m5stopwatch-measure\bootloader\efuse\esp32s3\esp_efuse_table.c.o
Compiling .pio\build\m5stopwatch-measure\bootloader\efuse\esp32s3\esp_efuse_fields.c.o
Compiling .pio\build\m5stopwatch-measure\bootloader\efuse\esp32s3\esp_efuse_rtc_calib.c.o
Compiling .pio\build\m5stopwatch-measure\bootloader\efuse\esp32s3\esp_efuse_utility.c.o
Indexing .pio\build\m5stopwatch-measure\esp-idf\mbedtls\mbedtls\library\libmbedcrypto.a
Compiling .pio\build\m5stopwatch-measure\bootloader\efuse\src\esp_efuse_api.c.o
Archiving .pio\build\m5stopwatch-measure\esp-idf\mbedtls\mbedtls\library\libmbedtls.a
Compiling .pio\build\m5stopwatch-measure\bootloader\efuse\src\esp_efuse_fields.c.o
Compiling .pio\build\m5stopwatch-measure\bootloader\efuse\src\esp_efuse_utility.c.o
Compiling .pio\build\m5stopwatch-measure\bootloader\efuse\src\efuse_controller\keys\with_key_purposes\esp_efuse_api_key.c.o
Compiling .pio\build\m5stopwatch-measure\bootloader\esp_bootloader_format\esp_bootloader_desc.c.o
Compiling .pio\build\m5stopwatch-measure\bootloader\esp_common\src\esp_err_to_name.c.o
Compiling .pio\build\m5stopwatch-measure\bootloader\esp_hw_support\cpu.c.o
Compiling .pio\build\m5stopwatch-measure\bootloader\esp_hw_support\port\esp32s3\esp_cpu_intr.c.o
Compiling .pio\build\m5stopwatch-measure\bootloader\esp_hw_support\esp_memory_utils.c.o
Compiling .pio\build\m5stopwatch-measure\bootloader\esp_hw_support\port\esp32s3\cpu_region_protect.c.o
Compiling .pio\build\m5stopwatch-measure\bootloader\esp_hw_support\port\esp32s3\rtc_clk.c.o
Archiving .pio\build\m5stopwatch-measure\esp-idf\mbedtls\mbedtls\library\libmbedx509.a
Compiling .pio\build\m5stopwatch-measure\bootloader\esp_hw_support\port\esp32s3\rtc_clk_init.c.o
Indexing .pio\build\m5stopwatch-measure\esp-idf\mbedtls\mbedtls\library\libmbedtls.a
Compiling .pio\build\m5stopwatch-measure\bootloader\esp_hw_support\port\esp32s3\rtc_init.c.o
Compiling .pio\build\m5stopwatch-measure\bootloader\esp_hw_support\port\esp32s3\rtc_sleep.c.o
Compiling .pio\build\m5stopwatch-measure\bootloader\esp_hw_support\port\esp32s3\rtc_time.c.o
Compiling .pio\build\m5stopwatch-measure\bootloader\esp_hw_support\port\esp32s3\chip_info.c.o
Compiling .pio\build\m5stopwatch-measure\bootloader\esp_rom\patches\esp_rom_sys.c.o
Compiling .pio\build\m5stopwatch-measure\bootloader\esp_rom\patches\esp_rom_print.c.o
Compiling .pio\build\m5stopwatch-measure\bootloader\esp_rom\patches\esp_rom_crc.c.o
Compiling .pio\build\m5stopwatch-measure\bootloader\esp_rom\patches\esp_rom_uart.c.o
Archiving .pio\build\m5stopwatch-measure\bootloader\esp-idf\bootloader_support\libbootloader_support.a
Compiling .pio\build\m5stopwatch-measure\bootloader\esp_rom\patches\esp_rom_spiflash.c.o
Compiling .pio\build\m5stopwatch-measure\bootloader\esp_rom\patches\esp_rom_efuse.c.o
Compiling .pio\build\m5stopwatch-measure\bootloader\esp_rom\patches\esp_rom_gpio.c.o
Indexing .pio\build\m5stopwatch-measure\esp-idf\mbedtls\mbedtls\library\libmbedx509.a
Archiving .pio\build\m5stopwatch-measure\bootloader\esp-idf\esp_bootloader_format\libesp_bootloader_format.a
Archiving .pio\build\m5stopwatch-measure\bootloader\esp-idf\esp_common\libesp_common.a
Compiling .pio\build\m5stopwatch-measure\bootloader\esp_rom\patches\esp_rom_longjmp.S.o
Compiling .pio\build\m5stopwatch-measure\bootloader\esp_rom\patches\esp_rom_systimer.c.o
Indexing .pio\build\m5stopwatch-measure\bootloader\esp-idf\bootloader_support\libbootloader_support.a
Compiling .pio\build\m5stopwatch-measure\bootloader\esp_rom\patches\esp_rom_wdt.c.o
*** [.pio\build\m5stopwatch-measure\bootloader\esp-idf\esp_common\libesp_common.a] Error 1
Indexing .pio\build\m5stopwatch-measure\bootloader\esp-idf\esp_bootloader_format\libesp_bootloader_format.a
========================= [FAILED] Took 22.53 seconds =========================

Environment          Status    Duration
-------------------  --------  ------------
m5stopwatch-measure  FAILED    00:00:22.535
==================== 1 failed, 0 succeeded in 00:00:22.535 ====================
