Processing m5stopwatch (platform: espressif32 @ 6.12.0; framework: espidf; board: m5stack-cores3)
--------------------------------------------------------------------------------
Verbose mode can be enabled via `-v, --verbose` option
CONFIGURATION: https://docs.platformio.org/page/boards/espressif32/m5stack-cores3.html
PLATFORM: Espressif 32 (6.12.0) > M5Stack CoreS3
HARDWARE: ESP32S3 240MHz, 320KB RAM, 4MB Flash
DEBUG: Current (cmsis-dap) External (cmsis-dap, esp-bridge, esp-builtin, esp-prog, iot-bus-jtag, jlink, minimodule, olimex-arm-usb-ocd, olimex-arm-usb-ocd-h, olimex-arm-usb-tiny-h, olimex-jtag-tiny, tumpa)
PACKAGES: 
 - framework-espidf @ 3.50500.0 (5.5.0) 
 - tool-cmake @ 3.30.2 
 - tool-esp-rom-elfs @ 0.0.1+20241011 
 - tool-esptoolpy @ 2.40900.250804 (4.9.0) 
 - tool-idf @ 1.0.1 
 - tool-mconf @ 1.4060000.20190628 (406.0.0) 
 - tool-ninja @ 1.9.0 
 - tool-riscv32-esp-elf-gdb @ 11.2.0+20220823 
 - tool-xtensa-esp-elf-gdb @ 11.2.0+20230208 
 - toolchain-esp32ulp @ 1.23800.240113 (2.38.0) 
 - toolchain-riscv32-esp @ 14.2.0+20241119 
 - toolchain-xtensa-esp-elf @ 14.2.0+20241119
Reading CMake configuration...
LDF: Library Dependency Finder -> https://bit.ly/configure-pio-ldf
LDF Modes: Finder ~ chain, Compatibility ~ soft
Found 4 compatible libraries
Scanning dependencies...
Dependency Graph
|-- M5Unified @ 0.2.16
|-- M5GFX @ 0.2.28
|-- M5StopWatch-MultiFirm @ 0.1.0+sha.f5a8fd8
Building in release mode
Archiving .pio\build\m5stopwatch\esp-idf\touch_element\libtouch_element.a
Archiving .pio\build\m5stopwatch\esp-idf\unity\libunity.a
Indexing .pio\build\m5stopwatch\esp-idf\touch_element\libtouch_element.a
Indexing .pio\build\m5stopwatch\esp-idf\unity\libunity.a
Compiling .pio\build\m5stopwatch\usb\enum.c.o
Compiling .pio\build\m5stopwatch\usb\usbh.c.o
Compiling .pio\build\m5stopwatch\usb\usb_phy.c.o
Compiling .pio\build\m5stopwatch\vfs\vfs.c.o
Archiving .pio\build\m5stopwatch\esp-idf\usb\libusb.a
Indexing .pio\build\m5stopwatch\esp-idf\usb\libusb.a
Compiling .pio\build\m5stopwatch\vfs\vfs_eventfd.c.o
Compiling .pio\build\m5stopwatch\vfs\vfs_semihost.c.o
Compiling .pio\build\m5stopwatch\vfs\nullfs.c.o
Compiling .pio\build\m5stopwatch\wear_levelling\Partition.cpp.o
Archiving .pio\build\m5stopwatch\esp-idf\vfs\libvfs.a
Indexing .pio\build\m5stopwatch\esp-idf\vfs\libvfs.a
Compiling .pio\build\m5stopwatch\wear_levelling\SPI_Flash.cpp.o
Compiling .pio\build\m5stopwatch\wear_levelling\WL_Ext_Perf.cpp.o
Compiling .pio\build\m5stopwatch\wear_levelling\WL_Ext_Safe.cpp.o
Compiling .pio\build\m5stopwatch\wear_levelling\WL_Flash.cpp.o
Compiling .pio\build\m5stopwatch\wear_levelling\crc32.cpp.o
Compiling .pio\build\m5stopwatch\wear_levelling\wear_levelling.cpp.o
Compiling .pio\build\m5stopwatch\wifi_provisioning\src\wifi_config.c.o
Archiving .pio\build\m5stopwatch\esp-idf\wear_levelling\libwear_levelling.a
Indexing .pio\build\m5stopwatch\esp-idf\wear_levelling\libwear_levelling.a
Compiling .pio\build\m5stopwatch\wifi_provisioning\src\wifi_scan.c.o
Compiling .pio\build\m5stopwatch\wifi_provisioning\src\wifi_ctrl.c.o
Compiling .pio\build\m5stopwatch\wifi_provisioning\src\manager.c.o
Compiling .pio\build\m5stopwatch\wifi_provisioning\src\handlers.c.o
Compiling .pio\build\m5stopwatch\wifi_provisioning\src\scheme_console.c.o
Compiling .pio\build\m5stopwatch\wifi_provisioning\proto-c\wifi_config.pb-c.c.o
Compiling .pio\build\m5stopwatch\wifi_provisioning\proto-c\wifi_scan.pb-c.c.o
Compiling .pio\build\m5stopwatch\wifi_provisioning\proto-c\wifi_ctrl.pb-c.c.o
Compiling .pio\build\m5stopwatch\wifi_provisioning\proto-c\wifi_constants.pb-c.c.o
Compiling .pio\build\m5stopwatch\wifi_provisioning\src\scheme_softap.c.o
Compiling .pio\build\m5stopwatch\wpa_supplicant\port\os_xtensa.c.o
Archiving .pio\build\m5stopwatch\esp-idf\wifi_provisioning\libwifi_provisioning.a
Indexing .pio\build\m5stopwatch\esp-idf\wifi_provisioning\libwifi_provisioning.a
Compiling .pio\build\m5stopwatch\wpa_supplicant\port\eloop.c.o
Compiling .pio\build\m5stopwatch\wpa_supplicant\src\ap\ap_config.c.o
Compiling .pio\build\m5stopwatch\wpa_supplicant\src\ap\ieee802_1x.c.o
Compiling .pio\build\m5stopwatch\wpa_supplicant\src\ap\wpa_auth.c.o
Compiling .pio\build\m5stopwatch\wpa_supplicant\src\ap\wpa_auth_ie.c.o
Compiling .pio\build\m5stopwatch\wpa_supplicant\src\ap\pmksa_cache_auth.c.o
Compiling .pio\build\m5stopwatch\wpa_supplicant\src\ap\sta_info.c.o
Compiling .pio\build\m5stopwatch\wpa_supplicant\src\ap\ieee802_11.c.o
Compiling .pio\build\m5stopwatch\wpa_supplicant\src\ap\comeback_token.c.o
Compiling .pio\build\m5stopwatch\wpa_supplicant\src\common\sae.c.o
Compiling .pio\build\m5stopwatch\wpa_supplicant\src\common\dragonfly.c.o
Compiling .pio\build\m5stopwatch\wpa_supplicant\src\common\wpa_common.c.o
Compiling .pio\build\m5stopwatch\wpa_supplicant\src\utils\bitfield.c.o
Compiling .pio\build\m5stopwatch\wpa_supplicant\src\crypto\aes-siv.c.o
Compiling .pio\build\m5stopwatch\wpa_supplicant\src\crypto\sha256-kdf.c.o
Compiling .pio\build\m5stopwatch\wpa_supplicant\src\crypto\ccmp.c.o
Compiling .pio\build\m5stopwatch\wpa_supplicant\src\crypto\aes-gcm.c.o
Compiling .pio\build\m5stopwatch\wpa_supplicant\src\crypto\crypto_ops.c.o
Compiling .pio\build\m5stopwatch\wpa_supplicant\src\crypto\dh_group5.c.o
Compiling .pio\build\m5stopwatch\wpa_supplicant\src\crypto\dh_groups.c.o
Compiling .pio\build\m5stopwatch\wpa_supplicant\src\crypto\ms_funcs.c.o
Compiling .pio\build\m5stopwatch\wpa_supplicant\src\crypto\sha1-tlsprf.c.o
Compiling .pio\build\m5stopwatch\wpa_supplicant\src\crypto\sha256-tlsprf.c.o
Compiling .pio\build\m5stopwatch\wpa_supplicant\src\crypto\sha384-tlsprf.c.o
Compiling .pio\build\m5stopwatch\wpa_supplicant\src\crypto\sha256-prf.c.o
Compiling .pio\build\m5stopwatch\wpa_supplicant\src\crypto\sha1-prf.c.o
Compiling .pio\build\m5stopwatch\wpa_supplicant\src\crypto\sha384-prf.c.o
Compiling .pio\build\m5stopwatch\wpa_supplicant\src\crypto\md4-internal.c.o
Compiling .pio\build\m5stopwatch\wpa_supplicant\src\crypto\sha1-tprf.c.o
Compiling .pio\build\m5stopwatch\wpa_supplicant\src\eap_common\eap_wsc_common.c.o
Compiling .pio\build\m5stopwatch\wpa_supplicant\src\common\ieee802_11_common.c.o
Compiling .pio\build\m5stopwatch\wpa_supplicant\src\eap_peer\chap.c.o
Compiling .pio\build\m5stopwatch\wpa_supplicant\src\eap_peer\eap.c.o
Compiling .pio\build\m5stopwatch\wpa_supplicant\src\eap_peer\eap_common.c.o
Compiling .pio\build\m5stopwatch\wpa_supplicant\src\eap_peer\eap_mschapv2.c.o
Compiling .pio\build\m5stopwatch\wpa_supplicant\src\eap_peer\eap_peap.c.o
Compiling .pio\build\m5stopwatch\wpa_supplicant\src\eap_peer\eap_peap_common.c.o
Compiling .pio\build\m5stopwatch\wpa_supplicant\src\eap_peer\eap_tls.c.o
Compiling .pio\build\m5stopwatch\wpa_supplicant\src\eap_peer\eap_tls_common.c.o
Compiling .pio\build\m5stopwatch\wpa_supplicant\src\eap_peer\eap_ttls.c.o
Compiling .pio\build\m5stopwatch\wpa_supplicant\src\eap_peer\mschapv2.c.o
Compiling .pio\build\m5stopwatch\wpa_supplicant\src\eap_peer\eap_fast.c.o
Compiling .pio\build\m5stopwatch\wpa_supplicant\src\eap_peer\eap_fast_common.c.o
Compiling .pio\build\m5stopwatch\wpa_supplicant\src\eap_peer\eap_fast_pac.c.o
Compiling .pio\build\m5stopwatch\wpa_supplicant\src\rsn_supp\pmksa_cache.c.o
Compiling .pio\build\m5stopwatch\wpa_supplicant\src\rsn_supp\wpa.c.o
Compiling .pio\build\m5stopwatch\wpa_supplicant\src\rsn_supp\wpa_ie.c.o
Compiling .pio\build\m5stopwatch\wpa_supplicant\src\utils\base64.c.o
Compiling .pio\build\m5stopwatch\wpa_supplicant\src\utils\common.c.o
Compiling .pio\build\m5stopwatch\wpa_supplicant\src\utils\ext_password.c.o
Compiling .pio\build\m5stopwatch\wpa_supplicant\src\utils\uuid.c.o
Compiling .pio\build\m5stopwatch\wpa_supplicant\src\utils\wpabuf.c.o
Compiling .pio\build\m5stopwatch\wpa_supplicant\src\utils\wpa_debug.c.o
Compiling .pio\build\m5stopwatch\wpa_supplicant\src\utils\json.c.o
Compiling .pio\build\m5stopwatch\wpa_supplicant\src\wps\wps.c.o
Compiling .pio\build\m5stopwatch\wpa_supplicant\src\wps\wps_attr_build.c.o
Compiling .pio\build\m5stopwatch\wpa_supplicant\src\wps\wps_attr_parse.c.o
Compiling .pio\build\m5stopwatch\wpa_supplicant\src\wps\wps_attr_process.c.o
Compiling .pio\build\m5stopwatch\wpa_supplicant\src\wps\wps_common.c.o
Compiling .pio\build\m5stopwatch\wpa_supplicant\src\wps\wps_dev_attr.c.o
Compiling .pio\build\m5stopwatch\wpa_supplicant\src\wps\wps_enrollee.c.o
Compiling .pio\build\m5stopwatch\wpa_supplicant\src\common\sae_pk.c.o
Compiling .pio\build\m5stopwatch\wpa_supplicant\esp_supplicant\src\esp_eap_client.c.o
Compiling .pio\build\m5stopwatch\wpa_supplicant\esp_supplicant\src\esp_wpa2_api_port.c.o
Compiling .pio\build\m5stopwatch\wpa_supplicant\esp_supplicant\src\esp_wpa_main.c.o
Compiling .pio\build\m5stopwatch\wpa_supplicant\esp_supplicant\src\esp_wpas_glue.c.o
Compiling .pio\build\m5stopwatch\wpa_supplicant\esp_supplicant\src\esp_common.c.o
Compiling .pio\build\m5stopwatch\wpa_supplicant\esp_supplicant\src\esp_wps.c.o
Compiling .pio\build\m5stopwatch\wpa_supplicant\esp_supplicant\src\esp_wpa3.c.o
Compiling .pio\build\m5stopwatch\wpa_supplicant\esp_supplicant\src\esp_owe.c.o
Compiling .pio\build\m5stopwatch\wpa_supplicant\esp_supplicant\src\esp_hostap.c.o
Compiling .pio\build\m5stopwatch\wpa_supplicant\esp_supplicant\src\crypto\tls_mbedtls.c.o
Compiling .pio\build\m5stopwatch\wpa_supplicant\esp_supplicant\src\crypto\crypto_mbedtls.c.o
Compiling .pio\build\m5stopwatch\wpa_supplicant\esp_supplicant\src\crypto\crypto_mbedtls-bignum.c.o
Compiling .pio\build\m5stopwatch\wpa_supplicant\esp_supplicant\src\crypto\crypto_mbedtls-rsa.c.o
Compiling .pio\build\m5stopwatch\wpa_supplicant\esp_supplicant\src\crypto\crypto_mbedtls-ec.c.o
Compiling .pio\build\m5stopwatch\wpa_supplicant\esp_supplicant\src\crypto\fastpsk.c.o
Compiling .pio\build\m5stopwatch\wpa_supplicant\src\crypto\rc4.c.o
Compiling .pio\build\m5stopwatch\wpa_supplicant\src\crypto\des-internal.c.o
Compiling .pio\build\m5stopwatch\wpa_supplicant\esp_supplicant\src\crypto\fastpbkdf2.c.o
Compiling .pio\build\m5stopwatch\wpa_supplicant\src\crypto\aes-wrap.c.o
Compiling .pio\build\m5stopwatch\wpa_supplicant\src\crypto\aes-unwrap.c.o
Compiling .pio\build\m5stopwatch\wpa_supplicant\src\crypto\aes-ccm.c.o
Compiling .pio\build\m5stopwatch\xtensa\eri.c.o
Compiling .pio\build\m5stopwatch\xtensa\xt_trax.c.o
Archiving .pio\build\m5stopwatch\esp-idf\wpa_supplicant\libwpa_supplicant.a
Compiling .pio\build\m5stopwatch\xtensa\xtensa_context.S.o
Indexing .pio\build\m5stopwatch\esp-idf\wpa_supplicant\libwpa_supplicant.a
Compiling .pio\build\m5stopwatch\xtensa\xtensa_intr_asm.S.o
Compiling .pio\build\m5stopwatch\xtensa\xtensa_intr.c.o
Compiling .pio\build\m5stopwatch\xtensa\xtensa_vectors.S.o
Compiling .pio\build\m5stopwatch\mbedtls\mbedtls\3rdparty\everest\library\everest.c.o
Archiving .pio\build\m5stopwatch\esp-idf\xtensa\libxtensa.a
Indexing .pio\build\m5stopwatch\esp-idf\xtensa\libxtensa.a
Compiling .pio\build\m5stopwatch\mbedtls\mbedtls\3rdparty\everest\library\x25519.c.o
Compiling .pio\build\m5stopwatch\mbedtls\mbedtls\3rdparty\everest\library\Hacl_Curve25519_joined.c.o
Compiling .pio\build\m5stopwatch\mbedtls\mbedtls\library\aes.c.o
Archiving .pio\build\m5stopwatch\esp-idf\mbedtls\mbedtls\3rdparty\everest\libeverest.a
Indexing .pio\build\m5stopwatch\esp-idf\mbedtls\mbedtls\3rdparty\everest\libeverest.a
Compiling .pio\build\m5stopwatch\mbedtls\mbedtls\library\aesni.c.o
Compiling .pio\build\m5stopwatch\mbedtls\mbedtls\library\aesce.c.o
Compiling .pio\build\m5stopwatch\mbedtls\mbedtls\library\aria.c.o
Compiling .pio\build\m5stopwatch\mbedtls\mbedtls\library\asn1parse.c.o
Compiling .pio\build\m5stopwatch\mbedtls\mbedtls\library\asn1write.c.o
Compiling .pio\build\m5stopwatch\mbedtls\mbedtls\library\base64.c.o
Compiling .pio\build\m5stopwatch\mbedtls\mbedtls\library\bignum.c.o
Compiling .pio\build\m5stopwatch\mbedtls\mbedtls\library\bignum_core.c.o
Compiling .pio\build\m5stopwatch\mbedtls\mbedtls\library\bignum_mod.c.o
Compiling .pio\build\m5stopwatch\mbedtls\mbedtls\library\bignum_mod_raw.c.o
Compiling .pio\build\m5stopwatch\mbedtls\mbedtls\library\block_cipher.c.o
Compiling .pio\build\m5stopwatch\mbedtls\mbedtls\library\camellia.c.o
Compiling .pio\build\m5stopwatch\mbedtls\mbedtls\library\ccm.c.o
Compiling .pio\build\m5stopwatch\mbedtls\mbedtls\library\chacha20.c.o
Compiling .pio\build\m5stopwatch\mbedtls\mbedtls\library\chachapoly.c.o
Compiling .pio\build\m5stopwatch\mbedtls\mbedtls\library\cipher.c.o
Compiling .pio\build\m5stopwatch\mbedtls\mbedtls\library\cipher_wrap.c.o
Compiling .pio\build\m5stopwatch\mbedtls\mbedtls\library\constant_time.c.o
Compiling .pio\build\m5stopwatch\mbedtls\mbedtls\library\cmac.c.o
Compiling .pio\build\m5stopwatch\mbedtls\mbedtls\library\ctr_drbg.c.o
Compiling .pio\build\m5stopwatch\mbedtls\mbedtls\library\des.c.o
Compiling .pio\build\m5stopwatch\mbedtls\mbedtls\library\dhm.c.o
Compiling .pio\build\m5stopwatch\mbedtls\mbedtls\library\ecdh.c.o
Compiling .pio\build\m5stopwatch\mbedtls\mbedtls\library\ecdsa.c.o
Compiling .pio\build\m5stopwatch\mbedtls\mbedtls\library\ecjpake.c.o
Compiling .pio\build\m5stopwatch\mbedtls\mbedtls\library\ecp.c.o
Compiling .pio\build\m5stopwatch\mbedtls\mbedtls\library\ecp_curves.c.o
Compiling .pio\build\m5stopwatch\mbedtls\mbedtls\library\ecp_curves_new.c.o
Compiling .pio\build\m5stopwatch\mbedtls\mbedtls\library\entropy.c.o
Compiling .pio\build\m5stopwatch\mbedtls\mbedtls\library\entropy_poll.c.o
Compiling .pio\build\m5stopwatch\mbedtls\mbedtls\library\error.c.o
Compiling .pio\build\m5stopwatch\mbedtls\mbedtls\library\gcm.c.o
Compiling .pio\build\m5stopwatch\mbedtls\mbedtls\library\hkdf.c.o
Compiling .pio\build\m5stopwatch\mbedtls\mbedtls\library\hmac_drbg.c.o
Compiling .pio\build\m5stopwatch\mbedtls\mbedtls\library\lmots.c.o
Compiling .pio\build\m5stopwatch\mbedtls\mbedtls\library\lms.c.o
Compiling .pio\build\m5stopwatch\mbedtls\mbedtls\library\md.c.o
Compiling .pio\build\m5stopwatch\mbedtls\mbedtls\library\md5.c.o
Compiling .pio\build\m5stopwatch\mbedtls\mbedtls\library\memory_buffer_alloc.c.o
Compiling .pio\build\m5stopwatch\mbedtls\mbedtls\library\nist_kw.c.o
Compiling .pio\build\m5stopwatch\mbedtls\mbedtls\library\oid.c.o
Compiling .pio\build\m5stopwatch\mbedtls\mbedtls\library\padlock.c.o
Compiling .pio\build\m5stopwatch\mbedtls\mbedtls\library\pem.c.o
Compiling .pio\build\m5stopwatch\mbedtls\mbedtls\library\pk.c.o
Compiling .pio\build\m5stopwatch\mbedtls\mbedtls\library\pk_ecc.c.o
Compiling .pio\build\m5stopwatch\mbedtls\mbedtls\library\pk_wrap.c.o
Compiling .pio\build\m5stopwatch\mbedtls\mbedtls\library\pkcs12.c.o
Compiling .pio\build\m5stopwatch\mbedtls\mbedtls\library\pkcs5.c.o
Compiling .pio\build\m5stopwatch\mbedtls\mbedtls\library\pkparse.c.o
Compiling .pio\build\m5stopwatch\mbedtls\mbedtls\library\pkwrite.c.o
Compiling .pio\build\m5stopwatch\mbedtls\mbedtls\library\platform.c.o
Compiling .pio\build\m5stopwatch\mbedtls\mbedtls\library\platform_util.c.o
Compiling .pio\build\m5stopwatch\mbedtls\mbedtls\library\poly1305.c.o
Compiling .pio\build\m5stopwatch\mbedtls\mbedtls\library\psa_crypto.c.o
Compiling .pio\build\m5stopwatch\mbedtls\mbedtls\library\psa_crypto_aead.c.o
Compiling .pio\build\m5stopwatch\mbedtls\mbedtls\library\psa_crypto_cipher.c.o
Compiling .pio\build\m5stopwatch\mbedtls\mbedtls\library\psa_crypto_client.c.o
Compiling .pio\build\m5stopwatch\mbedtls\mbedtls\library\psa_crypto_driver_wrappers_no_static.c.o
Compiling .pio\build\m5stopwatch\mbedtls\mbedtls\library\psa_crypto_ecp.c.o
Compiling .pio\build\m5stopwatch\mbedtls\mbedtls\library\psa_crypto_ffdh.c.o
Compiling .pio\build\m5stopwatch\mbedtls\mbedtls\library\psa_crypto_hash.c.o
Compiling .pio\build\m5stopwatch\mbedtls\mbedtls\library\psa_crypto_mac.c.o
Compiling .pio\build\m5stopwatch\mbedtls\mbedtls\library\psa_crypto_pake.c.o
Compiling .pio\build\m5stopwatch\mbedtls\mbedtls\library\psa_crypto_rsa.c.o
Compiling .pio\build\m5stopwatch\mbedtls\mbedtls\library\psa_crypto_se.c.o
Compiling .pio\build\m5stopwatch\mbedtls\mbedtls\library\psa_crypto_slot_management.c.o
Compiling .pio\build\m5stopwatch\mbedtls\mbedtls\library\psa_crypto_storage.c.o
Compiling .pio\build\m5stopwatch\mbedtls\mbedtls\library\psa_its_file.c.o
Compiling .pio\build\m5stopwatch\mbedtls\mbedtls\library\psa_util.c.o
Compiling .pio\build\m5stopwatch\mbedtls\mbedtls\library\ripemd160.c.o
Compiling .pio\build\m5stopwatch\mbedtls\mbedtls\library\rsa.c.o
Compiling .pio\build\m5stopwatch\mbedtls\mbedtls\library\rsa_alt_helpers.c.o
Compiling .pio\build\m5stopwatch\mbedtls\mbedtls\library\sha1.c.o
Compiling .pio\build\m5stopwatch\mbedtls\mbedtls\library\sha256.c.o
Compiling .pio\build\m5stopwatch\mbedtls\mbedtls\library\sha512.c.o
Compiling .pio\build\m5stopwatch\mbedtls\mbedtls\library\sha3.c.o
Compiling .pio\build\m5stopwatch\mbedtls\mbedtls\library\threading.c.o
Compiling .pio\build\m5stopwatch\mbedtls\mbedtls\library\timing.c.o
Compiling .pio\build\m5stopwatch\mbedtls\mbedtls\library\version.c.o
Compiling .pio\build\m5stopwatch\mbedtls\mbedtls\library\version_features.c.o
Compiling .pio\build\m5stopwatch\mbedtls\port\sha\core\esp_sha_gdma_impl.c.o
Compiling .pio\build\m5stopwatch\mbedtls\port\aes\dma\esp_aes_gdma_impl.c.o
Compiling .pio\build\m5stopwatch\mbedtls\port\aes\dma\esp_aes_dma_core.c.o
Compiling .pio\build\m5stopwatch\mbedtls\port\crypto_shared_gdma\esp_crypto_shared_gdma.c.o
Compiling .pio\build\m5stopwatch\mbedtls\port\esp_hardware.c.o
Compiling .pio\build\m5stopwatch\mbedtls\port\esp_mem.c.o
Compiling .pio\build\m5stopwatch\mbedtls\port\esp_timing.c.o
Compiling .pio\build\m5stopwatch\mbedtls\port\aes\esp_aes_xts.c.o
Compiling .pio\build\m5stopwatch\mbedtls\port\aes\esp_aes_common.c.o
Compiling .pio\build\m5stopwatch\mbedtls\port\aes\dma\esp_aes.c.o
Compiling .pio\build\m5stopwatch\mbedtls\port\sha\esp_sha.c.o
Compiling .pio\build\m5stopwatch\mbedtls\port\sha\core\sha.c.o
Compiling .pio\build\m5stopwatch\mbedtls\port\esp_ds\esp_rsa_sign_alt.c.o
Compiling .pio\build\m5stopwatch\mbedtls\port\bignum\esp_bignum.c.o
Compiling .pio\build\m5stopwatch\mbedtls\port\bignum\bignum_alt.c.o
Compiling .pio\build\m5stopwatch\mbedtls\port\sha\core\esp_sha1.c.o
Compiling .pio\build\m5stopwatch\mbedtls\port\sha\core\esp_sha256.c.o
Compiling .pio\build\m5stopwatch\mbedtls\port\sha\core\esp_sha512.c.o
Compiling .pio\build\m5stopwatch\mbedtls\port\aes\esp_aes_gcm.c.o
Compiling .pio\build\m5stopwatch\mbedtls\port\md\esp_md.c.o
Compiling .pio\build\m5stopwatch\mbedtls\mbedtls\library\debug.c.o
Archiving .pio\build\m5stopwatch\esp-idf\mbedtls\mbedtls\library\libmbedcrypto.a
Compiling .pio\build\m5stopwatch\mbedtls\mbedtls\library\mps_reader.c.o
Indexing .pio\build\m5stopwatch\esp-idf\mbedtls\mbedtls\library\libmbedcrypto.a
Compiling .pio\build\m5stopwatch\mbedtls\mbedtls\library\mps_trace.c.o
Compiling .pio\build\m5stopwatch\mbedtls\mbedtls\library\ssl_cache.c.o
Compiling .pio\build\m5stopwatch\mbedtls\mbedtls\library\ssl_ciphersuites.c.o
Compiling .pio\build\m5stopwatch\mbedtls\mbedtls\library\ssl_client.c.o
Compiling .pio\build\m5stopwatch\mbedtls\mbedtls\library\ssl_cookie.c.o
Compiling .pio\build\m5stopwatch\mbedtls\mbedtls\library\ssl_debug_helpers_generated.c.o
Compiling .pio\build\m5stopwatch\mbedtls\mbedtls\library\ssl_msg.c.o
Compiling .pio\build\m5stopwatch\mbedtls\mbedtls\library\ssl_ticket.c.o
Compiling .pio\build\m5stopwatch\mbedtls\mbedtls\library\ssl_tls.c.o
Compiling .pio\build\m5stopwatch\mbedtls\mbedtls\library\ssl_tls12_client.c.o
Compiling .pio\build\m5stopwatch\mbedtls\mbedtls\library\ssl_tls12_server.c.o
Compiling .pio\build\m5stopwatch\mbedtls\mbedtls\library\ssl_tls13_keys.c.o
Compiling .pio\build\m5stopwatch\mbedtls\mbedtls\library\ssl_tls13_server.c.o
Compiling .pio\build\m5stopwatch\mbedtls\mbedtls\library\ssl_tls13_client.c.o
Compiling .pio\build\m5stopwatch\mbedtls\mbedtls\library\ssl_tls13_generic.c.o
Compiling .pio\build\m5stopwatch\mbedtls\port\mbedtls_debug.c.o
Compiling .pio\build\m5stopwatch\mbedtls\port\esp_platform_time.c.o
Compiling .pio\build\m5stopwatch\mbedtls\port\net_sockets.c.o
Compiling .pio\build\m5stopwatch\mbedtls\mbedtls\library\pkcs7.c.o
Compiling .pio\build\m5stopwatch\mbedtls\mbedtls\library\x509.c.o
Archiving .pio\build\m5stopwatch\esp-idf\mbedtls\mbedtls\library\libmbedtls.a
Indexing .pio\build\m5stopwatch\esp-idf\mbedtls\mbedtls\library\libmbedtls.a
Compiling .pio\build\m5stopwatch\mbedtls\mbedtls\library\x509_create.c.o
Compiling .pio\build\m5stopwatch\mbedtls\mbedtls\library\x509_crl.c.o
Compiling .pio\build\m5stopwatch\mbedtls\mbedtls\library\x509_crt.c.o
Compiling .pio\build\m5stopwatch\mbedtls\mbedtls\library\x509_csr.c.o
Compiling .pio\build\m5stopwatch\mbedtls\mbedtls\library\x509write.c.o
Compiling .pio\build\m5stopwatch\mbedtls\mbedtls\library\x509write_crt.c.o
Compiling .pio\build\m5stopwatch\mbedtls\mbedtls\library\x509write_csr.c.o
Compiling .pio\build\m5stopwatch\mbedtls\mbedtls\3rdparty\p256-m\p256-m_driver_entrypoints.c.o
Archiving .pio\build\m5stopwatch\esp-idf\mbedtls\mbedtls\library\libmbedx509.a
Indexing .pio\build\m5stopwatch\esp-idf\mbedtls\mbedtls\library\libmbedx509.a
Compiling .pio\build\m5stopwatch\mbedtls\mbedtls\3rdparty\p256-m\p256-m\p256-m.c.o
Compiling .pio\build\m5stopwatch\bootloader\xtensa\eri.c.o
Compiling .pio\build\m5stopwatch\bootloader\xtensa\xt_trax.c.o
Archiving .pio\build\m5stopwatch\esp-idf\mbedtls\mbedtls\3rdparty\p256-m\libp256m.a
Indexing .pio\build\m5stopwatch\esp-idf\mbedtls\mbedtls\3rdparty\p256-m\libp256m.a
Archiving .pio\build\m5stopwatch\bootloader\esp-idf\xtensa\libxtensa.a
Indexing .pio\build\m5stopwatch\bootloader\esp-idf\xtensa\libxtensa.a
Generating project linker script .pio\build\m5stopwatch\sections.ld
Compiling .pio\build\m5stopwatch\bootloader\main\bootloader_start.c.o
Archiving .pio\build\m5stopwatch\bootloader\esp-idf\main\libmain.a
Indexing .pio\build\m5stopwatch\bootloader\esp-idf\main\libmain.a
Compiling .pio\build\m5stopwatch\bootloader\bootloader_support\src\bootloader_common.c.o
Compiling .pio\build\m5stopwatch\bootloader\bootloader_support\src\bootloader_common_loader.c.o
Compiling .pio\build\m5stopwatch\bootloader\bootloader_support\src\bootloader_clock_init.c.o
Compiling .pio\build\m5stopwatch\bootloader\bootloader_support\src\bootloader_mem.c.o
Compiling .pio\build\m5stopwatch\bootloader\bootloader_support\src\bootloader_random.c.o
Compiling .pio\build\m5stopwatch\bootloader\bootloader_support\src\bootloader_efuse.c.o
Compiling .pio\build\m5stopwatch\bootloader\bootloader_support\src\flash_encrypt.c.o
Compiling .pio\build\m5stopwatch\bootloader\bootloader_support\src\secure_boot.c.o
Compiling .pio\build\m5stopwatch\bootloader\bootloader_support\src\bootloader_random_esp32s3.c.o
Compiling .pio\build\m5stopwatch\bootloader\bootloader_support\bootloader_flash\src\bootloader_flash.c.o
Compiling .pio\build\m5stopwatch\bootloader\bootloader_support\bootloader_flash\src\flash_qio_mode.c.o
Compiling .pio\build\m5stopwatch\bootloader\bootloader_support\bootloader_flash\src\bootloader_flash_config_esp32s3.c.o
Compiling .pio\build\m5stopwatch\bootloader\bootloader_support\src\bootloader_utility.c.o
Compiling .pio\build\m5stopwatch\bootloader\bootloader_support\src\flash_partitions.c.o
Compiling .pio\build\m5stopwatch\bootloader\bootloader_support\src\esp_image_format.c.o
Compiling .pio\build\m5stopwatch\bootloader\bootloader_support\src\bootloader_sha.c.o
Compiling .pio\build\m5stopwatch\bootloader\bootloader_support\src\bootloader_init.c.o
Compiling .pio\build\m5stopwatch\bootloader\bootloader_support\src\bootloader_clock_loader.c.o
Compiling .pio\build\m5stopwatch\bootloader\bootloader_support\src\bootloader_console.c.o
Compiling .pio\build\m5stopwatch\bootloader\bootloader_support\src\bootloader_console_loader.c.o
Compiling .pio\build\m5stopwatch\bootloader\bootloader_support\src\esp32s3\bootloader_soc.c.o
Compiling .pio\build\m5stopwatch\bootloader\bootloader_support\src\esp32s3\bootloader_esp32s3.c.o
Compiling .pio\build\m5stopwatch\bootloader\bootloader_support\src\bootloader_panic.c.o
Archiving .pio\build\m5stopwatch\bootloader\esp-idf\bootloader_support\libbootloader_support.a
Indexing .pio\build\m5stopwatch\bootloader\esp-idf\bootloader_support\libbootloader_support.a
Compiling .pio\build\m5stopwatch\bootloader\efuse\esp32s3\esp_efuse_table.c.o
Compiling .pio\build\m5stopwatch\bootloader\efuse\esp32s3\esp_efuse_fields.c.o
Compiling .pio\build\m5stopwatch\bootloader\efuse\esp32s3\esp_efuse_rtc_calib.c.o
Compiling .pio\build\m5stopwatch\bootloader\efuse\esp32s3\esp_efuse_utility.c.o
Compiling .pio\build\m5stopwatch\bootloader\efuse\src\esp_efuse_api.c.o
Compiling .pio\build\m5stopwatch\bootloader\efuse\src\esp_efuse_fields.c.o
Compiling .pio\build\m5stopwatch\bootloader\efuse\src\esp_efuse_utility.c.o
Compiling .pio\build\m5stopwatch\bootloader\efuse\src\efuse_controller\keys\with_key_purposes\esp_efuse_api_key.c.o
Archiving .pio\build\m5stopwatch\bootloader\esp-idf\efuse\libefuse.a
Indexing .pio\build\m5stopwatch\bootloader\esp-idf\efuse\libefuse.a
Compiling .pio\build\m5stopwatch\bootloader\esp_bootloader_format\esp_bootloader_desc.c.o
Archiving .pio\build\m5stopwatch\bootloader\esp-idf\esp_bootloader_format\libesp_bootloader_format.a
Indexing .pio\build\m5stopwatch\bootloader\esp-idf\esp_bootloader_format\libesp_bootloader_format.a
Compiling .pio\build\m5stopwatch\bootloader\esp_common\src\esp_err_to_name.c.o
Archiving .pio\build\m5stopwatch\bootloader\esp-idf\esp_common\libesp_common.a
Indexing .pio\build\m5stopwatch\bootloader\esp-idf\esp_common\libesp_common.a
Compiling .pio\build\m5stopwatch\bootloader\esp_hw_support\cpu.c.o
Compiling .pio\build\m5stopwatch\bootloader\esp_hw_support\port\esp32s3\esp_cpu_intr.c.o
Compiling .pio\build\m5stopwatch\bootloader\esp_hw_support\esp_memory_utils.c.o
Compiling .pio\build\m5stopwatch\bootloader\esp_hw_support\port\esp32s3\cpu_region_protect.c.o
Compiling .pio\build\m5stopwatch\bootloader\esp_hw_support\port\esp32s3\rtc_clk.c.o
Compiling .pio\build\m5stopwatch\bootloader\esp_hw_support\port\esp32s3\rtc_clk_init.c.o
Compiling .pio\build\m5stopwatch\bootloader\esp_hw_support\port\esp32s3\rtc_init.c.o
Compiling .pio\build\m5stopwatch\bootloader\esp_hw_support\port\esp32s3\rtc_sleep.c.o
Compiling .pio\build\m5stopwatch\bootloader\esp_hw_support\port\esp32s3\rtc_time.c.o
Compiling .pio\build\m5stopwatch\bootloader\esp_hw_support\port\esp32s3\chip_info.c.o
Compiling .pio\build\m5stopwatch\bootloader\esp_rom\patches\esp_rom_sys.c.o
Archiving .pio\build\m5stopwatch\bootloader\esp-idf\esp_hw_support\libesp_hw_support.a
Indexing .pio\build\m5stopwatch\bootloader\esp-idf\esp_hw_support\libesp_hw_support.a
Compiling .pio\build\m5stopwatch\bootloader\esp_rom\patches\esp_rom_print.c.o
Compiling .pio\build\m5stopwatch\bootloader\esp_rom\patches\esp_rom_crc.c.o
Compiling .pio\build\m5stopwatch\bootloader\esp_rom\patches\esp_rom_uart.c.o
Compiling .pio\build\m5stopwatch\bootloader\esp_rom\patches\esp_rom_spiflash.c.o
Compiling .pio\build\m5stopwatch\bootloader\esp_rom\patches\esp_rom_efuse.c.o
Compiling .pio\build\m5stopwatch\bootloader\esp_rom\patches\esp_rom_gpio.c.o
Compiling .pio\build\m5stopwatch\bootloader\esp_rom\patches\esp_rom_longjmp.S.o
Compiling .pio\build\m5stopwatch\bootloader\esp_rom\patches\esp_rom_systimer.c.o
Compiling .pio\build\m5stopwatch\bootloader\esp_rom\patches\esp_rom_wdt.c.o
Compiling .pio\build\m5stopwatch\bootloader\esp_rom\patches\esp_rom_cache_esp32s2_esp32s3.c.o
Compiling .pio\build\m5stopwatch\bootloader\esp_rom\patches\esp_rom_cache_writeback_esp32s3.S.o
Compiling .pio\build\m5stopwatch\bootloader\esp_system\esp_err.c.o
Archiving .pio\build\m5stopwatch\bootloader\esp-idf\esp_rom\libesp_rom.a
Indexing .pio\build\m5stopwatch\bootloader\esp-idf\esp_rom\libesp_rom.a
Compiling .pio\build\m5stopwatch\bootloader\hal\hal_utils.c.o
Archiving .pio\build\m5stopwatch\bootloader\esp-idf\esp_system\libesp_system.a
Indexing .pio\build\m5stopwatch\bootloader\esp-idf\esp_system\libesp_system.a
Compiling .pio\build\m5stopwatch\bootloader\hal\mpu_hal.c.o
Compiling .pio\build\m5stopwatch\bootloader\hal\efuse_hal.c.o
Compiling .pio\build\m5stopwatch\bootloader\hal\esp32s3\efuse_hal.c.o
Compiling .pio\build\m5stopwatch\bootloader\hal\mmu_hal.c.o
Compiling .pio\build\m5stopwatch\bootloader\hal\cache_hal.c.o
Compiling .pio\build\m5stopwatch\bootloader\log\src\noos\log_timestamp.c.o
Compiling .pio\build\m5stopwatch\bootloader\log\src\log_timestamp_common.c.o
Archiving .pio\build\m5stopwatch\bootloader\esp-idf\hal\libhal.a
Indexing .pio\build\m5stopwatch\bootloader\esp-idf\hal\libhal.a
Compiling .pio\build\m5stopwatch\bootloader\log\src\noos\log_lock.c.o
Compiling .pio\build\m5stopwatch\bootloader\log\src\buffer\log_buffers.c.o
Compiling .pio\build\m5stopwatch\bootloader\log\src\noos\util.c.o
Compiling .pio\build\m5stopwatch\bootloader\log\src\util.c.o
Compiling .pio\build\m5stopwatch\bootloader\log\src\log_format_text.c.o
Compiling .pio\build\m5stopwatch\bootloader\log\src\log_print.c.o
Compiling .pio\build\m5stopwatch\bootloader\log\src\log.c.o
Compiling .pio\build\m5stopwatch\bootloader\components\micro-ecc\uECC_verify_antifault.c.o
Archiving .pio\build\m5stopwatch\bootloader\esp-idf\log\liblog.a
Indexing .pio\build\m5stopwatch\bootloader\esp-idf\log\liblog.a
Compiling .pio\build\m5stopwatch\bootloader\soc\lldesc.c.o
Compiling .pio\build\m5stopwatch\bootloader\soc\dport_access_common.c.o
Compiling .pio\build\m5stopwatch\bootloader\soc\esp32s3\interrupts.c.o
Archiving .pio\build\m5stopwatch\bootloader\esp-idf\micro-ecc\libmicro-ecc.a
Indexing .pio\build\m5stopwatch\bootloader\esp-idf\micro-ecc\libmicro-ecc.a
Compiling .pio\build\m5stopwatch\bootloader\soc\esp32s3\gpio_periph.c.o
Compiling .pio\build\m5stopwatch\bootloader\soc\esp32s3\uart_periph.c.o
Compiling .pio\build\m5stopwatch\bootloader\soc\esp32s3\adc_periph.c.o
Compiling .pio\build\m5stopwatch\bootloader\soc\esp32s3\dedic_gpio_periph.c.o
Compiling .pio\build\m5stopwatch\bootloader\soc\esp32s3\gdma_periph.c.o
Compiling .pio\build\m5stopwatch\bootloader\soc\esp32s3\spi_periph.c.o
Compiling .pio\build\m5stopwatch\bootloader\soc\esp32s3\ledc_periph.c.o
Compiling .pio\build\m5stopwatch\bootloader\soc\esp32s3\pcnt_periph.c.o
Compiling .pio\build\m5stopwatch\bootloader\soc\esp32s3\rmt_periph.c.o
Compiling .pio\build\m5stopwatch\bootloader\soc\esp32s3\sdm_periph.c.o
Compiling .pio\build\m5stopwatch\bootloader\soc\esp32s3\i2s_periph.c.o
Compiling .pio\build\m5stopwatch\bootloader\soc\esp32s3\i2c_periph.c.o
Compiling .pio\build\m5stopwatch\bootloader\soc\esp32s3\temperature_sensor_periph.c.o
Compiling .pio\build\m5stopwatch\bootloader\soc\esp32s3\timer_periph.c.o
Compiling .pio\build\m5stopwatch\bootloader\soc\esp32s3\lcd_periph.c.o
Compiling .pio\build\m5stopwatch\bootloader\soc\esp32s3\mcpwm_periph.c.o
Compiling .pio\build\m5stopwatch\bootloader\soc\esp32s3\mpi_periph.c.o
Compiling .pio\build\m5stopwatch\bootloader\soc\esp32s3\sdmmc_periph.c.o
Compiling .pio\build\m5stopwatch\bootloader\soc\esp32s3\touch_sensor_periph.c.o
Compiling .pio\build\m5stopwatch\bootloader\soc\esp32s3\twai_periph.c.o
Compiling .pio\build\m5stopwatch\bootloader\soc\esp32s3\wdt_periph.c.o
Compiling .pio\build\m5stopwatch\bootloader\soc\esp32s3\usb_dwc_periph.c.o
Compiling .pio\build\m5stopwatch\bootloader\soc\esp32s3\rtc_io_periph.c.o
Compiling .pio\build\m5stopwatch\bootloader\soc\esp32s3\power_supply_periph.c.o
Compiling .pio\build\m5stopwatch\bootloader\spi_flash\spi_flash_wrap.c.o
Archiving .pio\build\m5stopwatch\bootloader\esp-idf\soc\libsoc.a
Indexing .pio\build\m5stopwatch\bootloader\esp-idf\soc\libsoc.a
Generating partitions .pio\build\m5stopwatch\partitions.bin
Archiving .pio\build\m5stopwatch\bootloader\esp-idf\spi_flash\libspi_flash.a
Indexing .pio\build\m5stopwatch\bootloader\esp-idf\spi_flash\libspi_flash.a
Generating an empty partition .pio\build\m5stopwatch\ota_data_initial.bin
Linking .pio\build\m5stopwatch\bootloader.elf
Compiling .pio\build\m5stopwatch\lib229\M5GFX@0.2.28\M5GFX.o
Building .pio\build\m5stopwatch\bootloader.bin
esptool.py v4.9.0
Creating esp32s3 image...
Merged 2 ELF sections
Successfully created esp32s3 image.
Compiling .pio\build\m5stopwatch\lib229\M5GFX@0.2.28\lgfx\Fonts\IPA\lgfx_font_japan.o
Compiling .pio\build\m5stopwatch\lib229\M5GFX@0.2.28\lgfx\Fonts\efont\lgfx_efont_cn.o
Compiling .pio\build\m5stopwatch\lib229\M5GFX@0.2.28\lgfx\Fonts\efont\lgfx_efont_ja.o
Compiling .pio\build\m5stopwatch\lib229\M5GFX@0.2.28\lgfx\Fonts\efont\lgfx_efont_kr.o
Compiling .pio\build\m5stopwatch\lib229\M5GFX@0.2.28\lgfx\Fonts\efont\lgfx_efont_tw.o
Compiling .pio\build\m5stopwatch\lib229\M5GFX@0.2.28\lgfx\utility\lgfx_miniz.o
Compiling .pio\build\m5stopwatch\lib229\M5GFX@0.2.28\lgfx\utility\lgfx_pngle.o
Compiling .pio\build\m5stopwatch\lib229\M5GFX@0.2.28\lgfx\utility\lgfx_qoi.o
Compiling .pio\build\m5stopwatch\lib229\M5GFX@0.2.28\lgfx\utility\lgfx_qrcode.o
Compiling .pio\build\m5stopwatch\lib229\M5GFX@0.2.28\lgfx\utility\lgfx_tjpgd.o
Compiling .pio\build\m5stopwatch\lib229\M5GFX@0.2.28\lgfx\v1\LGFXBase.o
Compiling .pio\build\m5stopwatch\lib229\M5GFX@0.2.28\lgfx\v1\LGFX_Button.o
Compiling .pio\build\m5stopwatch\lib229\M5GFX@0.2.28\lgfx\v1\LGFX_Sprite.o
Compiling .pio\build\m5stopwatch\lib229\M5GFX@0.2.28\lgfx\v1\lgfx_fonts.o
Compiling .pio\build\m5stopwatch\lib229\M5GFX@0.2.28\lgfx\v1\misc\DividedFrameBuffer.o
Compiling .pio\build\m5stopwatch\lib229\M5GFX@0.2.28\lgfx\v1\misc\SpriteBuffer.o
Compiling .pio\build\m5stopwatch\lib229\M5GFX@0.2.28\lgfx\v1\misc\common_function.o
Compiling .pio\build\m5stopwatch\lib229\M5GFX@0.2.28\lgfx\v1\misc\pixelcopy.o
Compiling .pio\build\m5stopwatch\lib229\M5GFX@0.2.28\lgfx\v1\panel\Panel_AMOLED.o
Compiling .pio\build\m5stopwatch\lib229\M5GFX@0.2.28\lgfx\v1\panel\Panel_Device.o
Compiling .pio\build\m5stopwatch\lib229\M5GFX@0.2.28\lgfx\v1\panel\Panel_ED2208.o
Compiling .pio\build\m5stopwatch\lib229\M5GFX@0.2.28\lgfx\v1\panel\Panel_EPDiy.o
Compiling .pio\build\m5stopwatch\lib229\M5GFX@0.2.28\lgfx\v1\panel\Panel_FrameBufferBase.o
Compiling .pio\build\m5stopwatch\lib229\M5GFX@0.2.28\lgfx\v1\panel\Panel_GDEW0154D67.o
Compiling .pio\build\m5stopwatch\lib229\M5GFX@0.2.28\lgfx\v1\panel\Panel_GDEW0154M09.o
Compiling .pio\build\m5stopwatch\lib229\M5GFX@0.2.28\lgfx\v1\panel\Panel_HasBuffer.o
Compiling .pio\build\m5stopwatch\lib229\M5GFX@0.2.28\lgfx\v1\panel\Panel_IT8951.o
Compiling .pio\build\m5stopwatch\lib229\M5GFX@0.2.28\lgfx\v1\panel\Panel_LCD.o
Compiling .pio\build\m5stopwatch\lib229\M5GFX@0.2.28\lgfx\v1\panel\Panel_M5HDMI.o
Compiling .pio\build\m5stopwatch\lib229\M5GFX@0.2.28\lgfx\v1\panel\Panel_M5UnitGLASS.o
Compiling .pio\build\m5stopwatch\lib229\M5GFX@0.2.28\lgfx\v1\panel\Panel_M5UnitLCD.o
Compiling .pio\build\m5stopwatch\lib229\M5GFX@0.2.28\lgfx\v1\panel\Panel_SSD1306.o
Compiling .pio\build\m5stopwatch\lib229\M5GFX@0.2.28\lgfx\v1\panel\Panel_SSD1677.o
Compiling .pio\build\m5stopwatch\lib229\M5GFX@0.2.28\lgfx\v1\panel\Panel_TM1680.o
Compiling .pio\build\m5stopwatch\lib229\M5GFX@0.2.28\lgfx\v1\platforms\esp32\Bus_EPD.o
Compiling .pio\build\m5stopwatch\lib229\M5GFX@0.2.28\lgfx\v1\platforms\esp32\Bus_I2C.o
Compiling .pio\build\m5stopwatch\lib229\M5GFX@0.2.28\lgfx\v1\platforms\esp32\Bus_Parallel8.o
Compiling .pio\build\m5stopwatch\lib229\M5GFX@0.2.28\lgfx\v1\platforms\esp32\Bus_SPI.o
Compiling .pio\build\m5stopwatch\lib229\M5GFX@0.2.28\lgfx\v1\platforms\esp32\Light_PWM.o
Compiling .pio\build\m5stopwatch\lib229\M5GFX@0.2.28\lgfx\v1\platforms\esp32\Panel_CVBS.o
Compiling .pio\build\m5stopwatch\lib229\M5GFX@0.2.28\lgfx\v1\platforms\esp32\Panel_EPD.o
Compiling .pio\build\m5stopwatch\lib229\M5GFX@0.2.28\lgfx\v1\platforms\esp32\common.o
.pio/libdeps/m5stopwatch/M5GFX@0.2.28/src/lgfx/v1/platforms/esp32/common.cpp: In function 'uint32_t lgfx::v1::getSpiClockFrequency(int)':
.pio/libdeps/m5stopwatch/M5GFX@0.2.28/src/lgfx/v1/platforms/esp32/common.cpp:293:16: warning: variable 'get_rc_fast_frequency' set but not used [-Wunused-but-set-variable]
  293 |     const auto get_rc_fast_frequency = []() -> uint32_t
      |                ^~~~~~~~~~~~~~~~~~~~~
Compiling .pio\build\m5stopwatch\lib229\M5GFX@0.2.28\lgfx\v1\platforms\esp32c3\Bus_Parallel8.o
Compiling .pio\build\m5stopwatch\lib229\M5GFX@0.2.28\lgfx\v1\platforms\esp32p4\Bus_DSI.o
Compiling .pio\build\m5stopwatch\lib229\M5GFX@0.2.28\lgfx\v1\platforms\esp32p4\Panel_DSI.o
Compiling .pio\build\m5stopwatch\lib229\M5GFX@0.2.28\lgfx\v1\platforms\esp32p4\Panel_LT8912B.o
Compiling .pio\build\m5stopwatch\lib229\M5GFX@0.2.28\lgfx\v1\platforms\esp32p4\Touch_ST7123.o
Compiling .pio\build\m5stopwatch\lib229\M5GFX@0.2.28\lgfx\v1\platforms\esp32s2\Bus_Parallel16.o
Compiling .pio\build\m5stopwatch\lib229\M5GFX@0.2.28\lgfx\v1\platforms\esp32s2\Bus_Parallel8.o
Compiling .pio\build\m5stopwatch\lib229\M5GFX@0.2.28\lgfx\v1\platforms\esp32s3\Bus_Parallel16.o
Compiling .pio\build\m5stopwatch\lib229\M5GFX@0.2.28\lgfx\v1\platforms\esp32s3\Bus_Parallel8.o
Compiling .pio\build\m5stopwatch\lib229\M5GFX@0.2.28\lgfx\v1\platforms\framebuffer\Panel_fb.o
Compiling .pio\build\m5stopwatch\lib229\M5GFX@0.2.28\lgfx\v1\platforms\framebuffer\common.o
Compiling .pio\build\m5stopwatch\lib229\M5GFX@0.2.28\lgfx\v1\platforms\sdl\Panel_sdl.o
Compiling .pio\build\m5stopwatch\lib229\M5GFX@0.2.28\lgfx\v1\platforms\sdl\common.o
Compiling .pio\build\m5stopwatch\lib229\M5GFX@0.2.28\lgfx\v1\touch\Touch_CHSC6540.o
Compiling .pio\build\m5stopwatch\lib229\M5GFX@0.2.28\lgfx\v1\touch\Touch_CSTxxx.o
Compiling .pio\build\m5stopwatch\lib229\M5GFX@0.2.28\lgfx\v1\touch\Touch_FT5x06.o
Compiling .pio\build\m5stopwatch\lib229\M5GFX@0.2.28\lgfx\v1\touch\Touch_GT911.o
Compiling .pio\build\m5stopwatch\libac5\M5Unified\M5Unified.o
Archiving .pio\build\m5stopwatch\lib229\libM5GFX@0.2.28.a
Indexing .pio\build\m5stopwatch\lib229\libM5GFX@0.2.28.a
Compiling .pio\build\m5stopwatch\libac5\M5Unified\utility\Button_Class.o
Compiling .pio\build\m5stopwatch\libac5\M5Unified\utility\I2C_Class.o
Compiling .pio\build\m5stopwatch\libac5\M5Unified\utility\IMU_Class.o
Compiling .pio\build\m5stopwatch\libac5\M5Unified\utility\LED_Class.o
Compiling .pio\build\m5stopwatch\libac5\M5Unified\utility\Log_Class.o
Compiling .pio\build\m5stopwatch\libac5\M5Unified\utility\M5Timer.o
Compiling .pio\build\m5stopwatch\libac5\M5Unified\utility\Mic_Class.o
Compiling .pio\build\m5stopwatch\libac5\M5Unified\utility\PI4IOE5V6408_Class.o
Compiling .pio\build\m5stopwatch\libac5\M5Unified\utility\Power_Class.o
Compiling .pio\build\m5stopwatch\libac5\M5Unified\utility\RTC_Class.o
Compiling .pio\build\m5stopwatch\libac5\M5Unified\utility\Speaker_Class.o
Compiling .pio\build\m5stopwatch\libac5\M5Unified\utility\Touch_Class.o
Compiling .pio\build\m5stopwatch\libac5\M5Unified\utility\imu\AK8963_Class.o
Compiling .pio\build\m5stopwatch\libac5\M5Unified\utility\imu\BMI270_Class.o
Compiling .pio\build\m5stopwatch\libac5\M5Unified\utility\imu\BMM150_Class.o
Compiling .pio\build\m5stopwatch\libac5\M5Unified\utility\imu\IMU_Base.o
Compiling .pio\build\m5stopwatch\libac5\M5Unified\utility\imu\MPU6886_Class.o
Compiling .pio\build\m5stopwatch\libac5\M5Unified\utility\imu\SH200Q_Class.o
Compiling .pio\build\m5stopwatch\libac5\M5Unified\utility\led\LED_PMIC_Class.o
Compiling .pio\build\m5stopwatch\libac5\M5Unified\utility\led\LED_PaperMono_Class.o
Compiling .pio\build\m5stopwatch\libac5\M5Unified\utility\led\LED_PowerHub_Class.o
Compiling .pio\build\m5stopwatch\libac5\M5Unified\utility\led\LED_Strip_Class.o
Compiling .pio\build\m5stopwatch\libac5\M5Unified\utility\power\AW32001_Class.o
Compiling .pio\build\m5stopwatch\libac5\M5Unified\utility\power\AXP192_Class.o
Compiling .pio\build\m5stopwatch\libac5\M5Unified\utility\power\AXP2101_Class.o
Compiling .pio\build\m5stopwatch\libac5\M5Unified\utility\power\BQ27220_Class.o
Compiling .pio\build\m5stopwatch\libac5\M5Unified\utility\power\INA226_Class.o
Compiling .pio\build\m5stopwatch\libac5\M5Unified\utility\power\INA3221_Class.o
Compiling .pio\build\m5stopwatch\libac5\M5Unified\utility\power\IP5306_Class.o
Compiling .pio\build\m5stopwatch\libac5\M5Unified\utility\power\PY32PMIC_Class.o
Compiling .pio\build\m5stopwatch\libac5\M5Unified\utility\rtc\PCF8563_Class.o
Compiling .pio\build\m5stopwatch\libac5\M5Unified\utility\rtc\RTC_Base.o
Compiling .pio\build\m5stopwatch\libac5\M5Unified\utility\rtc\RTC_PowerHub_Class.o
Compiling .pio\build\m5stopwatch\libac5\M5Unified\utility\rtc\RX8130_Class.o
In file included from .pio/libdeps/m5stopwatch/M5Unified/src/utility/rtc/RTC_Base.hpp:7,
                 from .pio/libdeps/m5stopwatch/M5Unified/src/utility/rtc/RTC_PowerHub_Class.hpp:7,
                 from .pio/libdeps/m5stopwatch/M5Unified/src/utility/rtc/RTC_PowerHub_Class.cpp:4:
In member function 'bool m5::I2C_Device::writeRegister(uint8_t, const uint8_t*, std::size_t) const',
    inlined from 'virtual int m5::RTC_PowerHub_Class::setAlarmIRQ(const m5::rtc_date_t*, const m5::rtc_time_t*)' at .pio/libdeps/m5stopwatch/M5Unified/src/utility/rtc/RTC_PowerHub_Class.cpp:118:18:
.pio/libdeps/m5stopwatch/M5Unified/src/utility/rtc/../I2C_Class.hpp:182:33: warning: 'buf' may be used uninitialized [-Wmaybe-uninitialized]
  182 |       return _i2c->writeRegister(_addr, reg, data, length, _freq);
      |              ~~~~~~~~~~~~~~~~~~~^~~~~~~~~~~~~~~~~~~~~~~~~~~~~~~~~
.pio/libdeps/m5stopwatch/M5Unified/src/utility/rtc/../I2C_Class.hpp: In member function 'virtual int m5::RTC_PowerHub_Class::setAlarmIRQ(const m5::rtc_date_t*, const m5::rtc_time_t*)':
.pio/libdeps/m5stopwatch/M5Unified/src/utility/rtc/../I2C_Class.hpp:85:10: note: by argument 4 of type 'const uint8_t*' {aka 'const unsigned char*'} to 'bool m5::I2C_Class::writeRegister(uint8_t, uint8_t, const uint8_t*, std::size_t, uint32_t) const' declared here
   85 |     bool writeRegister(std::uint8_t address, std::uint8_t reg, const std::uint8_t* data, std::size_t length, std::uint32_t freq) const;
      |          ^~~~~~~~~~~~~
.pio/libdeps/m5stopwatch/M5Unified/src/utility/rtc/RTC_PowerHub_Class.cpp:95:18: note: 'buf' declared here
   95 |     std::uint8_t buf[3];
      |                  ^~~
Compiling .pio\build\m5stopwatch\lib1bf\M5StopWatch-MultiFirm\multifirm_host.o
Archiving .pio\build\m5stopwatch\libac5\libM5Unified.a
Indexing .pio\build\m5stopwatch\libac5\libM5Unified.a
Archiving .pio\build\m5stopwatch\lib1bf\libM5StopWatch-MultiFirm.a
Indexing .pio\build\m5stopwatch\lib1bf\libM5StopWatch-MultiFirm.a
Linking .pio\build\m5stopwatch\firmware.elf
Retrieving maximum program size .pio\build\m5stopwatch\firmware.elf
Checking size .pio\build\m5stopwatch\firmware.elf
Advanced Memory Usage is available via "PlatformIO Home > Project Inspect"
RAM:   [=         ]  11.7% (used 38420 bytes from 327680 bytes)
Flash: [===       ]  25.4% (used 1066079 bytes from 4194304 bytes)
Building .pio\build\m5stopwatch\firmware.bin with action:
  "$PYTHONEXE" "$OBJCOPY" --chip esp32s3 elf2image --flash_mode ${__get_board_flash_mode(__env__)} --flash_freq ${__get_board_f_image(__env__)} --flash_size 16MB --elf-sha256-offset 0xb0 -o $TARGET $SOURCES
Building .pio\build\m5stopwatch\firmware.bin
esptool.py v4.9.0
Creating esp32s3 image...
Merged 2 ELF sections
Successfully created esp32s3 image.
verify_size([".pio\build\m5stopwatch\firmware.bin"], [".pio\build\m5stopwatch\firmware.elf"])
[MultiFirm] host size: 1066480/4194304 bytes
verify_size(["multifirm_check_size"], [".pio\build\m5stopwatch\firmware.bin"])
[MultiFirm] host size: 1066480/4194304 bytes
======================== [SUCCESS] Took 174.06 seconds ========================

Environment    Status    Duration
-------------  --------  ------------
m5stopwatch    SUCCESS   00:02:54.060
========================= 1 succeeded in 00:02:54.060 =========================
