Processing m5stopwatch (platform: espressif32 @ 6.12.0; framework: espidf; board: m5stack-cores3)
--------------------------------------------------------------------------------
Verbose mode can be enabled via `-v, --verbose` option
CONFIGURATION: https://docs.platformio.org/page/boards/espressif32/m5stack-cores3.html
PLATFORM: Espressif 32 (6.12.0) > M5Stack CoreS3
HARDWARE: ESP32S3 240MHz, 320KB RAM, 4MB Flash
DEBUG: Current (cmsis-dap) External (cmsis-dap, esp-bridge, esp-builtin, esp-prog, iot-bus-jtag, jlink, minimodule, olimex-arm-usb-ocd, olimex-arm-usb-ocd-h, olimex-arm-usb-tiny-h, olimex-jtag-tiny, tumpa)
PACKAGES: 
 - framework-espidf @ 3.50500.0 (5.5.0) 
 - tool-cmake @ 3.30.2 
 - tool-esp-rom-elfs @ 0.0.1+20241011 
 - tool-esptoolpy @ 2.40900.250804 (4.9.0) 
 - tool-idf @ 1.0.1 
 - tool-mconf @ 1.4060000.20190628 (406.0.0) 
 - tool-ninja @ 1.9.0 
 - tool-riscv32-esp-elf-gdb @ 11.2.0+20220823 
 - tool-xtensa-esp-elf-gdb @ 11.2.0+20230208 
 - toolchain-esp32ulp @ 1.23800.240113 (2.38.0) 
 - toolchain-riscv32-esp @ 14.2.0+20241119 
 - toolchain-xtensa-esp-elf @ 14.2.0+20241119
Reading CMake configuration...
LDF: Library Dependency Finder -> https://bit.ly/configure-pio-ldf
LDF Modes: Finder ~ chain, Compatibility ~ soft
Found 4 compatible libraries
Scanning dependencies...
Dependency Graph
|-- M5Unified @ 0.2.16
|-- M5GFX @ 0.2.28
|-- M5StopWatch-MultiFirm @ 0.1.0+sha.f5a8fd8
Building in release mode
Compiling .pio\build\m5stopwatch\src\main.cpp.o
Compiling .pio\build\m5stopwatch\src\ui\Renderer.cpp.o
Compiling .pio\build\m5stopwatch\src\ui\RenderDiagnostics.cpp.o
Compiling .pio\build\m5stopwatch\src\app\ScreenManager.cpp.o
Compiling .pio\build\m5stopwatch\src\app\AppRuntime.cpp.o
Linking .pio\build\m5stopwatch\firmware.elf
Retrieving maximum program size .pio\build\m5stopwatch\firmware.elf
Checking size .pio\build\m5stopwatch\firmware.elf
Advanced Memory Usage is available via "PlatformIO Home > Project Inspect"
RAM:   [=         ]   7.8% (used 25524 bytes from 327680 bytes)
Flash: [===       ]  25.2% (used 1058559 bytes from 4194304 bytes)
Building .pio\build\m5stopwatch\firmware.bin with action:
  "$PYTHONEXE" "$OBJCOPY" --chip esp32s3 elf2image --flash_mode ${__get_board_flash_mode(__env__)} --flash_freq ${__get_board_f_image(__env__)} --flash_size 16MB --elf-sha256-offset 0xb0 -o $TARGET $SOURCES
Building .pio\build\m5stopwatch\firmware.bin
esptool.py v4.9.0
Creating esp32s3 image...
Merged 2 ELF sections
Successfully created esp32s3 image.
verify_size(["multifirm_check_size"], [".pio\build\m5stopwatch\firmware.bin"])
[MultiFirm] host size: 1058960/4194304 bytes
========================= [SUCCESS] Took 13.83 seconds =========================

Processing m5stopwatch-measure (platform: espressif32 @ 6.12.0; framework: espidf; board: m5stack-cores3)
--------------------------------------------------------------------------------
Verbose mode can be enabled via `-v, --verbose` option
CONFIGURATION: https://docs.platformio.org/page/boards/espressif32/m5stack-cores3.html
PLATFORM: Espressif 32 (6.12.0) > M5Stack CoreS3
HARDWARE: ESP32S3 240MHz, 320KB RAM, 4MB Flash
DEBUG: Current (cmsis-dap) External (cmsis-dap, esp-bridge, esp-builtin, esp-prog, iot-bus-jtag, jlink, minimodule, olimex-arm-usb-ocd, olimex-arm-usb-ocd-h, olimex-arm-usb-tiny-h, olimex-jtag-tiny, tumpa)
PACKAGES: 
 - framework-espidf @ 3.50500.0 (5.5.0) 
 - tool-cmake @ 3.30.2 
 - tool-esp-rom-elfs @ 0.0.1+20241011 
 - tool-esptoolpy @ 2.40900.250804 (4.9.0) 
 - tool-idf @ 1.0.1 
 - tool-mconf @ 1.4060000.20190628 (406.0.0) 
 - tool-ninja @ 1.9.0 
 - tool-riscv32-esp-elf-gdb @ 11.2.0+20220823 
 - tool-xtensa-esp-elf-gdb @ 11.2.0+20230208 
 - toolchain-esp32ulp @ 1.23800.240113 (2.38.0) 
 - toolchain-riscv32-esp @ 14.2.0+20241119 
 - toolchain-xtensa-esp-elf @ 14.2.0+20241119
Reading CMake configuration...
LDF: Library Dependency Finder -> https://bit.ly/configure-pio-ldf
LDF Modes: Finder ~ chain, Compatibility ~ soft
Found 4 compatible libraries
Scanning dependencies...
Dependency Graph
|-- M5Unified @ 0.2.16
|-- M5GFX @ 0.2.28
|-- M5StopWatch-MultiFirm @ 0.1.0+sha.f5a8fd8
Building in release mode
Compiling .pio\build\m5stopwatch-measure\src\main.cpp.o
Compiling .pio\build\m5stopwatch-measure\src\ui\Renderer.cpp.o
Compiling .pio\build\m5stopwatch-measure\src\ui\RenderDiagnostics.cpp.o
Compiling .pio\build\m5stopwatch-measure\src\app\ScreenManager.cpp.o
Compiling .pio\build\m5stopwatch-measure\src\app\AppRuntime.cpp.o
Linking .pio\build\m5stopwatch-measure\firmware.elf
Retrieving maximum program size .pio\build\m5stopwatch-measure\firmware.elf
Checking size .pio\build\m5stopwatch-measure\firmware.elf
Advanced Memory Usage is available via "PlatformIO Home > Project Inspect"
RAM:   [=         ]  11.7% (used 38476 bytes from 327680 bytes)
Flash: [===       ]  25.3% (used 1062579 bytes from 4194304 bytes)
Building .pio\build\m5stopwatch-measure\firmware.bin with action:
  "$PYTHONEXE" "$OBJCOPY" --chip esp32s3 elf2image --flash_mode ${__get_board_flash_mode(__env__)} --flash_freq ${__get_board_f_image(__env__)} --flash_size 16MB --elf-sha256-offset 0xb0 -o $TARGET $SOURCES
Building .pio\build\m5stopwatch-measure\firmware.bin
esptool.py v4.9.0
Creating esp32s3 image...
Merged 2 ELF sections
Successfully created esp32s3 image.
verify_size(["multifirm_check_size"], [".pio\build\m5stopwatch-measure\firmware.bin"])
[MultiFirm] host size: 1062976/4194304 bytes
========================= [SUCCESS] Took 12.41 seconds =========================

Processing m5stopwatch-render-check (platform: espressif32 @ 6.12.0; framework: espidf; board: m5stack-cores3)
--------------------------------------------------------------------------------
Verbose mode can be enabled via `-v, --verbose` option
CONFIGURATION: https://docs.platformio.org/page/boards/espressif32/m5stack-cores3.html
PLATFORM: Espressif 32 (6.12.0) > M5Stack CoreS3
HARDWARE: ESP32S3 240MHz, 320KB RAM, 4MB Flash
DEBUG: Current (cmsis-dap) External (cmsis-dap, esp-bridge, esp-builtin, esp-prog, iot-bus-jtag, jlink, minimodule, olimex-arm-usb-ocd, olimex-arm-usb-ocd-h, olimex-arm-usb-tiny-h, olimex-jtag-tiny, tumpa)
PACKAGES: 
 - framework-espidf @ 3.50500.0 (5.5.0) 
 - tool-cmake @ 3.30.2 
 - tool-esp-rom-elfs @ 0.0.1+20241011 
 - tool-esptoolpy @ 2.40900.250804 (4.9.0) 
 - tool-idf @ 1.0.1 
 - tool-mconf @ 1.4060000.20190628 (406.0.0) 
 - tool-ninja @ 1.9.0 
 - tool-riscv32-esp-elf-gdb @ 11.2.0+20220823 
 - tool-xtensa-esp-elf-gdb @ 11.2.0+20230208 
 - toolchain-esp32ulp @ 1.23800.240113 (2.38.0) 
 - toolchain-riscv32-esp @ 14.2.0+20241119 
 - toolchain-xtensa-esp-elf @ 14.2.0+20241119
Reading CMake configuration...
LDF: Library Dependency Finder -> https://bit.ly/configure-pio-ldf
LDF Modes: Finder ~ chain, Compatibility ~ soft
Found 4 compatible libraries
Scanning dependencies...
Dependency Graph
|-- M5Unified @ 0.2.16
|-- M5GFX @ 0.2.28
|-- M5StopWatch-MultiFirm @ 0.1.0+sha.f5a8fd8
Building in release mode
Compiling .pio\build\m5stopwatch-render-check\src\main.cpp.o
Compiling .pio\build\m5stopwatch-render-check\src\ui\Renderer.cpp.o
Compiling .pio\build\m5stopwatch-render-check\src\ui\RenderDiagnostics.cpp.o
Compiling .pio\build\m5stopwatch-render-check\src\app\ScreenManager.cpp.o
Compiling .pio\build\m5stopwatch-render-check\src\app\AppRuntime.cpp.o
Linking .pio\build\m5stopwatch-render-check\firmware.elf
Retrieving maximum program size .pio\build\m5stopwatch-render-check\firmware.elf
Checking size .pio\build\m5stopwatch-render-check\firmware.elf
Advanced Memory Usage is available via "PlatformIO Home > Project Inspect"
RAM:   [=         ]  11.6% (used 38156 bytes from 327680 bytes)
Flash: [===       ]  25.2% (used 1055719 bytes from 4194304 bytes)
Building .pio\build\m5stopwatch-render-check\firmware.bin with action:
  "$PYTHONEXE" "$OBJCOPY" --chip esp32s3 elf2image --flash_mode ${__get_board_flash_mode(__env__)} --flash_freq ${__get_board_f_image(__env__)} --flash_size 16MB --elf-sha256-offset 0xb0 -o $TARGET $SOURCES
Building .pio\build\m5stopwatch-render-check\firmware.bin
esptool.py v4.9.0
Creating esp32s3 image...
Merged 2 ELF sections
Successfully created esp32s3 image.
verify_size(["multifirm_check_size"], [".pio\build\m5stopwatch-render-check\firmware.bin"])
[MultiFirm] host size: 1056128/4194304 bytes
========================= [SUCCESS] Took 13.48 seconds =========================

Environment               Status    Duration
------------------------  --------  ------------
m5stopwatch               SUCCESS   00:00:13.828
m5stopwatch-measure       SUCCESS   00:00:12.407
m5stopwatch-render-check  SUCCESS   00:00:13.481
========================= 3 succeeded in 00:00:39.716 =========================
