I (313) esp_image: segment 3: paddr=0010ec1c vaddr=3fc99f14 size=00378h (   888) load
I (313) esp_image: segment 4: paddr=0010ef9c vaddr=40374000 size=12cech ( 77036) load
I (333) esp_image: segment 5: paddr=00121c90 vaddr=600fe000 size=00020h (    32) load
I (341) boot: Loaded app from partition at offset 0x20000
I (341) boot: Disabling RNG early entropy source...
I (351) octal_psram: vendor id    : 0x0d (AP)
I (352) octal_psram: dev id       : 0x02 (generation 3)
I (352) octal_psram: density      : 0x03 (64 Mbit)
I (354) octal_psram: good-die     : 0x01 (Pass)
I (358) octal_psram: Latency      : 0x01 (Fixed)
I (362) octal_psram: VCC          : 0x01 (3V)
I (366) octal_psram: SRF          : 0x01 (Fast Refresh)
I (371) octal_psram: BurstType    : 0x01 (Hybrid Wrap)
I (376) octal_psram: BurstLen     : 0x01 (32 Byte)
I (381) octal_psram: Readlatency  : 0x02 (10 cycles@Fixed)
I (386) octal_psram: DriveStrength: 0x00 (1/1)
I (391) MSPI Timing: PSRAM timing tuning index: 10
I (395) esp_psram: Found 8MB PSRAM device
I (398) esp_psram: Speed: 80MHz
I (401) cpu_start: Multicore app
I (686) esp_psram: SPI SRAM memory test OK
I (695) cpu_start: Pro cpu start user code
I (695) cpu_start: cpu freq: 240000000 Hz
I (695) app_init: Application information:
I (695) app_init: Project name:     wararyoLauncher
I (695) app_init: App version:      0.1.0-dev
I (696) app_init: Compile time:     Sep 23 2026 19:23:33
I (696) app_init: ELF file SHA256:  d76b18fe5...
I (696) app_init: ESP-IDF:          5.5.0
I (696) efuse_init: Min chip rev:     v0.0
I (696) efuse_init: Max chip rev:     v0.99 
I (696) efuse_init: Chip rev:         v0.2
I (696) heap_init: Initializing. RAM available for dynamic allocation:
I (697) heap_init: At 3FCA02D8 len 00049438 (293 KiB): RAM
I (697) heap_init: At 3FCE9710 len 00005724 (21 KiB): RAM
I (697) heap_init: At 600FE020 len 00001FC8 (7 KiB): RTCRAM
I (697) esp_psram: Adding pool of 8192K of PSRAM memory to heap allocator
I (698) spi_flash: detected chip: generic
I (698) spi_flash: flash io: dio
I (699) sleep_gpio: Configure to isolate all GPIO pins in sleep state
I (699) sleep_gpio: Enable automatic switching of GPIO sleep configuration
I (0) main_task: Started on CPU1
I (1) esp_psram: Reserving pool of 32K of internal memory for DMA/internal allocations
I (1) main_task: Calling app_main()
I (22) M5GFX: [Autodetect] board_M5StopWatch
I (274) pm: Frequency switching config: CPU_MAX: 240, APB_MAX: 80, APB_MIN: 80, Light sleep: DISABLED
[Power] dfs max=240MHz min=80MHz result=ESP_OK
[Launcher] firmware=wararyoLauncher version=0.1.0-dev idf=5.5.0
[Board] recognized=30 display=468x468 cpu=240MHz core=1 tick=1000Hz
[Memory] flash_query=ESP_OK flash=16777216 psram=8388608 bytes
[Config] flash=DIO/80MHz psram=Octal/80MHz cache_instruction=16KiB cache_data=64KiB cache_line=64B
[Memory] internal total=363299 free=301743 largest=245760 bytes
[Memory] psram total=8388608 free=7942712 largest=7864320 bytes
[MultiFirm] layout=valid running=ota_0 address=0x20000 size=0x400000 host=valid
[Launcher] startup complete; starting single-task runtime
[Font] GenShinGothicMedium28 glyphs=340 bytes=170790
[WatchFace] digital cache=ready bytes=51728 internal
[Icons] AppIcons count=5 size=44x44 bytes=9692
[WatchFace] digital cache=direct bytes=51728 internal
[Renderer] element capacity exceeded: full repaint
[WatchFace] digital cache=ready bytes=51728 internal
[WatchFace] digital cache=ready bytes=51728 internal
[WatchFace] digital cache=ready bytes=51728 internal
[WatchFace] digital cache=ready bytes=51728 internal
[WatchFace] digital cache=ready bytes=51728 internal
[WatchFace] digital cache=ready bytes=51728 internal
[WatchFace] digital cache=ready bytes=51728 internal
[WatchFace] digital cache=ready bytes=51728 internal
[WatchFace] digital cache=ready bytes=51728 internal
[WatchFace] digital cache=ready bytes=51728 internal
[WatchFace] digital cache=ready bytes=51728 internal
[WatchFace] digital cache=ready bytes=51728 internal
[WatchFace] digital cache=ready bytes=51728 internal
[WatchFace] digital cache=ready bytes=51728 internal
[WatchFace] digital cache=ready bytes=51728 internal
[WatchFace] digital cache=ready bytes=51728 internal
[WatchFace] digital cache=ready bytes=51728 internal
[Verify] lifecycle internal_free_before=248627 after=248627
[Verify] checks=234 mismatches=0 result=PASS
[RenderDiag] synthetic JST time / battery / slots; no RTC or flash read
[Nvs] init=ESP_OK namespace=launcher
[Settings] brightness=105 screen_off=30s stored=ok
[Memory] ui-internal total=363299 free=245767 largest=192512 bytes
[Memory] ui-psram total=8388608 free=7939596 largest=7864320 bytes
[Power] screen=off
