I (313) esp_image: segment 3: paddr=0010f504 vaddr=3fc99e14 size=00560h (  1376) load
I (314) esp_image: segment 4: paddr=0010fa6c vaddr=40374000 size=12d68h ( 77160) load
I (334) esp_image: segment 5: paddr=001227dc vaddr=600fe000 size=00020h (    32) load
I (342) boot: Loaded app from partition at offset 0x20000
I (342) boot: Disabling RNG early entropy source...
I (352) octal_psram: vendor id    : 0x0d (AP)
I (352) octal_psram: dev id       : 0x02 (generation 3)
I (352) octal_psram: density      : 0x03 (64 Mbit)
I (354) octal_psram: good-die     : 0x01 (Pass)
I (358) octal_psram: Latency      : 0x01 (Fixed)
I (363) octal_psram: VCC          : 0x01 (3V)
I (367) octal_psram: SRF          : 0x01 (Fast Refresh)
I (372) octal_psram: BurstType    : 0x01 (Hybrid Wrap)
I (377) octal_psram: BurstLen     : 0x01 (32 Byte)
I (381) octal_psram: Readlatency  : 0x02 (10 cycles@Fixed)
I (386) octal_psram: DriveStrength: 0x00 (1/1)
I (391) MSPI Timing: PSRAM timing tuning index: 4
I (395) esp_psram: Found 8MB PSRAM device
I (399) esp_psram: Speed: 80MHz
I (402) cpu_start: Multicore app
I (687) esp_psram: SPI SRAM memory test OK
I (695) cpu_start: Pro cpu start user code
I (695) cpu_start: cpu freq: 240000000 Hz
I (695) app_init: Application information:
I (696) app_init: Project name:     wararyoLauncher
I (696) app_init: App version:      0.1.0-dev
I (696) app_init: Compile time:     Sep 23 2026 19:18:18
I (696) app_init: ELF file SHA256:  ea38505f1...
I (696) app_init: ESP-IDF:          5.5.0
I (696) efuse_init: Min chip rev:     v0.0
I (696) efuse_init: Max chip rev:     v0.99 
I (697) efuse_init: Chip rev:         v0.2
I (697) heap_init: Initializing. RAM available for dynamic allocation:
I (697) heap_init: At 3FC9D280 len 0004C490 (305 KiB): RAM
I (697) heap_init: At 3FCE9710 len 00005724 (21 KiB): RAM
I (697) heap_init: At 600FE020 len 00001FC8 (7 KiB): RTCRAM
I (698) esp_psram: Adding pool of 8192K of PSRAM memory to heap allocator
I (699) spi_flash: detected chip: generic
I (699) spi_flash: flash io: dio
I (699) sleep_gpio: Configure to isolate all GPIO pins in sleep state
I (700) sleep_gpio: Enable automatic switching of GPIO sleep configuration
I (0) main_task: Started on CPU1
I (1) esp_psram: Reserving pool of 32K of internal memory for DMA/internal allocations
I (1) main_task: Calling app_main()
I (22) M5GFX: [Autodetect] board_M5StopWatch
I (274) pm: Frequency switching config: CPU_MAX: 240, APB_MAX: 80, APB_MIN: 80, Light sleep: DISABLED
[Power] dfs max=240MHz min=80MHz result=ESP_OK
[Launcher] firmware=wararyoLauncher version=0.1.0-dev idf=5.5.0
[Board] recognized=30 display=468x468 cpu=240MHz core=1 tick=1000Hz
[Memory] flash_query=ESP_OK flash=16777216 psram=8388608 bytes
[Config] flash=DIO/80MHz psram=Octal/80MHz cache_instruction=16KiB cache_data=64KiB cache_line=64B
[Memory] internal total=375675 free=314119 largest=258048 bytes
[Memory] psram total=8388608 free=7942712 largest=7864320 bytes
[MultiFirm] layout=valid running=ota_0 address=0x20000 size=0x400000 host=valid
[Launcher] startup complete; starting single-task runtime
[Font] GenShinGothicMedium28 glyphs=340 bytes=170790
[WatchFace] digital cache=ready bytes=51728 internal
[Time] rtc_read=ok utc=2026-09-23 11:28:15 trusted=yes
[Slots] layout=supported
[Nvs] init=ESP_OK namespace=launcher
[Settings] brightness=105 screen_off=30s stored=ok
[Memory] ui-internal total=375675 free=258055 largest=204800 bytes
[Memory] ui-psram total=8388608 free=7939596 largest=7864320 bytes
[Icons] AppIcons count=5 size=44x44 bytes=9692
I (2079) esp_image: segment 0: paddr=00420020 vaddr=3c060020 size=59c34h (367668) map
I (2119) esp_image: segment 1: paddr=00479c5c vaddr=3fc97100 size=03544h ( 13636) 
I (2121) esp_image: segment 2: paddr=0047d1a8 vaddr=40374000 size=02e70h ( 11888) 
I (2123) esp_image: segment 3: paddr=00480020 vaddr=42000020 size=5a320h (369440) map
I (2162) esp_image: segment 4: paddr=004da348 vaddr=40376e70 size=101f4h ( 66036) 
I (2170) esp_image: segment 5: paddr=004ea544 vaddr=600fe000 size=00020h (    32) 
I (2171) multifirm-host: slot 1 image verification took 446 ms
I (2171) multifirm-host: slot 1 SHA-256 calculation took 195 ms
[Slots] slot=1 state=ready name=M5StopWatch-KantanPlay version=0.1.0 error=ESP_OK
I (2679) esp_image: segment 0: paddr=00610020 vaddr=3c0c0020 size=4b958h (309592) map
I (2710) esp_image: segment 1: paddr=0065b980 vaddr=3fc9fa00 size=04698h ( 18072) 
I (2713) esp_image: segment 2: paddr=00660020 vaddr=42000020 size=b7118h (749848) map
I (2777) esp_image: segment 3: paddr=00717140 vaddr=3fca4098 size=004f4h (  1268) 
I (2778) esp_image: segment 4: paddr=0071763c vaddr=40374000 size=1b920h (112928) 
I (2788) esp_image: segment 5: paddr=00732f64 vaddr=600fe000 size=00050h (    80) 
I (2789) multifirm-host: slot 2 image verification took 613 ms
I (2789) multifirm-host: slot 2 SHA-256 calculation took 276 ms
[Slots] slot=2 state=ready name=M5StopWatch-MuteHid version=0.0.1-phase0 error=ESP_OK
I (3142) esp_image: segment 0: paddr=00800020 vaddr=3c090020 size=2ae98h (175768) map
I (3161) esp_image: segment 1: paddr=0082aec0 vaddr=3fc98bf0 size=04cb4h ( 19636) 
I (3164) esp_image: segment 2: paddr=0082fb7c vaddr=40374000 size=0049ch (  1180) 
I (3165) esp_image: segment 3: paddr=00830020 vaddr=42000020 size=82d10h (535824) map
I (3221) esp_image: segment 4: paddr=008b2d38 vaddr=4037449c size=14748h ( 83784) 
I (3231) multifirm-host: slot 3 image verification took 438 ms
I (3232) multifirm-host: slot 3 SHA-256 calculation took 191 ms
[Slots] slot=3 state=ready name=VibeWatch version=esp-idf: v4.4.7 38eeba2 error=ESP_OK
