I (244) esp_image: segment 3: paddr=000b0020 vaddr=42000020 size=5db58h (383832) map
I (319) esp_image: segment 4: paddr=0010db80 vaddr=403749b0 size=11e78h ( 73336) load
I (335) esp_image: segment 5: paddr=0011fa00 vaddr=600fe000 size=00020h (    32) load
I (343) boot: Loaded app from partition at offset 0x20000
I (343) boot: Disabling RNG early entropy source...
I (353) octal_psram: vendor id    : 0x0d (AP)
I (353) octal_psram: dev id       : 0x02 (generation 3)
I (353) octal_psram: density      : 0x03 (64 Mbit)
I (355) octal_psram: good-die     : 0x01 (Pass)
I (360) octal_psram: Latency      : 0x01 (Fixed)
I (364) octal_psram: VCC          : 0x01 (3V)
I (368) octal_psram: SRF          : 0x01 (Fast Refresh)
I (373) octal_psram: BurstType    : 0x01 (Hybrid Wrap)
I (378) octal_psram: BurstLen     : 0x01 (32 Byte)
I (382) octal_psram: Readlatency  : 0x02 (10 cycles@Fixed)
I (388) octal_psram: DriveStrength: 0x00 (1/1)
I (392) MSPI Timing: PSRAM timing tuning index: 4
I (396) esp_psram: Found 8MB PSRAM device
I (400) esp_psram: Speed: 80MHz
I (403) cpu_start: Multicore app
I (688) esp_psram: SPI SRAM memory test OK
I (697) cpu_start: Pro cpu start user code
I (697) cpu_start: cpu freq: 240000000 Hz
I (697) app_init: Application information:
I (697) app_init: Project name:     wararyoLauncher
I (697) app_init: App version:      0.1.0-dev
I (697) app_init: Compile time:     Sep 22 2026 18:41:19
I (697) app_init: ELF file SHA256:  530dda37b...
I (698) app_init: ESP-IDF:          5.5.0
I (698) efuse_init: Min chip rev:     v0.0
I (698) efuse_init: Max chip rev:     v0.99 
I (698) efuse_init: Chip rev:         v0.2
I (698) heap_init: Initializing. RAM available for dynamic allocation:
I (698) heap_init: At 3FC9CB38 len 0004CBD8 (306 KiB): RAM
I (698) heap_init: At 3FCE9710 len 00005724 (21 KiB): RAM
I (699) heap_init: At 600FE020 len 00001FC8 (7 KiB): RTCRAM
I (699) esp_psram: Adding pool of 8192K of PSRAM memory to heap allocator
I (700) spi_flash: detected chip: generic
I (700) spi_flash: flash io: dio
I (701) sleep_gpio: Configure to isolate all GPIO pins in sleep state
I (701) sleep_gpio: Enable automatic switching of GPIO sleep configuration
I (0) main_task: Started on CPU1
I (1) esp_psram: Reserving pool of 32K of internal memory for DMA/internal allocations
I (1) main_task: Calling app_main()
I (22) M5GFX: [Autodetect] board_M5StopWatch
[Launcher] firmware=wararyoLauncher version=0.1.0-dev idf=5.5.0
[Board] recognized=30 display=468x468 cpu=240MHz core=1 tick=1000Hz
[Memory] flash_query=ESP_OK flash=16777216 psram=8388608 bytes
[Config] flash=DIO/80MHz psram=Octal/80MHz cache_instruction=16KiB cache_data=64KiB cache_line=64B
[Memory] internal total=377539 free=316235 largest=258048 bytes
[Memory] psram total=8388608 free=7942728 largest=7864320 bytes
[MultiFirm] layout=valid running=ota_0 address=0x20000 size=0x400000 host=valid
[Launcher] startup complete; starting single-task runtime
[Font] GenShinGothicMedium28 glyphs=337 bytes=168570
[WatchFace] digital cache=ready bytes=51728 internal
[Time] rtc_read=ok utc=2026-09-22 10:14:14 trusted=yes
[Slots] layout=supported
[Nvs] init=ESP_OK namespace=launcher
[Settings] brightness=105 screen_off=60s stored=ok
[Memory] ui-internal total=377539 free=260859 largest=208896 bytes
[Memory] ui-psram total=8388608 free=7939612 largest=7864320 bytes
[RuntimeDiag] enabled: 40ms busy work each cycle; CPU1 idle hook
I (2053) esp_image: segment 0: paddr=00420020 vaddr=3c060020 size=59c34h (367668) map
I (2085) esp_image: segment 1: paddr=00479c5c vaddr=3fc97100 size=03544h ( 13636) 
I (2087) esp_image: segment 2: paddr=0047d1a8 vaddr=40374000 size=02e70h ( 11888) 
I (2088) esp_image: segment 3: paddr=00480020 vaddr=42000020 size=5a320h (369440) map
I (2121) esp_image: segment 4: paddr=004da348 vaddr=40376e70 size=101f4h ( 66036) 
I (2127) esp_image: segment 5: paddr=004ea544 vaddr=600fe000 size=00020h (    32) 
I (2128) multifirm-host: slot 1 image verification took 419 ms
I (2128) multifirm-host: slot 1 SHA-256 calculation took 186 ms
[Slots] slot=1 state=ready name=M5StopWatch-KantanPlay version=0.1.0 error=ESP_OK
I (2626) esp_image: segment 0: paddr=00610020 vaddr=3c0c0020 size=4b958h (309592) map
I (2654) esp_image: segment 1: paddr=0065b980 vaddr=3fc9fa00 size=04698h ( 18072) 
I (2656) esp_image: segment 2: paddr=00660020 vaddr=42000020 size=b7118h (749848) map
I (2721) esp_image: segment 3: paddr=00717140 vaddr=3fca4098 size=004f4h (  1268) 
I (2722) esp_image: segment 4: paddr=0071763c vaddr=40374000 size=1b920h (112928) 
I (2733) esp_image: segment 5: paddr=00732f64 vaddr=600fe000 size=00050h (    80) 
I (2734) multifirm-host: slot 2 image verification took 602 ms
I (2734) multifirm-host: slot 2 SHA-256 calculation took 267 ms
[Slots] slot=2 state=ready name=M5StopWatch-MuteHid version=0.0.1-phase0 error=ESP_OK
I (3076) esp_image: segment 0: paddr=00800020 vaddr=3c090020 size=2ae98h (175768) map
I (3092) esp_image: segment 1: paddr=0082aec0 vaddr=3fc98bf0 size=04cb4h ( 19636) 
I (3095) esp_image: segment 2: paddr=0082fb7c vaddr=40374000 size=0049ch (  1180) 
I (3095) esp_image: segment 3: paddr=00830020 vaddr=42000020 size=82d10h (535824) map
I (3142) esp_image: segment 4: paddr=008b2d38 vaddr=4037449c size=14748h ( 83784) 
I (3151) multifirm-host: slot 3 image verification took 413 ms
I (3151) multifirm-host: slot 3 SHA-256 calculation took 183 ms
[Slots] slot=3 state=ready name=VibeWatch version=esp-idf: v4.4.7 38eeba2 error=ESP_OK
[RuntimeDiag] idle_cpu1=239 window_us=5033735
[RuntimeDiag] idle_cpu1=123 window_us=5008000
[RuntimeDiag] idle_cpu1=122 window_us=5007000
[RuntimeDiag] idle_cpu1=122 window_us=5007000
[RuntimeDiag] idle_cpu1=122 window_us=5007000
[RuntimeDiag] idle_cpu1=124 window_us=5011000
[RuntimeDiag] idle_cpu1=123 window_us=5008000
[RuntimeDiag] idle_cpu1=122 window_us=5007000
[RuntimeDiag] idle_cpu1=122 window_us=5006878
[RuntimeDiag] idle_cpu1=124 window_us=5012122
[RuntimeDiag] idle_cpu1=123 window_us=5008000
[Power] screen=off
[RuntimeDiag] idle_cpu1=123 window_us=5008000
[RuntimeDiag] idle_cpu1=122 window_us=5007000
[RuntimeDiag] idle_cpu1=122 window_us=5007000
[RuntimeDiag] idle_cpu1=122 window_us=5007000
[RuntimeDiag] idle_cpu1=122 window_us=5007000
[RuntimeDiag] idle_cpu1=122 window_us=5007011
[RuntimeDiag] idle_cpu1=122 window_us=5005989
[RuntimeDiag] idle_cpu1=122 window_us=5007000
