I (244) esp_image: segment 3: paddr=000b0020 vaddr=42000020 size=5cd08h (380168) map
I (318) esp_image: segment 4: paddr=0010cd30 vaddr=40374d38 size=11a14h ( 72212) load
I (334) esp_image: segment 5: paddr=0011e74c vaddr=600fe000 size=00020h (    32) load
I (342) boot: Loaded app from partition at offset 0x20000
I (342) boot: Disabling RNG early entropy source...
I (352) octal_psram: vendor id    : 0x0d (AP)
I (352) octal_psram: dev id       : 0x02 (generation 3)
I (352) octal_psram: density      : 0x03 (64 Mbit)
I (354) octal_psram: good-die     : 0x01 (Pass)
I (359) octal_psram: Latency      : 0x01 (Fixed)
I (363) octal_psram: VCC          : 0x01 (3V)
I (367) octal_psram: SRF          : 0x01 (Fast Refresh)
I (372) octal_psram: BurstType    : 0x01 (Hybrid Wrap)
I (377) octal_psram: BurstLen     : 0x01 (32 Byte)
I (381) octal_psram: Readlatency  : 0x02 (10 cycles@Fixed)
I (387) octal_psram: DriveStrength: 0x00 (1/1)
I (391) MSPI Timing: PSRAM timing tuning index: 10
I (395) esp_psram: Found 8MB PSRAM device
I (399) esp_psram: Speed: 80MHz
I (402) cpu_start: Multicore app
I (687) esp_psram: SPI SRAM memory test OK
I (696) cpu_start: Pro cpu start user code
I (696) cpu_start: cpu freq: 240000000 Hz
I (696) app_init: Application information:
I (696) app_init: Project name:     wararyoLauncher
I (696) app_init: App version:      0.1.0-dev
I (696) app_init: Compile time:     Sep 22 2026 18:39:08
I (696) app_init: ELF file SHA256:  0e6aa2dda...
I (697) app_init: ESP-IDF:          5.5.0
I (697) efuse_init: Min chip rev:     v0.0
I (697) efuse_init: Max chip rev:     v0.99 
I (697) efuse_init: Chip rev:         v0.2
I (697) heap_init: Initializing. RAM available for dynamic allocation:
I (697) heap_init: At 3FC9EAF8 len 0004AC18 (299 KiB): RAM
I (697) heap_init: At 3FCE9710 len 00005724 (21 KiB): RAM
I (698) heap_init: At 600FE020 len 00001FC8 (7 KiB): RTCRAM
I (698) esp_psram: Adding pool of 8192K of PSRAM memory to heap allocator
I (699) spi_flash: detected chip: generic
I (699) spi_flash: flash io: dio
I (700) sleep_gpio: Configure to isolate all GPIO pins in sleep state
I (700) sleep_gpio: Enable automatic switching of GPIO sleep configuration
I (0) main_task: Started on CPU1
I (1) esp_psram: Reserving pool of 32K of internal memory for DMA/internal allocations
I (1) main_task: Calling app_main()
I (22) M5GFX: [Autodetect] board_M5StopWatch
[Launcher] firmware=wararyoLauncher version=0.1.0-dev idf=5.5.0
[Board] recognized=30 display=468x468 cpu=240MHz core=1 tick=1000Hz
[Memory] flash_query=ESP_OK flash=16777216 psram=8388608 bytes
[Config] flash=DIO/80MHz psram=Octal/80MHz cache_instruction=16KiB cache_data=64KiB cache_line=64B
[Memory] internal total=369411 free=308107 largest=249856 bytes
[Memory] psram total=8388608 free=7942728 largest=7864320 bytes
[MultiFirm] layout=valid running=ota_0 address=0x20000 size=0x400000 host=valid
[Launcher] startup complete; starting single-task runtime
[Font] GenShinGothicMedium28 glyphs=337 bytes=168570
[WatchFace] digital cache=ready bytes=51728 internal
[Verify] FAIL unsupported glyph fallback
[Icons] AppIcons count=5 size=44x44 bytes=9692
[WatchFace] digital cache=direct bytes=51728 internal
[Renderer] element capacity exceeded: full repaint
[WatchFace] digital cache=ready bytes=51728 internal
[WatchFace] digital cache=ready bytes=51728 internal
[WatchFace] digital cache=ready bytes=51728 internal
[WatchFace] digital cache=ready bytes=51728 internal
[WatchFace] digital cache=ready bytes=51728 internal
[WatchFace] digital cache=ready bytes=51728 internal
[WatchFace] digital cache=ready bytes=51728 internal
[WatchFace] digital cache=ready bytes=51728 internal
[WatchFace] digital cache=ready bytes=51728 internal
[WatchFace] digital cache=ready bytes=51728 internal
[WatchFace] digital cache=ready bytes=51728 internal
[WatchFace] digital cache=ready bytes=51728 internal
[WatchFace] digital cache=ready bytes=51728 internal
[WatchFace] digital cache=ready bytes=51728 internal
[WatchFace] digital cache=ready bytes=51728 internal
[WatchFace] digital cache=ready bytes=51728 internal
[WatchFace] digital cache=ready bytes=51728 internal
[Verify] lifecycle internal_free_before=254991 after=254991
[Verify] checks=229 mismatches=1 result=FAIL
[RenderDiag] synthetic JST time / battery / slots; no RTC or flash read
[Nvs] init=ESP_OK namespace=launcher
[Settings] brightness=105 screen_off=60s stored=ok
[Memory] ui-internal total=369411 free=252819 largest=200704 bytes
[Memory] ui-psram total=8388608 free=7939612 largest=7864320 bytes
[Power] screen=off
[RenderDiag] transition-draw n=0 avg=0 max=0 p95_upper=1000 us over33333=0
[RenderDiag] scroll-draw n=0 avg=0 max=0 p95_upper=1000 us over33333=0
[RenderDiag] single-draw n=2 avg=14602 max=24699 p95_upper=25000 us over33333=0
[RenderDiag] transition-interval n=0 avg=0 max=0 p95_upper=1000 us over33333=0
[RenderDiag] transition-interval fps=0.00 (continuous pairs; keep moving)
[RenderDiag] scroll-interval n=0 avg=0 max=0 p95_upper=1000 us over33333=0
[RenderDiag] scroll-interval fps=0.00 (continuous pairs; keep moving)
[RenderDiag] sampled-input-to-end n=0 avg=0 max=0 p95_upper=1000 us over33333=0
[RenderDiag] wake-request-to-end n=0 avg=0 max=0 p95_upper=1000 us over33333=0
[RenderDiag] window_us=60005098 layouts=1 paints=1 stack_free=4588 internal_free=252799 internal_largest=200704 psram_free=7939612 psram_largest=7864320
[RenderDiag] transition-draw n=0 avg=0 max=0 p95_upper=1000 us over33333=0
[RenderDiag] scroll-draw n=0 avg=0 max=0 p95_upper=1000 us over33333=0
[RenderDiag] single-draw n=0 avg=0 max=0 p95_upper=1000 us over33333=0
[RenderDiag] transition-interval n=0 avg=0 max=0 p95_upper=1000 us over33333=0
[RenderDiag] transition-interval fps=0.00 (continuous pairs; keep moving)
[RenderDiag] scroll-interval n=0 avg=0 max=0 p95_upper=1000 us over33333=0
[RenderDiag] scroll-interval fps=0.00 (continuous pairs; keep moving)
[RenderDiag] sampled-input-to-end n=0 avg=0 max=0 p95_upper=1000 us over33333=0
[RenderDiag] wake-request-to-end n=0 avg=0 max=0 p95_upper=1000 us over33333=0
[RenderDiag] window_us=60008987 layouts=0 paints=0 stack_free=4588 internal_free=252799 internal_largest=200704 psram_free=7939612 psram_largest=7864320
