C:\Users\wararyo\Git\M5StopWatch-wararyoLauncher\.pio\build\m5stopwatch-measure\firmware.bin (host, 上限 4,194,304 bytes)
  kind: app  chip_id: 9  segments: 6
  flash header: DIO/80m/16MB
  chip rev: v0.0 .. v655.35
  image size: 1,178,752 bytes
  file: 1,178,752 bytes, SHA-256 2ad190a7f5d33d6ad72bd8deb8180867616121d9d30531878862021db081a3e1
  appended digest: e61f8c82f93ba04ec10c8c6e6974f0999732ddbd6467b6fc828a1e32ee69af28 [valid]
  project_name: 'wararyoLauncher'  version: '0.1.0-dev'
  idf_ver: 5.5.0  built: Sep 26 2026 18:38:17
  elf_sha256: 486dd7a0939ed810be43d5133d51828ab26be495cfd79202db61ad50598dec73
  ゲスト上限 0x1f0000: 可 / ホスト上限 0x400000: 可
  表示名候補: wararyoLauncher (project_name)
結果: 受け付け可能
入力 (ホスト): C:\Users\wararyo\Git\M5StopWatch-wararyoLauncher\.pio\build\m5stopwatch-measure\firmware.bin
  kind: app  chip_id: 9  segments: 6
  flash header: DIO/80m/16MB
  chip rev: v0.0 .. v655.35
  image size: 1,178,752 bytes
  file: 1,178,752 bytes, SHA-256 2ad190a7f5d33d6ad72bd8deb8180867616121d9d30531878862021db081a3e1
  appended digest: e61f8c82f93ba04ec10c8c6e6974f0999732ddbd6467b6fc828a1e32ee69af28 [valid]
  project_name: 'wararyoLauncher'  version: '0.1.0-dev'
  idf_ver: 5.5.0  built: Sep 26 2026 18:38:17
  elf_sha256: 486dd7a0939ed810be43d5133d51828ab26be495cfd79202db61ad50598dec73
書き込み計画:
  1. 全体バックアップを確認 (現状と一致しなければ新規取得)
  2. ota_0 全域消去 0x020000-0x420000 (4,194,304 bytes)
  3. ホスト書き込み・読み戻し検証 0x020000-0x13fc80 (1,178,752 bytes)
  4. ブートローダ・表・メタデータ・ゲスト3スロットがバックアップと一致することを確認
  書き込まない: ブートローダ / NVS / multifirm_nvs / otadata / ゲスト
DRY RUN: 実機には接続していません。実機のレイアウトは未検証です。
  --check-device で実機を読み取り検証、--execute で実行します。
[OK] generated SDK configuration
[OK] MultiFirm f5a8fd88f50dfb50c6e6e1e82bccc491a936bd47
[OK] all partition entries and generated binary match MultiFirm
[MultiFirm] host size: 1178752/4194304 bytes
[OK] overload diagnostics / synthetic clock / pixel checks / frame metrics / drain record / USB history isolated by environment
[OK] firmware SHA-256=2ad190a7f5d33d6ad72bd8deb8180867616121d9d30531878862021db081a3e1
[Build] project=wararyoLauncher version=0.1.0-dev IDF=5.5.0
[OK] host image inspection and install-host preview (no device access)
