C:\Users\wararyo\Git\M5StopWatch-wararyoLauncher\.pio\build\m5stopwatch\firmware.bin (host, 上限 4,194,304 bytes)
  kind: app  chip_id: 9  segments: 6
  flash header: DIO/80m/16MB
  chip rev: v0.0 .. v655.35
  image size: 1,081,408 bytes
  file: 1,081,408 bytes, SHA-256 09c5044a6b428c880c21c757c584ceb629bd8c20c997fdcff189a3f03ace53a6
  appended digest: c69a786744ed63c1d036b726285086fc8604b4e4781db53fd1283b01b51b391f [valid]
  project_name: 'wararyoLauncher'  version: '0.1.0-dev'
  idf_ver: 5.5.0  built: Sep 26 2026 13:52:45
  elf_sha256: a991403a2695375172aa5ea0115fe1af6de6ec36302d3477ba9c23e610c7b910
  ゲスト上限 0x1f0000: 可 / ホスト上限 0x400000: 可
  表示名候補: wararyoLauncher (project_name)
結果: 受け付け可能
入力 (ホスト): C:\Users\wararyo\Git\M5StopWatch-wararyoLauncher\.pio\build\m5stopwatch\firmware.bin
  kind: app  chip_id: 9  segments: 6
  flash header: DIO/80m/16MB
  chip rev: v0.0 .. v655.35
  image size: 1,081,408 bytes
  file: 1,081,408 bytes, SHA-256 09c5044a6b428c880c21c757c584ceb629bd8c20c997fdcff189a3f03ace53a6
  appended digest: c69a786744ed63c1d036b726285086fc8604b4e4781db53fd1283b01b51b391f [valid]
  project_name: 'wararyoLauncher'  version: '0.1.0-dev'
  idf_ver: 5.5.0  built: Sep 26 2026 13:52:45
  elf_sha256: a991403a2695375172aa5ea0115fe1af6de6ec36302d3477ba9c23e610c7b910
書き込み計画:
  1. 全体バックアップを確認 (現状と一致しなければ新規取得)
  2. ota_0 全域消去 0x020000-0x420000 (4,194,304 bytes)
  3. ホスト書き込み・読み戻し検証 0x020000-0x128040 (1,081,408 bytes)
  4. ブートローダ・表・メタデータ・ゲスト3スロットがバックアップと一致することを確認
  書き込まない: ブートローダ / NVS / multifirm_nvs / otadata / ゲスト
DRY RUN: 実機には接続していません。実機のレイアウトは未検証です。
  --check-device で実機を読み取り検証、--execute で実行します。
[OK] generated SDK configuration
[OK] MultiFirm f5a8fd88f50dfb50c6e6e1e82bccc491a936bd47
[OK] all partition entries and generated binary match MultiFirm
[MultiFirm] host size: 1081408/4194304 bytes
[OK] overload diagnostics / synthetic clock / pixel checks / frame metrics / drain record / USB history isolated by environment
[OK] firmware SHA-256=09c5044a6b428c880c21c757c584ceb629bd8c20c997fdcff189a3f03ace53a6
[Build] project=wararyoLauncher version=0.1.0-dev IDF=5.5.0
[OK] host image inspection and install-host preview (no device access)
