Processing m5stopwatch-render-check (platform: espressif32 @ 6.12.0; framework: espidf; board: m5stack-cores3)
--------------------------------------------------------------------------------
Verbose mode can be enabled via `-v, --verbose` option
CONFIGURATION: https://docs.platformio.org/page/boards/espressif32/m5stack-cores3.html
PLATFORM: Espressif 32 (6.12.0) > M5Stack CoreS3
HARDWARE: ESP32S3 240MHz, 320KB RAM, 4MB Flash
DEBUG: Current (cmsis-dap) External (cmsis-dap, esp-bridge, esp-builtin, esp-prog, iot-bus-jtag, jlink, minimodule, olimex-arm-usb-ocd, olimex-arm-usb-ocd-h, olimex-arm-usb-tiny-h, olimex-jtag-tiny, tumpa)
PACKAGES: 
 - framework-espidf @ 3.50500.0 (5.5.0) 
 - tool-cmake @ 3.30.2 
 - tool-esp-rom-elfs @ 0.0.1+20241011 
 - tool-esptoolpy @ 2.40900.250804 (4.9.0) 
 - tool-idf @ 1.0.1 
 - tool-mconf @ 1.4060000.20190628 (406.0.0) 
 - tool-ninja @ 1.9.0 
 - tool-riscv32-esp-elf-gdb @ 11.2.0+20220823 
 - tool-xtensa-esp-elf-gdb @ 11.2.0+20230208 
 - toolchain-esp32ulp @ 1.23800.240113 (2.38.0) 
 - toolchain-riscv32-esp @ 14.2.0+20241119 
 - toolchain-xtensa-esp-elf @ 14.2.0+20241119
Reading CMake configuration...
Generating assembly for certificate bundle...
LDF: Library Dependency Finder -> https://bit.ly/configure-pio-ldf
LDF Modes: Finder ~ chain, Compatibility ~ soft
Found 4 compatible libraries
Scanning dependencies...
Dependency Graph
|-- M5Unified @ 0.2.16
|-- M5GFX @ 0.2.28
|-- M5StopWatch-MultiFirm @ 0.1.0+sha.f5a8fd8
Building in release mode
Generating assembly for .pio\build\m5stopwatch-render-check\GenShinGothicMedium28.vlw.S
Generating assembly for .pio\build\m5stopwatch-render-check\AppIcons.bin.S
Generating assembly for .pio\build\m5stopwatch-render-check\DDinProExpSemiBold100.vlw.S
Generating assembly for .pio\build\m5stopwatch-render-check\DDinProCondensedSemiBold120.vlw.S
Generating assembly for .pio\build\m5stopwatch-render-check\DDinProExpBold28.vlw.S
Generating assembly for .pio\build\m5stopwatch-render-check\DDinProExpBold22.vlw.S
Compiling .pio\build\m5stopwatch-render-check\src\main.cpp.o
Compiling .pio\build\m5stopwatch-render-check\src\input\InputController.cpp.o
Compiling .pio\build\m5stopwatch-render-check\src\ui\rendering\Element.cpp.o
Compiling .pio\build\m5stopwatch-render-check\src\ui\rendering\Renderer.cpp.o
Compiling .pio\build\m5stopwatch-render-check\src\ui\graphics\Text.cpp.o
Compiling .pio\build\m5stopwatch-render-check\src\ui\graphics\VlwFont.cpp.o
Compiling .pio\build\m5stopwatch-render-check\src\ui\graphics\WatchFonts.cpp.o
Compiling .pio\build\m5stopwatch-render-check\src\ui\graphics\VlwGlyphs.cpp.o
Compiling .pio\build\m5stopwatch-render-check\src\ui\graphics\MaskImage.cpp.o
Compiling .pio\build\m5stopwatch-render-check\src\ui\list\ListController.cpp.o
Compiling .pio\build\m5stopwatch-render-check\src\ui\list\ListView.cpp.o
Compiling .pio\build\m5stopwatch-render-check\src\ui\overlays\ToastLayer.cpp.o
Compiling .pio\build\m5stopwatch-render-check\src\ui\overlays\StatsOverlay.cpp.o
Compiling .pio\build\m5stopwatch-render-check\src\host\ScreenManager.cpp.o
Compiling .pio\build\m5stopwatch-render-check\src\host\HostRuntime.cpp.o
Compiling .pio\build\m5stopwatch-render-check\src\host\HostRenderer.cpp.o
Compiling .pio\build\m5stopwatch-render-check\src\host\RenderDiagnostics.cpp.o
Compiling .pio\build\m5stopwatch-render-check\src\hal\M5Hal.cpp.o
Compiling .pio\build\m5stopwatch-render-check\src\hal\InputWake.cpp.o
Compiling .pio\build\m5stopwatch-render-check\src\power\DrainLog.cpp.o
Compiling .pio\build\m5stopwatch-render-check\src\power\UsbDiag.cpp.o
Compiling .pio\build\m5stopwatch-render-check\src\services\TimeService.cpp.o
Compiling .pio\build\m5stopwatch-render-check\src\features\home\HomeDataSource.cpp.o
Compiling .pio\build\m5stopwatch-render-check\src\services\StopwatchService.cpp.o
Compiling .pio\build\m5stopwatch-render-check\src\storage\SettingsStore.cpp.o
Compiling .pio\build\m5stopwatch-render-check\src\storage\NvsBackend.cpp.o
Compiling .pio\build\m5stopwatch-render-check\src\features\home\HomeLayer.cpp.o
Compiling .pio\build\m5stopwatch-render-check\src\features\home\faces\DigitalWatchFace.cpp.o
Compiling .pio\build\m5stopwatch-render-check\src\assets\AppIcons.cpp.o
Compiling .pio\build\m5stopwatch-render-check\src\features\launcher\AppListLayer.cpp.o
Compiling .pio\build\m5stopwatch-render-check\src\features\launcher\AppListBackgroundLayer.cpp.o
Compiling .pio\build\m5stopwatch-render-check\src\features\launcher\LauncherController.cpp.o
Compiling .pio\build\m5stopwatch-render-check\src\features\settings\SettingsScreen.cpp.o
Compiling .pio\build\m5stopwatch-render-check\src\features\settings\SettingsLayer.cpp.o
Compiling .pio\build\m5stopwatch-render-check\src\features\external\ExternalAppScreen.cpp.o
Compiling .pio\build\m5stopwatch-render-check\src\features\external\ExternalLayer.cpp.o
Compiling .pio\build\m5stopwatch-render-check\src\features\stopwatch\StopwatchFormat.cpp.o
Compiling .pio\build\m5stopwatch-render-check\src\features\stopwatch\StopwatchScreen.cpp.o
Compiling .pio\build\m5stopwatch-render-check\src\features\stopwatch\StopwatchLayer.cpp.o
Compiling .pio\build\m5stopwatch-render-check\src\features\stopwatch\StopwatchBackgroundInfo.cpp.o
Compiling .pio\build\m5stopwatch-render-check\src\features\background\BackgroundInfoHub.cpp.o
Compiling .pio\build\m5stopwatch-render-check\src\multifirm\MultiFirmAdapter.cpp.o
Compiling .pio\build\m5stopwatch-render-check\.pio\build\m5stopwatch-render-check\GenShinGothicMedium28.vlw.S.o
Compiling .pio\build\m5stopwatch-render-check\.pio\build\m5stopwatch-render-check\AppIcons.bin.S.o
Compiling .pio\build\m5stopwatch-render-check\.pio\build\m5stopwatch-render-check\DDinProExpSemiBold100.vlw.S.o
Compiling .pio\build\m5stopwatch-render-check\.pio\build\m5stopwatch-render-check\DDinProCondensedSemiBold120.vlw.S.o
Compiling .pio\build\m5stopwatch-render-check\.pio\build\m5stopwatch-render-check\DDinProExpBold28.vlw.S.o
Compiling .pio\build\m5stopwatch-render-check\.pio\build\m5stopwatch-render-check\DDinProExpBold22.vlw.S.o
Generating LD script .pio\build\m5stopwatch-render-check\esp-idf\esp_system\ld\memory.ld.in
Generating LD script .pio\build\m5stopwatch-render-check\esp-idf\esp_system\ld\sections.ld.in
Compiling .pio\build\m5stopwatch-render-check\app_trace\app_trace.c.o
Compiling .pio\build\m5stopwatch-render-check\app_trace\app_trace_util.c.o
Compiling .pio\build\m5stopwatch-render-check\app_trace\host_file_io.c.o
Compiling .pio\build\m5stopwatch-render-check\app_trace\port\port_uart.c.o
Generating LD script .pio\build\m5stopwatch-render-check\memory.ld
pio : src/features/settings/SettingsLayer.cpp: In member function 'virtual void launcher::SettingsLayer::paint(launcher
::Gfx&, const launcher::PaintContext&)':
At line:1 char:302
+ ... tch {} } }; pio run -e m5stopwatch-render-check *> docs/task10/202609 ...
+                 ~~~~~~~~~~~~~~~~~~~~~~~~~~~~~~~~~~~~~~~~~~~~~~~~~~~~~~~~~
    + CategoryInfo          : NotSpecified: (src/features/se...aintContext&)'::String) [], RemoteException
    + FullyQualifiedErrorId : NativeCommandError
 
src/features/settings/SettingsLayer.cpp:96:46: error: 'frame' was not declared in this scope
   96 |     if (shown_==Shown::Menu) { menu_.paint(g,frame); return; }
      |                                              ^~~~~
Compiling .pio\build\m5stopwatch-render-check\app_update\esp_ota_ops.c.o
Compiling .pio\build\m5stopwatch-render-check\app_update\esp_ota_app_desc.c.o
Compiling .pio\build\m5stopwatch-render-check\bootloader_support\src\bootloader_common.c.o
Compiling .pio\build\m5stopwatch-render-check\bootloader_support\src\bootloader_common_loader.c.o
Compiling .pio\build\m5stopwatch-render-check\bootloader_support\src\bootloader_clock_init.c.o
Compiling .pio\build\m5stopwatch-render-check\bootloader_support\src\bootloader_mem.c.o
Compiling .pio\build\m5stopwatch-render-check\bootloader_support\src\bootloader_random.c.o
Compiling .pio\build\m5stopwatch-render-check\bootloader_support\src\bootloader_efuse.c.o
Compiling .pio\build\m5stopwatch-render-check\bootloader_support\src\flash_encrypt.c.o
Compiling .pio\build\m5stopwatch-render-check\bootloader_support\src\secure_boot.c.o
Archiving .pio\build\m5stopwatch-render-check\esp-idf\app_trace\libapp_trace.a
Compiling .pio\build\m5stopwatch-render-check\bootloader_support\src\bootloader_random_esp32s3.c.o
Compiling .pio\build\m5stopwatch-render-check\bootloader_support\bootloader_flash\src\bootloader_flash.c.o
*** [.pio\build\m5stopwatch-render-check\src\features\settings\SettingsLayer.cpp.o] Error 1
Indexing .pio\build\m5stopwatch-render-check\esp-idf\app_trace\libapp_trace.a
========================= [FAILED] Took 34.69 seconds =========================

Environment               Status    Duration
------------------------  --------  ------------
m5stopwatch-render-check  FAILED    00:00:34.689
==================== 1 failed, 0 succeeded in 00:00:34.689 ====================
