入力 (ホスト): C:\Users\wararyo\Git\M5StopWatch-wararyoLauncher\.pio\build\m5stopwatch-render-check\firmware.bin
  kind: app  chip_id: 9  segments: 6
  flash header: DIO/80m/16MB
  chip rev: v0.0 .. v655.35
  image size: 1,083,008 bytes
  file: 1,083,008 bytes, SHA-256 230fca23f5d1e261a0122660d48187a744297b7fb26b95e8ca8d17ee2f2a07b5
  appended digest: 4d476b7f7ac7ca30de177d6da141ba0c8eea19d6382636d4f05fb1810483d5a1 [valid]
  project_name: 'wararyoLauncher'  version: '0.1.0-dev'
  idf_ver: 5.5.0  built: Sep 26 2026 14:27:36
  elf_sha256: dc581d4003bf6181b9a8e52fb0a0d5b16b3326e982c7c5fec89a8cba2e5ad724
書き込み計画:
  1. 全体バックアップを確認 (現状と一致しなければ新規取得)
  2. ota_0 全域消去 0x020000-0x420000 (4,194,304 bytes)
  3. ホスト書き込み・読み戻し検証 0x020000-0x128680 (1,083,008 bytes)
  4. ブートローダ・表・メタデータ・ゲスト3スロットがバックアップと一致することを確認
  書き込まない: ブートローダ / NVS / multifirm_nvs / otadata / ゲスト
MultiFirm 0.1.0 / Python 3.11.7
ログ: C:\Users\wararyo\Git\M5StopWatch-wararyoLauncher\.pio\libdeps\m5stopwatch\M5StopWatch-MultiFirm\.multifirm\logs\20260926-143229-install-host.log
リセット方針: 接続時は default_reset でダウンロードモードへ入り、各操作の間は no_reset でダウンロードモードのまま続ける。成功時だけ hard_reset でアプリへ戻す
接続: COM11 ESP32-S3 (QFN56) (revision v0.2) MAC 28:84:85:43:a7:c0 flash 16MB esptool 4.12.0
パーティション表: multifirm-v1 (SHA-256 6c92c0cb61094b26574e11fd087c959531a3ddb270259f0aed069d7cbcae0079)
バックアップ C:\Users\wararyo\Git\M5StopWatch-wararyoLauncher\.pio\libdeps\m5stopwatch\M5StopWatch-MultiFirm\.multifirm\backups\backup-28848543a7c0-20260923-004238.bin: 現状と一致
実行:
  消去 ota_0: 0x020000-0x420000 (4,194,304 bytes)
    消去済みを確認
  書き込み ota_0: 0x020000-0x128680 (1,083,008 bytes) SHA-256 230fca23f5d1e261a0122660d48187a744297b7fb26b95e8ca8d17ee2f2a07b5
    読み戻し一致
    イメージ検証 OK (digest 4d476b7f7ac7ca30de177d6da141ba0c8eea19d6382636d4f05fb1810483d5a1)
  ブートローダ・表・メタデータ・ゲストがバックアップと一致
  不変を確認: nvs, otadata, phy_init, multifirm_nvs
hard reset でアプリへ戻しました
install-host 完了
