I (349) esp_image: segment 4: paddr=00139074 vaddr=403765e0 size=12bf8h ( 76792) load

I (366) esp_image: segment 5: paddr=0014bc74 vaddr=600fe000 size=00050h (    80) load

I (375) boot: Loaded app from partition at offset 0x20000

I (375) boot: Disabling RNG early entropy source...

I (385) octal_psram: vendor id    : 0x0d (AP)

I (385) octal_psram: dev id       : 0x02 (generation 3)

I (385) octal_psram: density      : 0x03 (64 Mbit)

I (387) octal_psram: good-die     : 0x01 (Pass)

I (391) octal_psram: Latency      : 0x01 (Fixed)

I (396) octal_psram: VCC          : 0x01 (3V)

I (400) octal_psram: SRF          : 0x01 (Fast Refresh)

I (405) octal_psram: BurstType    : 0x01 (Hybrid Wrap)

I (410) octal_psram: BurstLen     : 0x01 (32 Byte)

I (414) octal_psram: Readlatency  : 0x02 (10 cycles@Fixed)

I (419) octal_psram: DriveStrength: 0x00 (1/1)

I (424) MSPI Timing: PSRAM timing tuning index: 4

I (428) esp_psram: Found 8MB PSRAM device

I (432) esp_psram: Speed: 80MHz

I (435) cpu_start: Multicore app

I (720) esp_psram: SPI SRAM memory test OK

I (728) cpu_start: Pro cpu start user code

I (728) cpu_start: cpu freq: 240000000 Hz

I (729) app_init: Application information:

I (729) app_init: Project name:     wararyoLauncher

I (729) app_init: App version:      0.1.0-dev

I (729) app_init: Compile time:     Sep 27 2026 14:42:54

I (729) app_init: ELF file SHA256:  d46951577...

I (729) app_init: ESP-IDF:          5.5.0

I (729) efuse_init: Min chip rev:     v0.0

I (730) efuse_init: Max chip rev:     v0.99 

I (730) efuse_init: Chip rev:         v0.2

I (730) heap_init: Initializing. RAM available for dynamic allocation:

I (730) heap_init: At 3FCA9E90 len 0003F880 (254 KiB): RAM

I (730) heap_init: At 3FCE9710 len 00005724 (21 KiB): RAM

I (730) heap_init: At 600FE050 len 00001F98 (7 KiB): RTCRAM

I (731) esp_psram: Adding pool of 8192K of PSRAM memory to heap allocator

I (732) spi_flash: detected chip: generic

I (732) spi_flash: flash io: dio

I (733) sleep_gpio: Configure to isolate all GPIO pins in sleep state

I (733) sleep_gpio: Enable automatic switching of GPIO sleep configuration

I (0) main_task: Started on CPU1

I (1) esp_psram: Reserving pool of 32K of internal memory for DMA/internal allocations

I (1) main_task: Calling app_main()

I (22) M5GFX: [Autodetect] board_M5StopWatch

[Display] framebuffer readback=yes

I (277) pm: Frequency switching config: CPU_MAX: 240, APB_MAX: 80, APB_MIN: 80, Light sleep: ENABLED

I (277) sleep: Code start at 0x42000020, total 430156, data start at 0x3c000000, total 33554432 Bytes

[Power] dfs max=240MHz min=80MHz light_sleep=1 lock=ESP_OK result=ESP_OK

[Launcher] firmware=wararyoLauncher version=0.1.0-dev idf=5.5.0

[Board] recognized=30 display=468x468 cpu=240MHz core=1 tick=1000Hz

[Memory] flash_query=ESP_OK flash=16777216 psram=8388608 bytes

[Config] flash=DIO/80MHz psram=Octal/80MHz cache_instruction=16KiB cache_data=64KiB cache_line=64B

[Memory] internal total=323387 free=244667 largest=196608 bytes

[Memory] psram total=8388608 free=7942712 largest=7864320 bytes

[MultiFirm] layout=valid running=ota_0 address=0x20000 size=0x400000 host=valid

[Launcher] startup complete; starting single-task runtime

[Nvs] init=ESP_OK namespace=launcher

[Font] GenShinGothicMedium28 glyphs=350 bytes=177738

[WatchFace] stored selection=ok id=digital

[Font] DDinProExpBold28 glyphs=95 bytes=25562

[Font] DDinProExpBold22 glyphs=95 bytes=17205

[Font] DDinProExpSemiBold100 glyphs ascent=71 descent=1 bytes=31970

[WatchFace] digital fonts time=vlw text=vlw small=vlw wide=vlw hour=114 minute=115 colon=22

[WatchFace] digital cache time=3/3 internal_bytes=59584 items=2/2 psram_bytes=76032

[Time] rtc_read=ok utc=2026-09-27 15:19:41 trusted=yes

[Slots] layout=supported

[Settings] brightness=180 screen_off=60s stored=ok

[Memory] ui-internal total=323387 free=179127 largest=139264 bytes

[Memory] ui-psram total=8388608 free=7859924 largest=7733248 bytes

[Icons] AppIcons count=5 size=44x44 bytes=9692

I (2136) esp_image: segment 0: paddr=00420020 vaddr=3c060020 size=59c34h (367668) map

I (2168) esp_image: segment 1: paddr=00479c5c vaddr=3fc97100 size=03544h ( 13636) 

I (2170) esp_image: segment 2: paddr=0047d1a8 vaddr=40374000 size=02e70h ( 11888) 

I (2171) esp_image: segment 3: paddr=00480020 vaddr=42000020 size=5a320h (369440) map

I (2203) esp_image: segment 4: paddr=004da348 vaddr=40376e70 size=101f4h ( 66036) 

I (2209) esp_image: segment 5: paddr=004ea544 vaddr=600fe000 size=00020h (    32) 

I (2210) multifirm-host: slot 1 image verification took 425 ms

I (2210) multifirm-host: slot 1 SHA-256 calculation took 190 ms

[Slots] slot=1 state=ready name=KantanPlay version=0.1.0 error=ESP_OK

I (2718) esp_image: segment 0: paddr=00610020 vaddr=3c0c0020 size=4b958h (309592) map

I (2747) esp_image: segment 1: paddr=0065b980 vaddr=3fc9fa00 size=04698h ( 18072) 

I (2750) esp_image: segment 2: paddr=00660020 vaddr=42000020 size=b70d4h (749780) map

I (2816) esp_image: segment 3: paddr=007170fc vaddr=3fca4098 size=004f4h (  1268) 

I (2817) esp_image: segment 4: paddr=007175f8 vaddr=40374000 size=1b920h (112928) 

I (2827) esp_image: segment 5: paddr=00732f20 vaddr=600fe000 size=00050h (    80) 

I (2827) multifirm-host: slot 2 image verification took 614 ms

I (2828) multifirm-host: slot 2 SHA-256 calculation took 273 ms

[Slots] slot=2 state=ready name=MuteHid version=0.0.1-phase0 error=ESP_OK

I (3177) esp_image: segment 0: paddr=00800020 vaddr=3c090020 size=2ae98h (175768) map

I (3193) esp_image: segment 1: paddr=0082aec0 vaddr=3fc98bf0 size=04cb4h ( 19636) 

I (3195) esp_image: segment 2: paddr=0082fb7c vaddr=40374000 size=0049ch (  1180) 

I (3196) esp_image: segment 3: paddr=00830020 vaddr=42000020 size=82d10h (535824) map

I (3242) esp_image: segment 4: paddr=008b2d38 vaddr=4037449c size=14748h ( 83784) 

I (3250) multifirm-host: slot 3 image verification took 418 ms

I (3250) multifirm-host: slot 3 SHA-256 calculation took 187 ms

[Slots] slot=3 state=ready name=VibeWatch version=esp-idf: v4.4.7 38eeba2 error=ESP_OK

[UsbDiag] history now=3s n=1

[UsbDiag] t=0s sof=1 vbus=1

[UsbDiag] history now=36s n=3

[UsbDiag] t=0s sof=1 vbus=1

[UsbDiag] t=33s sof=0 vbus=1

[UsbDiag] t=34s sof=1 vbus=1

[RenderDiag] transition-draw n=419 avg=18690 max=27126 p95_upper=25000 us over33333=0

[RenderDiag] scroll-draw n=186 avg=22531 max=31391 p95_upper=29000 us over33333=0

[RenderDiag] settings-scroll-draw n=0 avg=0 max=0 p95_upper=1000 us over33333=0

[RenderDiag] stopwatch-draw n=0 avg=0 max=0 p95_upper=1000 us over33333=0

[RenderDiag] settings-single-draw n=0 avg=0 max=0 p95_upper=1000 us over33333=0

[RenderDiag] single-draw n=50 avg=10628 max=30487 p95_upper=27000 us over33333=0

[RenderDiag] transition-interval n=409 avg=45586 max=3520940 p95_upper=71000 us over33333=33

[RenderDiag] transition-interval-cont n=400 avg=24881 max=189480 p95_upper=44000 us over33333=24

[RenderDiag] transition-interval fps=21.94 cont_fps=40.19 pauses=9 longest_pause=3520940 us

[RenderDiag] scroll-interval n=181 avg=31003 max=789870 p95_upper=35000 us over33333=10

[RenderDiag] scroll-interval-cont n=180 avg=26787 max=178964 p95_upper=33000 us over33333=9

[RenderDiag] scroll-interval fps=32.25 cont_fps=37.33 pauses=1 longest_pause=789870 us

[RenderDiag] settings-scroll-interval n=0 avg=0 max=0 p95_upper=1000 us over33333=0

[RenderDiag] settings-scroll-interval-cont n=0 avg=0 max=0 p95_upper=1000 us over33333=0

[RenderDiag] settings-scroll-interval fps=0.00 cont_fps=0.00 pauses=0 longest_pause=0 us

[RenderDiag] stopwatch-interval n=0 avg=0 max=0 p95_upper=1000 us over33333=0

[RenderDiag] stopwatch-interval-cont n=0 avg=0 max=0 p95_upper=1000 us over33333=0

[RenderDiag] stopwatch-interval fps=0.00 cont_fps=0.00 pauses=0 longest_pause=0 us

[RenderDiag] sampled-input-to-end n=476 avg=21210 max=32578 p95_upper=28000 us over33333=0

[RenderDiag] wake-request-to-end n=0 avg=0 max=0 p95_upper=1000 us over33333=0

[RenderDiag] window_us=60244987 loops=1415 layouts=766 paints=654 stack_free=5076 internal_free=178623 internal_largest=126976 psram_free=7789748 psram_largest=7733248

[RenderDiag] list_cache bytes=68908 allocations=5 failures=0 fits=5 renders=57

[RenderDiag] settings_list_cache bytes=0 allocations=0 failures=0 fits=0 renders=0

[UsbDiag] history now=83s n=5

[UsbDiag] t=0s sof=1 vbus=1

[UsbDiag] t=33s sof=0 vbus=1

[UsbDiag] t=34s sof=1 vbus=1

[UsbDiag] t=80s sof=0 vbus=1

[UsbDiag] t=81s sof=1 vbus=1

[Power] screen=off

[RenderDiag] transition-draw n=0 avg=0 max=0 p95_upper=1000 us over33333=0

[RenderDiag] scroll-draw n=0 avg=0 max=0 p95_upper=1000 us over33333=0

[RenderDiag] settings-scroll-draw n=0 avg=0 max=0 p95_upper=1000 us over33333=0

[RenderDiag] stopwatch-draw n=0 avg=0 max=0 p95_upper=1000 us over33333=0

[RenderDiag] settings-single-draw n=0 avg=0 max=0 p95_upper=1000 us over33333=0

[RenderDiag] single-draw n=56 avg=3245 max=5455 p95_upper=4000 us over33333=0

[RenderDiag] transition-interval n=0 avg=0 max=0 p95_upper=1000 us over33333=0

[RenderDiag] transition-interval-cont n=0 avg=0 max=0 p95_upper=1000 us over33333=0

[RenderDiag] transition-interval fps=0.00 cont_fps=0.00 pauses=0 longest_pause=0 us

[RenderDiag] scroll-interval n=0 avg=0 max=0 p95_upper=1000 us over33333=0

[RenderDiag] scroll-interval-cont n=0 avg=0 max=0 p95_upper=1000 us over33333=0

[RenderDiag] scroll-interval fps=0.00 cont_fps=0.00 pauses=0 longest_pause=0 us

[RenderDiag] settings-scroll-interval n=0 avg=0 max=0 p95_upper=1000 us over33333=0

[RenderDiag] settings-scroll-interval-cont n=0 avg=0 max=0 p95_upper=1000 us over33333=0

[RenderDiag] settings-scroll-interval fps=0.00 cont_fps=0.00 pauses=0 longest_pause=0 us

[RenderDiag] stopwatch-interval n=0 avg=0 max=0 p95_upper=1000 us over33333=0

[RenderDiag] stopwatch-interval-cont n=0 avg=0 max=0 p95_upper=1000 us over33333=0

[RenderDiag] stopwatch-interval fps=0.00 cont_fps=0.00 pauses=0 longest_pause=0 us

[RenderDiag] sampled-input-to-end n=0 avg=0 max=0 p95_upper=1000 us over33333=0

[RenderDiag] wake-request-to-end n=0 avg=0 max=0 p95_upper=1000 us over33333=0

[RenderDiag] window_us=60057632 loops=122 layouts=59 paints=56 stack_free=5076 internal_free=178623 internal_largest=126976 psram_free=7789748 psram_largest=7733248

[RenderDiag] list_cache bytes=68908 allocations=5 failures=0 fits=5 renders=57

[RenderDiag] settings_list_cache bytes=0 allocations=0 failures=0 fits=0 renders=0

[Power] screen=on


[capture] 150s -> docs\task10\20260928-10-6-digital-operations.log
