E (55537) task_wdt: Task watchdog got triggered. The following t[Verify] forest slow drag ends at transition=0.412
[WatchFace] forest fonts time=vlw hour=99 minute=100 colon=21 cache time=0/3 internal_bytes=0
[WatchFace] forest fonts time=vlw hour=99 minute=100 colon=21 cache time=3/3 internal_bytes=61410
[WatchFace] forest fonts time=vlw hour=99 minute=100 colon=21 cache time=0/3 internal_bytes=0
[WatchFace] forest fonts time=vlw hour=99 minute=100 colon=21 cache time=3/3 internal_bytes=61410
[WatchFace] forest fonts time=vlw hour=99 minute=100 colon=21 cache time=0/3 internal_bytes=0
[WatchFace] forest fonts time=vlw hour=99 minute=100 colon=21 cache time=3/3 internal_bytes=61410
[Renderer] element capacity exceeded: full repaint
[WatchFace] digital fonts time=vlw text=vlw small=vlw wide=vlw hour=114 minute=115 colon=22
[WatchFace] digital cache time=3/3 internal_bytes=59584 items=2/2 psram_bytes=76032
[WatchFace] forest fonts time=vlw hour=99 minute=100 colon=21 cache time=3/3 internal_bytes=61410
[WatchFace] digital fonts time=vlw text=vlw small=vlw wide=vlw hour=114 minute=115 colon=22
[WatchFace] digital cache time=3/3 internal_bytes=59584 items=2/2 psram_bytes=76032
[WatchFace] forest fonts time=vlw hour=99 minute=100 colon=21 cache time=3/3 internal_bytes=61410
[WatchFace] digital fonts time=vlw text=vlw small=vlw wide=vlw hour=114 minute=115 colon=22
[WatchFace] digital cache time=3/3 internal_bytes=59584 items=2/2 psram_bytes=76032
[WatchFace] forest fonts time=vlw hour=99 minute=100 colon=21 cache time=3/3 internal_bytes=61410
[WatchFace] digital fonts time=vlw text=vlw small=vlw wide=vlw hour=114 minute=115 colon=22
[WatchFace] digital cache time=3/3 internal_bytes=59584 items=2/2 psram_bytes=76032
[WatchFace] forest fonts time=vlw hour=99 minute=100 colon=21 cache time=3/3 internal_bytes=61410
[WatchFace] digital fonts time=vlw text=vlw small=vlw wide=vlw hour=114 minute=115 colon=22
[WatchFace] digital cache time=3/3 internal_bytes=59584 items=2/2 psram_bytes=76032
[WatchFace] forest fonts time=vlw hour=99 minute=100 colon=21 cache time=3/3 internal_bytes=61410
[WatchFace] digital fonts time=vlw text=vlw small=vlw wide=vlw hour=114 minute=115 colon=22
[WatchFace] digital cache time=3/3 internal_bytes=59584 items=2/2 psram_bytes=76032
[WatchFace] forest fonts time=vlw hour=99 minute=100 colon=21 cache time=3/3 internal_bytes=61410
[WatchFace] digital fonts time=vlw text=vlw small=vlw wide=vlw hour=114 minute=115 colon=22
[WatchFace] digital cache time=3/3 internal_bytes=59584 items=2/2 psram_bytes=76032
[WatchFace] forest fonts time=vlw hour=99 minute=100 colon=21 cache time=3/3 internal_bytes=61410
[WatchFace] digital fonts time=vlw text=vlw small=vlw wide=vlw hour=114 minute=115 colon=22
[WatchFace] digital cache time=3/3 internal_bytes=59584 items=2/2 psram_bytes=76032
[WatchFace] forest fonts time=vlw hour=99 minute=100 colon=21 cache time=3/3 internal_bytes=61410
[WatchFace] digital fonts time=vlw text=vlw small=vlw wide=vlw hour=114 minute=115 colon=22
[WatchFace] digital cache time=3/3 internal_bytes=59584 items=2/2 psram_bytes=76032
[WatchFace] forest fonts time=vlw hour=99 minute=100 colon=21 cache time=3/3 internal_bytes=61410
[WatchFace] digital fonts time=vlw text=vlw small=vlw wide=vlw hour=114 minute=115 colon=22
[WatchFace] digital cache time=3/3 internal_bytes=59584 items=2/2 psram_bytes=76032
[WatchFace] forest fonts time=vlw hour=99 minute=100 colon=21 cache time=3/3 internal_bytes=61410
[WatchFace] digital fonts time=vlw text=vlw small=vlw wide=vlw hour=114 minute=115 colon=22
[WatchFace] digital cache time=3/3 internal_bytes=59584 items=2/2 psram_bytes=76032
[WatchFace] forest fonts time=vlw hour=99 minute=100 colon=21 cache time=3/3 internal_bytes=61410
[WatchFace] digital fonts time=vlw text=vlw small=vlw wide=vlw hour=114 minute=115 colon=22
[WatchFace] digital cache time=3/3 internal_bytes=59584 items=2/2 psram_bytes=76032
[WatchFace] forest fonts time=vlw hour=99 minute=100 colon=21 cache time=3/3 internal_bytes=61410
[WatchFace] digital fonts time=vlw text=vlw small=vlw wide=vlw hour=114 minute=115 colon=22
[WatchFace] digital cache time=3/3 internal_bytes=59584 items=2/2 psram_bytes=76032
[WatchFace] forest fonts time=vlw hour=99 minute=100 colon=21 cache time=3/3 internal_bytes=61410
[WatchFace] digital fonts time=vlw text=vlw small=vlw wide=vlw hour=114 minute=115 colon=22
[WatchFace] digital cache time=3/3 internal_bytes=59584 items=2/2 psram_bytes=76032
[WatchFace] forest fonts time=vlw hour=99 minute=100 colon=21 cache time=3/3 internal_bytes=61410
[WatchFace] digital fonts time=vlw text=vlw small=vlw wide=vlw hour=114 minute=115 colon=22
[WatchFace] digital cache time=3/3 internal_bytes=59584 items=2/2 psram_bytes=76032
[WatchFace] forest fonts time=vlw hour=99 minute=100 colon=21 cache time=3/3 internal_bytes=61410
[WatchFace] digital fonts time=vlw text=vlw small=vlw wide=vlw hour=114 minute=115 colon=22
[WatchFace] digital cache time=3/3 internal_bytes=59584 items=2/2 psram_bytes=76032
[WatchFace] forest fonts time=vlw hour=99 minute=100 colon=21 cache time=3/3 internal_bytes=61410
[Verify] faces internal_free_before=175607 after=175607
[WatchFace] digital fonts time=vlw text=vlw small=vlw wide=vlw hour=114 minute=115 colon=22
[WatchFace] digital cache time=3/3 internal_bytes=59584 items=2/2 psram_bytes=76032
[WatchFace] digital fonts time=vlw text=vlw small=vlw wide=vlw hour=114 minute=115 colon=22
[WatchFace] digital cache time=3/3 internal_bytes=59584 items=2/2 psram_bytes=76032
[WatchFace] digital fonts time=vlw text=vlw small=vlw wide=vlw hour=114 minute=115 colon=22
[WatchFace] digital cache time=3/3 internal_bytes=59584 items=2/2 psram_bytes=76032
[WatchFace] digital fonts time=vlw text=vlw small=vlw wide=vlw hour=114 minute=115 colon=22
[WatchFace] digital cache time=3/3 internal_bytes=59584 items=2/2 psram_bytes=76032
[WatchFace] digital fonts time=vlw text=vlw small=vlw wide=vlw hour=114 minute=115 colon=22
[WatchFace] digital cache time=3/3 internal_bytes=59584 items=2/2 psram_bytes=76032
[WatchFace] digital fonts time=vlw text=vlw small=vlw wide=vlw hour=114 minute=115 colon=22
[WatchFace] digital cache time=3/3 internal_bytes=59584 items=2/2 psram_bytes=76032
[WatchFace] digital fonts time=vlw text=vlw small=vlw wide=vlw hour=114 minute=115 colon=22
[WatchFace] digital cache time=3/3 internal_bytes=59584 items=2/2 psram_bytes=76032
[WatchFace] digital fonts time=vlw text=vlw small=vlw wide=vlw hour=114 minute=115 colon=22
[WatchFace] digital cache time=3/3 internal_bytes=59584 items=2/2 psram_bytes=76032
[WatchFace] digital fonts time=vlw text=vlw small=vlw wide=vlw hour=114 minute=115 colon=22
[WatchFace] digital cache time=3/3 internal_bytes=59584 items=2/2 psram_bytes=76032
[WatchFace] digital fonts time=vlw text=vlw small=vlw wide=vlw hour=114 minute=115 colon=22
[WatchFace] digital cache time=3/3 internal_bytes=59584 items=2/2 psram_bytes=76032
[WatchFace] digital fonts time=vlw text=vlw small=vlw wide=vlw hour=114 minute=115 colon=22
[WatchFace] digital cache time=3/3 internal_bytes=59584 items=2/2 psram_bytes=76032
[WatchFace] digital fonts time=vlw text=vlw small=vlw wide=vlw hour=114 minute=115 colon=22
[WatchFace] digital cache time=3/3 internal_bytes=59584 items=2/2 psram_bytes=76032
[WatchFace] digital fonts time=vlw text=vlw small=vlw wide=vlw hour=114 minute=115 colon=22
[WatchFace] digital cache time=3/3 internal_bytes=59584 items=2/2 psram_bytes=76032
[WatchFace] digital fonts time=vlw text=vlw small=vlw wide=vlw hour=114 minute=115 colon=22
[WatchFace] digital cache time=3/3 internal_bytes=59584 items=2/2 psram_bytes=76032
[WatchFace] digital fonts time=vlw text=vlw small=vlw wide=vlw hour=114 minute=115 colon=22
[WatchFace] digital cache time=3/3 internal_bytes=59584 items=2/2 psram_bytes=76032
[WatchFace] digital fonts time=vlw text=vlw small=vlw wide=vlw hour=114 minute=115 colon=22
[WatchFace] digital cache time=3/3 internal_bytes=59584 items=2/2 psram_bytes=76032
[WatchFace] digital fonts time=vlw text=vlw small=vlw wide=vlw hour=114 minute=115 colon=22
[WatchFace] digital cache time=3/3 internal_bytes=59584 items=2/2 psram_bytes=76032
[Verify] lifecycle internal_free_before=177655 after=177655
[Verify] list cache bytes=72496 allocations=31 failures=9 fits=43 renders=268
[Verify] checks=551 mismatches=0 result=PASS
[Perf] digital-static frames=30 painted=0 avg_us=144 max_us=831 avg_dirty_px=0
[Perf] digital-minute frames=30 painted=30 avg_us=2917 max_us=3516 avg_dirty_px=8892
[Perf] digital-item-second frames=60 painted=60 avg_us=3319 max_us=3790 avg_dirty_px=5766
[Perf] digital-second frames=60 painted=59 avg_us=2906 max_us=3108 avg_dirty_px=8892
[Perf] digital-second-item frames=60 painted=60 avg_us=9784 max_us=9955 avg_dirty_px=42699
[Perf] digital-transition frames=40 painted=38 avg_us=17715 max_us=25983 avg_dirty_px=144358
[Perf] list-scroll frames=60 painted=59 avg_us=22101 max_us=26596 avg_dirty_px=155254
[Perf] backdrop-list-scroll frames=60 painted=60 avg_us=28918 max_us=34865 avg_dirty_px=155216
[Perf] backdrop-minute frames=30 painted=30 avg_us=5982 max_us=6934 avg_dirty_px=11893
[Perf] backdrop-transition frames=40 painted=38 avg_us=16289 max_us=33470 avg_dirty_px=95964
[Perf] backdrop-transition-black frames=40 painted=38 avg_us=13077 max_us=28677 avg_dirty_px=95964
[WatchFace] digital fonts time=vlw text=vlw small=vlw wide=vlw hour=114 minute=115 colon=22
[WatchFace] digital cache time=3/3 internal_bytes=59584 items=2/2 psram_bytes=76032
[Perf] base-fill px=219024 us=9059 (no transfer)
[WatchFace] forest fonts time=vlw hour=99 minute=100 colon=21 cache time=3/3 internal_bytes=61410
[Perf] forest-minute frames=30 painted=30 avg_us=2893 max_us=3363 avg_dirty_px=9078
[Perf] forest-item-second frames=60 painted=60 avg_us=1990 max_us=2221 avg_dirty_px=3404
[Perf] forest-second frames=60 painted=59 avg_us=2980 max_us=3156 avg_dirty_px=9078
[Perf] forest-second-item frames=60 painted=60 avg_us=16177 max_us=16356 avg_dirty_px=63242
[Perf] forest-transition frames=40 painted=38 avg_us=11376 max_us=25281 avg_dirty_px=98477
[Perf] forest-full frames=20 painted=20 avg_us=32876 max_us=32906 avg_dirty_px=218088
[Perf] forest caches=3/3
[WatchFace] digital fonts time=vlw text=vlw small=vlw wide=vlw hour=114 minute=115 colon=22
[WatchFace] digital cache time=3/3 internal_bytes=59584 items=2/2 psram_bytes=76032
[Perf] digital-full frames=20 painted=20 avg_us=25629 max_us=25707 avg_dirty_px=218088
[Perf] digital caches=5/5 internal_free=177655 largest=131072
[RenderDiag] synthetic JST time / battery / slots; no RTC or flash read
[Settings] brightness=180 screen_off=60s stored=ok
[Memory] ui-internal total=322051 free=177655 largest=131072 bytes
[Memory] ui-psram total=8388608 free=7732136 largest=6815744 bytes
[Power] screen=off
[RenderDiag] transition-draw n=0 avg=0 max=0 p95_upper=1000 us over33333=0
[RenderDiag] scroll-draw n=0 avg=0 max=0 p95_upper=1000 us over33333=0
[RenderDiag] settings-scroll-draw n=0 avg=0 max=0 p95_upper=1000 us over33333=0
[RenderDiag] stopwatch-draw n=0 avg=0 max=0 p95_upper=1000 us over33333=0
[RenderDiag] settings-single-draw n=0 avg=0 max=0 p95_upper=1000 us over33333=0
[RenderDiag] single-draw n=2 avg=15143 max=26556 p95_upper=27000 us over33333=0
[RenderDiag] transition-interval n=0 avg=0 max=0 p95_upper=1000 us over33333=0
[RenderDiag] transition-interval-cont n=0 avg=0 max=0 p95_upper=1000 us over33333=0
[RenderDiag] transition-interval fps=0.00 cont_fps=0.00 pauses=0 longest_pause=0 us
[RenderDiag] scroll-interval n=0 avg=0 max=0 p95_upper=1000 us over33333=0
[RenderDiag] scroll-interval-cont n=0 avg=0 max=0 p95_upper=1000 us over33333=0
[RenderDiag] scroll-interval fps=0.00 cont_fps=0.00 pauses=0 longest_pause=0 us
[RenderDiag] settings-scroll-interval n=0 avg=0 max=0 p95_upper=1000 us over33333=0
[RenderDiag] settings-scroll-interval-cont n=0 avg=0 max=0 p95_upper=1000 us over33333=0
[RenderDiag] settings-scroll-interval fps=0.00 cont_fps=0.00 pauses=0 longest_pause=0 us
[RenderDiag] stopwatch-interval n=0 avg=0 max=0 p95_upper=1000 us over33333=0
[RenderDiag] stopwatch-interval-cont n=0 avg=0 max=0 p95_upper=1000 us over33333=0
[RenderDiag] stopwatch-interval fps=0.00 cont_fps=0.00 pauses=0 longest_pause=0 us
[RenderDiag] sampled-input-to-end n=0 avg=0 max=0 p95_upper=1000 us over33333=0
[RenderDiag] wake-request-to-end n=0 avg=0 max=0 p95_upper=1000 us over33333=0
[RenderDiag] window_us=60031465 loops=64 layouts=1 paints=1 stack_free=3404 internal_free=177623 internal_largest=131072 psram_free=7731740 psram_largest=6815744
[RenderDiag] list_cache bytes=72496 allocations=31 failures=9 fits=43 renders=278
[RenderDiag] settings_list_cache bytes=54096 allocations=8 failures=0 fits=9 renders=25
[RenderDiag] transition-draw n=0 avg=0 max=0 p95_upper=1000 us over33333=0
[RenderDiag] scroll-draw n=0 avg=0 max=0 p95_upper=1000 us over33333=0
[RenderDiag] settings-scroll-draw n=0 avg=0 max=0 p95_upper=1000 us over33333=0
[RenderDiag] stopwatch-draw n=0 avg=0 max=0 p95_upper=1000 us over33333=0
[RenderDiag] settings-single-draw n=0 avg=0 max=0 p95_upper=1000 us over33333=0
[RenderDiag] single-draw n=0 avg=0 max=0 p95_upper=1000 us over33333=0
[RenderDiag] transition-interval n=0 avg=0 max=0 p95_upper=1000 us over33333=0
[RenderDiag] transition-interval-cont n=0 avg=0 max=0 p95_upper=1000 us over33333=0
[RenderDiag] transition-interval fps=0.00 cont_fps=0.00 pauses=0 longest_pause=0 us
[RenderDiag] scroll-interval n=0 avg=0 max=0 p95_upper=1000 us over33333=0
[RenderDiag] scroll-interval-cont n=0 avg=0 max=0 p95_upper=1000 us over33333=0
[RenderDiag] scroll-interval fps=0.00 cont_fps=0.00 pauses=0 longest_pause=0 us
[RenderDiag] settings-scroll-interval n=0 avg=0 max=0 p95_upper=1000 us over33333=0
[RenderDiag] settings-scroll-interval-cont n=0 avg=0 max=0 p95_upper=1000 us over33333=0
[RenderDiag] settings-scroll-interval fps=0.00 cont_fps=0.00 pauses=0 longest_pause=0 us
[RenderDiag] stopwatch-interval n=0 avg=0 max=0 p95_upper=1000 us over33333=0
[RenderDiag] stopwatch-interval-cont n=0 avg=0 max=0 p95_upper=1000 us over33333=0
[RenderDiag] stopwatch-interval fps=0.00 cont_fps=0.00 pauses=0 longest_pause=0 us
[RenderDiag] sampled-input-to-end n=0 avg=0 max=0 p95_upper=1000 us over33333=0
[RenderDiag] wake-request-to-end n=0 avg=0 max=0 p95_upper=1000 us over33333=0
[RenderDiag] window_us=60059902 loops=61 layouts=0 paints=0 stack_free=3404 internal_free=177623 internal_largest=131072 psram_free=7731740 psram_largest=6815744
[RenderDiag] list_cache bytes=72496 allocations=31 failures=9 fits=43 renders=278
[RenderDiag] settings_list_cache bytes=54096 allocations=8 failures=0 fits=9 renders=25
