I (316) esp_image: segment 3: paddr=00112c9c vaddr=3fc9b5cc size=01208h (  4616) load
I (318) esp_image: segment 4: paddr=00113eac vaddr=40374000 size=151d8h ( 86488) load
I (339) esp_image: segment 5: paddr=0012908c vaddr=600fe000 size=00050h (    80) load
I (347) boot: Loaded app from partition at offset 0x20000
I (348) boot: Disabling RNG early entropy source...
I (358) octal_psram: vendor id    : 0x0d (AP)
I (358) octal_psram: dev id       : 0x02 (generation 3)
I (358) octal_psram: density      : 0x03 (64 Mbit)
I (360) octal_psram: good-die     : 0x01 (Pass)
I (364) octal_psram: Latency      : 0x01 (Fixed)
I (369) octal_psram: VCC          : 0x01 (3V)
I (373) octal_psram: SRF          : 0x01 (Fast Refresh)
I (378) octal_psram: BurstType    : 0x01 (Hybrid Wrap)
I (383) octal_psram: BurstLen     : 0x01 (32 Byte)
I (387) octal_psram: Readlatency  : 0x02 (10 cycles@Fixed)
I (392) octal_psram: DriveStrength: 0x00 (1/1)
I (397) MSPI Timing: PSRAM timing tuning index: 4
I (401) esp_psram: Found 8MB PSRAM device
I (405) esp_psram: Speed: 80MHz
I (408) cpu_start: Multicore app
I (692) esp_psram: SPI SRAM memory test OK
I (701) cpu_start: Pro cpu start user code
I (701) cpu_start: cpu freq: 240000000 Hz
I (701) app_init: Application information:
I (702) app_init: Project name:     wararyoLauncher
I (702) app_init: App version:      0.1.0-dev
I (702) app_init: Compile time:     Sep 26 2026 13:56:14
I (702) app_init: ELF file SHA256:  bc5278360...
I (702) app_init: ESP-IDF:          5.5.0
I (702) efuse_init: Min chip rev:     v0.0
I (703) efuse_init: Max chip rev:     v0.99 
I (703) efuse_init: Chip rev:         v0.2
I (703) heap_init: Initializing. RAM available for dynamic allocation:
I (703) heap_init: At 3FCA6F18 len 000427F8 (265 KiB): RAM
I (703) heap_init: At 3FCE9710 len 00005724 (21 KiB): RAM
I (703) heap_init: At 600FE050 len 00001F98 (7 KiB): RTCRAM
I (704) esp_psram: Adding pool of 8192K of PSRAM memory to heap allocator
I (705) spi_flash: detected chip: generic
I (705) spi_flash: flash io: dio
I (706) sleep_gpio: Configure to isolate all GPIO pins in sleep state
I (706) sleep_gpio: Enable automatic switching of GPIO sleep configuration
I (0) main_task: Started on CPU1
I (1) esp_psram: Reserving pool of 32K of internal memory for DMA/internal allocations
I (1) main_task: Calling app_main()
I (22) M5GFX: [Autodetect] board_M5StopWatch
I (276) pm: Frequency switching config: CPU_MAX: 240, APB_MAX: 80, APB_MIN: 80, Light sleep: ENABLED
I (277) sleep: Code start at 0x42000020, total 404596, data start at 0x3c000000, total 33554432 Bytes
[Power] dfs max=240MHz min=80MHz light_sleep=1 lock=ESP_OK result=ESP_OK
[Launcher] firmware=wararyoLauncher version=0.1.0-dev idf=5.5.0
[Board] recognized=30 display=468x468 cpu=240MHz core=1 tick=1000Hz
[Memory] flash_query=ESP_OK flash=16777216 psram=8388608 bytes
[Config] flash=DIO/80MHz psram=Octal/80MHz cache_instruction=16KiB cache_data=64KiB cache_line=64B
[Memory] internal total=335539 free=256035 largest=212992 bytes
[Memory] psram total=8388608 free=7942712 largest=7864320 bytes
[MultiFirm] layout=valid running=ota_0 address=0x20000 size=0x400000 host=valid
[Launcher] startup complete; starting single-task runtime
[Font] GenShinGothicMedium28 glyphs=340 bytes=170790
[WatchFace] digital cache=ready bytes=51728 internal
[Time] rtc_read=ok utc=2026-09-26 05:06:43 trusted=yes
[Slots] layout=supported
[Nvs] init=ESP_OK namespace=launcher
[Settings] brightness=90 screen_off=30s stored=ok
[Memory] ui-internal total=335539 free=199883 largest=159744 bytes
[Memory] ui-psram total=8388608 free=7939596 largest=7864320 bytes
[Icons] AppIcons count=5 size=44x44 bytes=9692
I (2083) esp_image: segment 0: paddr=00420020 vaddr=3c060020 size=59c34h (367668) map
I (2115) esp_image: segment 1: paddr=00479c5c vaddr=3fc97100 size=03544h ( 13636) 
I (2117) esp_image: segment 2: paddr=0047d1a8 vaddr=40374000 size=02e70h ( 11888) 
I (2118) esp_image: segment 3: paddr=00480020 vaddr=42000020 size=5a320h (369440) map
I (2151) esp_image: segment 4: paddr=004da348 vaddr=40376e70 size=101f4h ( 66036) 
I (2157) esp_image: segment 5: paddr=004ea544 vaddr=600fe000 size=00020h (    32) 
I (2157) multifirm-host: slot 1 image verification took 425 ms
I (2157) multifirm-host: slot 1 SHA-256 calculation took 190 ms
[Slots] slot=1 state=ready name=M5StopWatch-KantanPlay version=0.1.0 error=ESP_OK
I (2665) esp_image: segment 0: paddr=00610020 vaddr=3c0c0020 size=4b958h (309592) map
I (2692) esp_image: segment 1: paddr=0065b980 vaddr=3fc9fa00 size=04698h ( 18072) 
I (2694) esp_image: segment 2: paddr=00660020 vaddr=42000020 size=b7118h (749848) map
I (2759) esp_image: segment 3: paddr=00717140 vaddr=3fca4098 size=004f4h (  1268) 
I (2760) esp_image: segment 4: paddr=0071763c vaddr=40374000 size=1b920h (112928) 
I (2770) esp_image: segment 5: paddr=00732f64 vaddr=600fe000 size=00050h (    80) 
I (2771) multifirm-host: slot 2 image verification took 610 ms
I (2771) multifirm-host: slot 2 SHA-256 calculation took 273 ms
[Slots] slot=2 state=ready name=M5StopWatch-MuteHid version=0.0.1-phase0 error=ESP_OK
I (3120) esp_image: segment 0: paddr=00800020 vaddr=3c090020 size=2ae98h (175768) map
I (3136) esp_image: segment 1: paddr=0082aec0 vaddr=3fc98bf0 size=04cb4h ( 19636) 
I (3138) esp_image: segment 2: paddr=0082fb7c vaddr=40374000 size=0049ch (  1180) 
I (3139) esp_image: segment 3: paddr=00830020 vaddr=42000020 size=82d10h (535824) map
I (3185) esp_image: segment 4: paddr=008b2d38 vaddr=4037449c size=14748h ( 83784) 
I (3193) multifirm-host: slot 3 image verification took 418 ms
I (3193) multifirm-host: slot 3 SHA-256 calculation took 187 ms
[Slots] slot=3 state=ready name=VibeWatch version=esp-idf: v4.4.7 38eeba2 error=ESP_OK
[UsbDiag] history now=3s n=1
[UsbDiag] t=0s sof=1 vbus=1
[UsbDiag] history now=26s n=3
[UsbDiag] t=0s sof=1 vbus=1
[UsbDiag] t=23s sof=0 vbus=1
[UsbDiag] t=24s sof=1 vbus=1
[Power] screen=off
[UsbDiag] history now=49s n=5
[UsbDiag] t=0s sof=1 vbus=1
[UsbDiag] t=23s sof=0 vbus=1
[UsbDiag] t=24s sof=1 vbus=1
[UsbDiag] t=46s sof=0 vbus=1
[UsbDiag] t=47s sof=1 vbus=1
[RenderDiag] transition-draw n=0 avg=0 max=0 p95_upper=1000 us over33333=0
[RenderDiag] scroll-draw n=0 avg=0 max=0 p95_upper=1000 us over33333=0
[RenderDiag] settings-scroll-draw n=0 avg=0 max=0 p95_upper=1000 us over33333=0
[RenderDiag] stopwatch-draw n=0 avg=0 max=0 p95_upper=1000 us over33333=0
[RenderDiag] settings-single-draw n=0 avg=0 max=0 p95_upper=1000 us over33333=0
[RenderDiag] single-draw n=2 avg=14780 max=25488 p95_upper=26000 us over33333=0
[RenderDiag] transition-interval n=0 avg=0 max=0 p95_upper=1000 us over33333=0
[RenderDiag] transition-interval-cont n=0 avg=0 max=0 p95_upper=1000 us over33333=0
[RenderDiag] transition-interval fps=0.00 cont_fps=0.00 pauses=0 longest_pause=0 us
[RenderDiag] scroll-interval n=0 avg=0 max=0 p95_upper=1000 us over33333=0
[RenderDiag] scroll-interval-cont n=0 avg=0 max=0 p95_upper=1000 us over33333=0
[RenderDiag] scroll-interval fps=0.00 cont_fps=0.00 pauses=0 longest_pause=0 us
[RenderDiag] settings-scroll-interval n=0 avg=0 max=0 p95_upper=1000 us over33333=0
[RenderDiag] settings-scroll-interval-cont n=0 avg=0 max=0 p95_upper=1000 us over33333=0
[RenderDiag] settings-scroll-interval fps=0.00 cont_fps=0.00 pauses=0 longest_pause=0 us
[RenderDiag] stopwatch-interval n=0 avg=0 max=0 p95_upper=1000 us over33333=0
[RenderDiag] stopwatch-interval-cont n=0 avg=0 max=0 p95_upper=1000 us over33333=0
[RenderDiag] stopwatch-interval fps=0.00 cont_fps=0.00 pauses=0 longest_pause=0 us
[RenderDiag] sampled-input-to-end n=0 avg=0 max=0 p95_upper=1000 us over33333=0
[RenderDiag] wake-request-to-end n=0 avg=0 max=0 p95_upper=1000 us over33333=0
[RenderDiag] window_us=60021325 loops=113 layouts=5 paints=1 stack_free=5700 internal_free=199579 internal_largest=147456 psram_free=7939200 psram_largest=7864320
[RenderDiag] list_cache bytes=0 allocations=0 failures=0 fits=0 renders=0
[RenderDiag] settings_list_cache bytes=0 allocations=0 failures=0 fits=0 renders=0
[RenderDiag] transition-draw n=0 avg=0 max=0 p95_upper=1000 us over33333=0
[RenderDiag] scroll-draw n=0 avg=0 max=0 p95_upper=1000 us over33333=0
[RenderDiag] settings-scroll-draw n=0 avg=0 max=0 p95_upper=1000 us over33333=0
[RenderDiag] stopwatch-draw n=0 avg=0 max=0 p95_upper=1000 us over33333=0
[RenderDiag] settings-single-draw n=0 avg=0 max=0 p95_upper=1000 us over33333=0
[RenderDiag] single-draw n=0 avg=0 max=0 p95_upper=1000 us over33333=0
[RenderDiag] transition-interval n=0 avg=0 max=0 p95_upper=1000 us over33333=0
[RenderDiag] transition-interval-cont n=0 avg=0 max=0 p95_upper=1000 us over33333=0
[RenderDiag] transition-interval fps=0.00 cont_fps=0.00 pauses=0 longest_pause=0 us
[RenderDiag] scroll-interval n=0 avg=0 max=0 p95_upper=1000 us over33333=0
[RenderDiag] scroll-interval-cont n=0 avg=0 max=0 p95_upper=1000 us over33333=0
[RenderDiag] scroll-interval fps=0.00 cont_fps=0.00 pauses=0 longest_pause=0 us
[RenderDiag] settings-scroll-interval n=0 avg=0 max=0 p95_upper=1000 us over33333=0
[RenderDiag] settings-scroll-interval-cont n=0 avg=0 max=0 p95_upper=1000 us over33333=0
[RenderDiag] settings-scroll-interval fps=0.00 cont_fps=0.00 pauses=0 longest_pause=0 us
[RenderDiag] stopwatch-interval n=0 avg=0 max=0 p95_upper=1000 us over33333=0
[RenderDiag] stopwatch-interval-cont n=0 avg=0 max=0 p95_upper=1000 us over33333=0
[RenderDiag] stopwatch-interval fps=0.00 cont_fps=0.00 pauses=0 longest_pause=0 us
[RenderDiag] sampled-input-to-end n=0 avg=0 max=0 p95_upper=1000 us over33333=0
[RenderDiag] wake-request-to-end n=0 avg=0 max=0 p95_upper=1000 us over33333=0
[RenderDiag] window_us=60060000 loops=61 layouts=0 paints=0 stack_free=5700 internal_free=199579 internal_largest=147456 psram_free=7939200 psram_largest=7864320
[RenderDiag] list_cache bytes=0 allocations=0 failures=0 fits=0 renders=0
[RenderDiag] settings_list_cache bytes=0 allocations=0 failures=0 fits=0 renders=0
[UsbDiag] history now=121s n=7
[UsbDiag] t=0s sof=1 vbus=1
[UsbDiag] t=23s sof=0 vbus=1
[UsbDiag] t=24s sof=1 vbus=1
[UsbDiag] t=46s sof=0 vbus=1
[UsbDiag] t=47s sof=1 vbus=1
[UsbDiag] t=118s sof=0 vbus=1
[UsbDiag] t=119s sof=1 vbus=1
