I (353) esp_image: segment 4: paddr=0013d5e0 vaddr=403753c8 size=13d58h ( 81240) load

I (371) esp_image: segment 5: paddr=00151340 vaddr=600fe000 size=00050h (    80) load

I (379) boot: Loaded app from partition at offset 0x20000

I (379) boot: Disabling RNG early entropy source...

I (390) octal_psram: vendor id    : 0x0d (AP)

I (390) octal_psram: dev id       : 0x02 (generation 3)

I (390) octal_psram: density      : 0x03 (64 Mbit)

I (392) octal_psram: good-die     : 0x01 (Pass)

I (396) octal_psram: Latency      : 0x01 (Fixed)

I (401) octal_psram: VCC          : 0x01 (3V)

I (405) octal_psram: SRF          : 0x01 (Fast Refresh)

I (410) octal_psram: BurstType    : 0x01 (Hybrid Wrap)

I (414) octal_psram: BurstLen     : 0x01 (32 Byte)

I (419) octal_psram: Readlatency  : 0x02 (10 cycles@Fixed)

I (424) octal_psram: DriveStrength: 0x00 (1/1)

I (429) MSPI Timing: PSRAM timing tuning index: 10

I (433) esp_psram: Found 8MB PSRAM device

I (437) esp_psram: Speed: 80MHz

I (440) cpu_start: Multicore app

I (724) esp_psram: SPI SRAM memory test OK

I (733) cpu_start: Pro cpu start user code

I (733) cpu_start: cpu freq: 240000000 Hz

I (733) app_init: Application information:

I (733) app_init: Project name:     wararyoLauncher

I (734) app_init: App version:      0.1.0-dev

I (734) app_init: Compile time:     Sep 27 2026 14:53:33

I (734) app_init: ELF file SHA256:  ba858cb4c...

I (734) app_init: ESP-IDF:          5.5.0

I (734) efuse_init: Min chip rev:     v0.0

I (734) efuse_init: Max chip rev:     v0.99 

I (734) efuse_init: Chip rev:         v0.2

I (735) heap_init: Initializing. RAM available for dynamic allocation:

I (735) heap_init: At 3FCAA3C8 len 0003F348 (252 KiB): RAM

I (735) heap_init: At 3FCE9710 len 00005724 (21 KiB): RAM

I (735) heap_init: At 600FE050 len 00001F98 (7 KiB): RTCRAM

I (735) esp_psram: Adding pool of 8192K of PSRAM memory to heap allocator

I (736) spi_flash: detected chip: generic

I (736) spi_flash: flash io: dio

I (737) sleep_gpio: Configure to isolate all GPIO pins in sleep state

I (738) sleep_gpio: Enable automatic switching of GPIO sleep configuration

I (0) main_task: Started on CPU1

I (1) esp_psram: Reserving pool of 32K of internal memory for DMA/internal allocations

I (1) main_task: Calling app_main()

I (22) M5GFX: [Autodetect] board_M5StopWatch

[Display] framebuffer readback=yes

I (277) pm: Frequency switching config: CPU_MAX: 240, APB_MAX: 80, APB_MIN: 80, Light sleep: ENABLED

I (277) sleep: Code start at 0x42000020, total 447928, data start at 0x3c000000, total 33554432 Bytes

[Power] dfs max=240MHz min=80MHz light_sleep=1 lock=ESP_OK result=ESP_OK

[Launcher] firmware=wararyoLauncher version=0.1.0-dev idf=5.5.0

[Board] recognized=30 display=468x468 cpu=240MHz core=1 tick=1000Hz

[Memory] flash_query=ESP_OK flash=16777216 psram=8388608 bytes

[Config] flash=DIO/80MHz psram=Octal/80MHz cache_instruction=16KiB cache_data=64KiB cache_line=64B

[Memory] internal total=322051 free=243331 largest=196608 bytes

[Memory] psram total=8388608 free=7942712 largest=7864320 bytes

[MultiFirm] layout=valid running=ota_0 address=0x20000 size=0x400000 host=valid

[Launcher] startup complete; starting single-task runtime

[Nvs] init=ESP_OK namespace=launcher

[Font] GenShinGothicMedium28 glyphs=350 bytes=177738

[WatchFace] stored selection=unavailable id=-

[Font] DDinProExpBold28 glyphs=95 bytes=25562

[Font] DDinProExpBold22 glyphs=95 bytes=17205

[Font] DDinProExpSemiBold100 glyphs ascent=71 descent=1 bytes=31970

[WatchFace] digital fonts time=vlw text=vlw small=vlw wide=vlw hour=114 minute=115 colon=22

[WatchFace] digital cache time=3/3 internal_bytes=59584 items=2/2 psram_bytes=76032

[Icons] AppIcons count=5 size=44x44 bytes=9692

[ListView] text image allocation failed: 64x46, drawing directly

[ListView] text image allocation failed: 120x46, drawing directly

[ListView] text image allocation failed: 164x46, drawing directly

[ListView] text image allocation failed: 164x46, drawing directly

[Verify] variants internal_free_before=177879 after=177879

[WatchFace] digital fonts time=vlw text=vlw small=vlw wide=vlw hour=114 minute=115 colon=22

[WatchFace] digital cache time=0/3 internal_bytes=0 items=0/2 psram_bytes=0

[WatchFace] digital fonts time=vlw text=vlw small=vlw wide=vlw hour=114 minute=115 colon=22

[WatchFace] digital cache time=3/3 internal_bytes=59584 items=2/2 psram_bytes=76032

[WatchFace] digital fonts time=vlw text=vlw small=vlw wide=vlw hour=114 minute=115 colon=22

[WatchFace] digital cache time=0/3 internal_bytes=0 items=0/2 psram_bytes=0

[WatchFace] digital fonts time=vlw text=vlw small=vlw wide=vlw hour=114 minute=115 colon=22

[WatchFace] digital cache time=3/3 internal_bytes=59584 items=2/2 psram_bytes=76032

[WatchFace] digital fonts time=vlw text=vlw small=vlw wide=vlw hour=114 minute=115 colon=22

[WatchFace] digital cache time=0/3 internal_bytes=0 items=0/2 psram_bytes=0

[WatchFace] digital fonts time=vlw text=vlw small=vlw wide=vlw hour=114 minute=115 colon=22

[WatchFace] digital cache time=3/3 internal_bytes=59584 items=2/2 psram_bytes=76032

[WatchFace] digital fonts time=vlw text=vlw small=vlw wide=vlw hour=114 minute=115 colon=22

[WatchFace] digital cache time=0/3 internal_bytes=0 items=0/2 psram_bytes=0

[Renderer] element capacity exceeded: full repaint

[WatchFace] digital fonts time=vlw text=vlw small=vlw wide=vlw hour=114 minute=115 colon=22

[WatchFace] digital cache time=3/3 internal_bytes=59584 items=2/2 psram_bytes=76032


[capture] 55s -> docs\task10\20260928-10-6-render-check.log
