C:\Users\wararyo\Git\M5StopWatch-wararyoLauncher\.pio\build\m5stopwatch-render-check\firmware.bin (host, 上限 4,194,304 bytes)
  kind: app  chip_id: 9  segments: 6
  flash header: DIO/80m/16MB
  chip rev: v0.0 .. v655.35
  image size: 1,184,080 bytes
  file: 1,184,080 bytes, SHA-256 6687d3ed2dd0dc608107ed50b1774909fb5460f8fc3826b2f47a394de5522411
  appended digest: ee090f063723174ae9e4ca7b5166e7fb3738c11f05ad6e0e04f17aa09414a0f8 [valid]
  project_name: 'wararyoLauncher'  version: '0.1.0-dev'
  idf_ver: 5.5.0  built: Sep 26 2026 18:31:57
  elf_sha256: 9f7a024df2c40aaf0f1c2646d569d640a3cccb4ae1976e523692e5a7e3d8aac8
  ゲスト上限 0x1f0000: 可 / ホスト上限 0x400000: 可
  表示名候補: wararyoLauncher (project_name)
結果: 受け付け可能
入力 (ホスト): C:\Users\wararyo\Git\M5StopWatch-wararyoLauncher\.pio\build\m5stopwatch-render-check\firmware.bin
  kind: app  chip_id: 9  segments: 6
  flash header: DIO/80m/16MB
  chip rev: v0.0 .. v655.35
  image size: 1,184,080 bytes
  file: 1,184,080 bytes, SHA-256 6687d3ed2dd0dc608107ed50b1774909fb5460f8fc3826b2f47a394de5522411
  appended digest: ee090f063723174ae9e4ca7b5166e7fb3738c11f05ad6e0e04f17aa09414a0f8 [valid]
  project_name: 'wararyoLauncher'  version: '0.1.0-dev'
  idf_ver: 5.5.0  built: Sep 26 2026 18:31:57
  elf_sha256: 9f7a024df2c40aaf0f1c2646d569d640a3cccb4ae1976e523692e5a7e3d8aac8
書き込み計画:
  1. 全体バックアップを確認 (現状と一致しなければ新規取得)
  2. ota_0 全域消去 0x020000-0x420000 (4,194,304 bytes)
  3. ホスト書き込み・読み戻し検証 0x020000-0x141150 (1,184,080 bytes)
  4. ブートローダ・表・メタデータ・ゲスト3スロットがバックアップと一致することを確認
  書き込まない: ブートローダ / NVS / multifirm_nvs / otadata / ゲスト
DRY RUN: 実機には接続していません。実機のレイアウトは未検証です。
  --check-device で実機を読み取り検証、--execute で実行します。
[OK] generated SDK configuration
[OK] MultiFirm f5a8fd88f50dfb50c6e6e1e82bccc491a936bd47
[OK] all partition entries and generated binary match MultiFirm
[MultiFirm] host size: 1184080/4194304 bytes
[OK] overload diagnostics / synthetic clock / pixel checks / frame metrics / drain record / USB history isolated by environment
[OK] firmware SHA-256=6687d3ed2dd0dc608107ed50b1774909fb5460f8fc3826b2f47a394de5522411
[Build] project=wararyoLauncher version=0.1.0-dev IDF=5.5.0
[OK] host image inspection and install-host preview (no device access)
