Processing m5stopwatch (platform: espressif32 @ 6.12.0; framework: espidf; board: m5stack-cores3)
--------------------------------------------------------------------------------
Verbose mode can be enabled via `-v, --verbose` option
CONFIGURATION: https://docs.platformio.org/page/boards/espressif32/m5stack-cores3.html
PLATFORM: Espressif 32 (6.12.0) > M5Stack CoreS3
HARDWARE: ESP32S3 240MHz, 320KB RAM, 4MB Flash
DEBUG: Current (cmsis-dap) External (cmsis-dap, esp-bridge, esp-builtin, esp-prog, iot-bus-jtag, jlink, minimodule, olimex-arm-usb-ocd, olimex-arm-usb-ocd-h, olimex-arm-usb-tiny-h, olimex-jtag-tiny, tumpa)
PACKAGES: 
 - framework-espidf @ 3.50500.0 (5.5.0) 
 - tool-cmake @ 3.30.2 
 - tool-esp-rom-elfs @ 0.0.1+20241011 
 - tool-esptoolpy @ 2.40900.250804 (4.9.0) 
 - tool-idf @ 1.0.1 
 - tool-mconf @ 1.4060000.20190628 (406.0.0) 
 - tool-ninja @ 1.9.0 
 - tool-riscv32-esp-elf-gdb @ 11.2.0+20220823 
 - tool-xtensa-esp-elf-gdb @ 11.2.0+20230208 
 - toolchain-esp32ulp @ 1.23800.240113 (2.38.0) 
 - toolchain-riscv32-esp @ 14.2.0+20241119 
 - toolchain-xtensa-esp-elf @ 14.2.0+20241119
Reading CMake configuration...
Generating assembly for certificate bundle...
LDF: Library Dependency Finder -> https://bit.ly/configure-pio-ldf
LDF Modes: Finder ~ chain, Compatibility ~ soft
Found 4 compatible libraries
Scanning dependencies...
Dependency Graph
|-- M5Unified @ 0.2.16
|-- M5GFX @ 0.2.28
|-- M5StopWatch-MultiFirm @ 0.1.0+sha.f5a8fd8
Building in release mode
Generating assembly for .pio\build\m5stopwatch\GenShinGothicMedium28.vlw.S
Generating assembly for .pio\build\m5stopwatch\AppIcons.bin.S
Generating assembly for .pio\build\m5stopwatch\DDinProExpSemiBold100.vlw.S
Generating assembly for .pio\build\m5stopwatch\DDinProCondensedSemiBold120.vlw.S
Generating assembly for .pio\build\m5stopwatch\DDinProExpBold28.vlw.S
Generating assembly for .pio\build\m5stopwatch\DDinProExpBold22.vlw.S
Compiling .pio\build\m5stopwatch\src\main.cpp.o
Compiling .pio\build\m5stopwatch\src\input\InputController.cpp.o
Compiling .pio\build\m5stopwatch\src\ui\rendering\Element.cpp.o
Compiling .pio\build\m5stopwatch\src\ui\rendering\Renderer.cpp.o
Compiling .pio\build\m5stopwatch\src\ui\graphics\Text.cpp.o
Compiling .pio\build\m5stopwatch\src\ui\graphics\VlwFont.cpp.o
Compiling .pio\build\m5stopwatch\src\ui\graphics\WatchFonts.cpp.o
Compiling .pio\build\m5stopwatch\src\ui\graphics\MaskImage.cpp.o
Compiling .pio\build\m5stopwatch\src\ui\list\ListController.cpp.o
Compiling .pio\build\m5stopwatch\src\ui\list\ListView.cpp.o
Compiling .pio\build\m5stopwatch\src\ui\overlays\ToastLayer.cpp.o
Compiling .pio\build\m5stopwatch\src\ui\overlays\StatsOverlay.cpp.o
Compiling .pio\build\m5stopwatch\src\host\ScreenManager.cpp.o
Compiling .pio\build\m5stopwatch\src\host\HostRuntime.cpp.o
Compiling .pio\build\m5stopwatch\src\host\HostRenderer.cpp.o
Compiling .pio\build\m5stopwatch\src\host\RenderDiagnostics.cpp.o
Compiling .pio\build\m5stopwatch\src\hal\M5Hal.cpp.o
Compiling .pio\build\m5stopwatch\src\hal\InputWake.cpp.o
Compiling .pio\build\m5stopwatch\src\power\DrainLog.cpp.o
Compiling .pio\build\m5stopwatch\src\power\UsbDiag.cpp.o
Compiling .pio\build\m5stopwatch\src\services\TimeService.cpp.o
Compiling .pio\build\m5stopwatch\src\features\home\HomeDataSource.cpp.o
Compiling .pio\build\m5stopwatch\src\services\StopwatchService.cpp.o
Compiling .pio\build\m5stopwatch\src\storage\SettingsStore.cpp.o
Compiling .pio\build\m5stopwatch\src\storage\NvsBackend.cpp.o
Compiling .pio\build\m5stopwatch\src\features\home\HomeLayer.cpp.o
Compiling .pio\build\m5stopwatch\src\features\home\faces\DigitalWatchFace.cpp.o
Compiling .pio\build\m5stopwatch\src\assets\AppIcons.cpp.o
Compiling .pio\build\m5stopwatch\src\features\launcher\AppListLayer.cpp.o
Compiling .pio\build\m5stopwatch\src\features\launcher\LauncherController.cpp.o
Compiling .pio\build\m5stopwatch\src\features\settings\SettingsScreen.cpp.o
Compiling .pio\build\m5stopwatch\src\features\settings\SettingsLayer.cpp.o
Compiling .pio\build\m5stopwatch\src\features\external\ExternalAppScreen.cpp.o
Compiling .pio\build\m5stopwatch\src\features\external\ExternalLayer.cpp.o
Compiling .pio\build\m5stopwatch\src\features\stopwatch\StopwatchFormat.cpp.o
Compiling .pio\build\m5stopwatch\src\features\stopwatch\StopwatchScreen.cpp.o
Compiling .pio\build\m5stopwatch\src\features\stopwatch\StopwatchLayer.cpp.o
Compiling .pio\build\m5stopwatch\src\features\stopwatch\StopwatchBackgroundInfo.cpp.o
Compiling .pio\build\m5stopwatch\src\features\background\BackgroundInfoHub.cpp.o
Compiling .pio\build\m5stopwatch\src\multifirm\MultiFirmAdapter.cpp.o
Compiling .pio\build\m5stopwatch\.pio\build\m5stopwatch\GenShinGothicMedium28.vlw.S.o
Compiling .pio\build\m5stopwatch\.pio\build\m5stopwatch\AppIcons.bin.S.o
Compiling .pio\build\m5stopwatch\.pio\build\m5stopwatch\DDinProExpSemiBold100.vlw.S.o
Compiling .pio\build\m5stopwatch\.pio\build\m5stopwatch\DDinProCondensedSemiBold120.vlw.S.o
Compiling .pio\build\m5stopwatch\.pio\build\m5stopwatch\DDinProExpBold28.vlw.S.o
Compiling .pio\build\m5stopwatch\.pio\build\m5stopwatch\DDinProExpBold22.vlw.S.o
Generating LD script .pio\build\m5stopwatch\esp-idf\esp_system\ld\memory.ld.in
Generating LD script .pio\build\m5stopwatch\esp-idf\esp_system\ld\sections.ld.in
Compiling .pio\build\m5stopwatch\app_trace\app_trace.c.o
Compiling .pio\build\m5stopwatch\app_trace\app_trace_util.c.o
Compiling .pio\build\m5stopwatch\app_trace\host_file_io.c.o
Compiling .pio\build\m5stopwatch\app_trace\port\port_uart.c.o
Compiling .pio\build\m5stopwatch\app_update\esp_ota_ops.c.o
Generating LD script .pio\build\m5stopwatch\memory.ld
Compiling .pio\build\m5stopwatch\app_update\esp_ota_app_desc.c.o
Compiling .pio\build\m5stopwatch\bootloader_support\src\bootloader_common.c.o
Compiling .pio\build\m5stopwatch\bootloader_support\src\bootloader_common_loader.c.o
Compiling .pio\build\m5stopwatch\bootloader_support\src\bootloader_clock_init.c.o
Compiling .pio\build\m5stopwatch\bootloader_support\src\bootloader_mem.c.o
Compiling .pio\build\m5stopwatch\bootloader_support\src\bootloader_random.c.o
Archiving .pio\build\m5stopwatch\esp-idf\app_trace\libapp_trace.a
Compiling .pio\build\m5stopwatch\bootloader_support\src\bootloader_efuse.c.o
Compiling .pio\build\m5stopwatch\bootloader_support\src\flash_encrypt.c.o
Compiling .pio\build\m5stopwatch\bootloader_support\src\secure_boot.c.o
Indexing .pio\build\m5stopwatch\esp-idf\app_trace\libapp_trace.a
Compiling .pio\build\m5stopwatch\bootloader_support\src\bootloader_random_esp32s3.c.o
Compiling .pio\build\m5stopwatch\bootloader_support\bootloader_flash\src\bootloader_flash.c.o
Compiling .pio\build\m5stopwatch\bootloader_support\bootloader_flash\src\flash_qio_mode.c.o
Compiling .pio\build\m5stopwatch\bootloader_support\bootloader_flash\src\bootloader_flash_config_esp32s3.c.o
Archiving .pio\build\m5stopwatch\esp-idf\app_update\libapp_update.a
Compiling .pio\build\m5stopwatch\bootloader_support\src\bootloader_utility.c.o
Compiling .pio\build\m5stopwatch\bootloader_support\src\flash_partitions.c.o
Compiling .pio\build\m5stopwatch\bootloader_support\src\esp_image_format.c.o
Compiling .pio\build\m5stopwatch\bootloader_support\src\bootloader_sha.c.o
Indexing .pio\build\m5stopwatch\esp-idf\app_update\libapp_update.a
Compiling .pio\build\m5stopwatch\bootloader_support\src\esp32s3\secure_boot_secure_features.c.o
Compiling .pio\build\m5stopwatch\cmock\CMock\src\cmock.c.o
Compiling .pio\build\m5stopwatch\console\commands.c.o
Compiling .pio\build\m5stopwatch\console\esp_console_common.c.o
Compiling .pio\build\m5stopwatch\console\esp_console_repl_internal.c.o
Compiling .pio\build\m5stopwatch\console\split_argv.c.o
Compiling .pio\build\m5stopwatch\console\linenoise\linenoise.c.o
Compiling .pio\build\m5stopwatch\console\esp_console_repl_chip.c.o
Compiling .pio\build\m5stopwatch\console\argtable3\arg_cmd.c.o
Compiling .pio\build\m5stopwatch\console\argtable3\arg_date.c.o
Compiling .pio\build\m5stopwatch\console\argtable3\arg_dbl.c.o
Compiling .pio\build\m5stopwatch\console\argtable3\arg_dstr.c.o
Compiling .pio\build\m5stopwatch\console\argtable3\arg_end.c.o
Compiling .pio\build\m5stopwatch\console\argtable3\arg_file.c.o
Compiling .pio\build\m5stopwatch\console\argtable3\arg_hashtable.c.o
Archiving .pio\build\m5stopwatch\esp-idf\cmock\libcmock.a
Compiling .pio\build\m5stopwatch\console\argtable3\arg_int.c.o
Compiling .pio\build\m5stopwatch\console\argtable3\arg_lit.c.o
Compiling .pio\build\m5stopwatch\console\argtable3\arg_rem.c.o
Compiling .pio\build\m5stopwatch\console\argtable3\arg_rex.c.o
Archiving .pio\build\m5stopwatch\esp-idf\bootloader_support\libbootloader_support.a
pio : src/features/home/faces/DigitalWatchFace.cpp: In member function 'virtual void launcher::DigitalWatchFace::plan(l
auncher::FramePlan&, launcher::Gfx&, const launcher::DrawRegion&, const launcher::WatchData&)':
At line:1 char:302
+ ... tch {} } }; pio run -e m5stopwatch *> "docs/task10/20260926-10-3-buil ...
+                 ~~~~~~~~~~~~~~~~~~~~~~~~~~~~~~~~~~~~~~~~~~~~~~~~~~~~~~~~~
    + CategoryInfo          : NotSpecified: (src/features/ho...::WatchData&)'::String) [], RemoteException
    + FullyQualifiedErrorId : NativeCommandError
 
src/features/home/faces/DigitalWatchFace.cpp:121:48: error: '%02d' directive output may be truncated writing between 2 
and 11 bytes into a region of size 4 [-Werror=format-truncation=]
  121 |         std::snprintf(second_,sizeof(second_),"%02d",std::min(t.tm_sec,59));
      |                                                ^~~~
src/features/home/faces/DigitalWatchFace.cpp:121:47: note: directive argument in the range [-2147483648, 59]
  121 |         std::snprintf(second_,sizeof(second_),"%02d",std::min(t.tm_sec,59));
      |                                               ^~~~~~
src/features/home/faces/DigitalWatchFace.cpp:121:22: note: 'snprintf' output between 3 and 12 bytes into a destination 
of size 4
  121 |         std::snprintf(second_,sizeof(second_),"%02d",std::min(t.tm_sec,59));
      |         ~~~~~~~~~~~~~^~~~~~~~~~~~~~~~~~~~~~~~~~~~~~~~~~~~~~~~~~~~~~~~~~~~~~
Indexing .pio\build\m5stopwatch\esp-idf\cmock\libcmock.a
Compiling .pio\build\m5stopwatch\console\argtable3\arg_str.c.o
Compiling .pio\build\m5stopwatch\console\argtable3\arg_utils.c.o
Compiling .pio\build\m5stopwatch\console\argtable3\argtable3.c.o
Compiling .pio\build\m5stopwatch\cxx\cxx_exception_stubs.cpp.o
Compiling .pio\build\m5stopwatch\cxx\cxx_guards.cpp.o
Compiling .pio\build\m5stopwatch\cxx\cxx_init.cpp.o
Indexing .pio\build\m5stopwatch\esp-idf\bootloader_support\libbootloader_support.a
Compiling .pio\build\m5stopwatch\driver\deprecated\adc_legacy.c.o
Compiling .pio\build\m5stopwatch\driver\deprecated\adc_dma_legacy.c.o
Compiling .pio\build\m5stopwatch\driver\deprecated\timer_legacy.c.o
Compiling .pio\build\m5stopwatch\driver\i2c\i2c.c.o
Compiling .pio\build\m5stopwatch\driver\deprecated\i2s_legacy.c.o
Compiling .pio\build\m5stopwatch\driver\deprecated\mcpwm_legacy.c.o
cc1plus.exe: some warnings being treated as errors
Compiling .pio\build\m5stopwatch\driver\deprecated\pcnt_legacy.c.o
Compiling .pio\build\m5stopwatch\driver\deprecated\rmt_legacy.c.o
*** [.pio\build\m5stopwatch\src\features\home\faces\DigitalWatchFace.cpp.o] Error 1
========================= [FAILED] Took 36.71 seconds =========================

Environment    Status    Duration
-------------  --------  ------------
m5stopwatch    FAILED    00:00:36.711
==================== 1 failed, 0 succeeded in 00:00:36.711 ====================
