入力 (ホスト): C:\Users\wararyo\Git\M5StopWatch-wararyoLauncher\.pio\build\m5stopwatch-render-check\firmware.bin
  kind: app  chip_id: 9  segments: 6
  flash header: DIO/80m/16MB
  chip rev: v0.0 .. v655.35
  image size: 1,255,040 bytes
  file: 1,255,040 bytes, SHA-256 b903555db593bf1406ac0d8f0d3407ba9e4a24cb1d7c2ede11517e50a4ee1db5
  appended digest: 43b6546003e036f2716c97ccee5ef95414ec8a77951e4de914b38ac930dbd473 [valid]
  project_name: 'wararyoLauncher'  version: '0.1.0-dev'
  idf_ver: 5.5.0  built: Sep 26 2026 22:43:46
  elf_sha256: 73274e59a2e67e344b2c16b41e0025aac1315f2bb11f6c0b78bc87c46558ba25
書き込み計画:
  1. 全体バックアップを確認 (現状と一致しなければ新規取得)
  2. ota_0 全域消去 0x020000-0x420000 (4,194,304 bytes)
  3. ホスト書き込み・読み戻し検証 0x020000-0x152680 (1,255,040 bytes)
  4. ブートローダ・表・メタデータ・ゲスト3スロットがバックアップと一致することを確認
  書き込まない: ブートローダ / NVS / multifirm_nvs / otadata / ゲスト
MultiFirm 0.1.0 / Python 3.11.7
ログ: C:\Users\wararyo\Git\M5StopWatch-wararyoLauncher\.pio\libdeps\m5stopwatch\M5StopWatch-MultiFirm\.multifirm\logs\20260926-224522-install-host.log
リセット方針: 接続時は default_reset でダウンロードモードへ入り、各操作の間は no_reset でダウンロードモードのまま続ける。成功時だけ hard_reset でアプリへ戻す
接続: COM11 ESP32-S3 (QFN56) (revision v0.2) MAC 28:84:85:43:a7:c0 flash 16MB esptool 4.12.0
パーティション表: multifirm-v1 (SHA-256 6c92c0cb61094b26574e11fd087c959531a3ddb270259f0aed069d7cbcae0079)
バックアップ C:\Users\wararyo\Git\M5StopWatch-wararyoLauncher\.pio\libdeps\m5stopwatch\M5StopWatch-MultiFirm\.multifirm\backups\backup-28848543a7c0-20260923-004238.bin: 現状と一致
実行:
  消去 ota_0: 0x020000-0x420000 (4,194,304 bytes)
    消去済みを確認
  書き込み ota_0: 0x020000-0x152680 (1,255,040 bytes) SHA-256 b903555db593bf1406ac0d8f0d3407ba9e4a24cb1d7c2ede11517e50a4ee1db5
    読み戻し一致
    イメージ検証 OK (digest 43b6546003e036f2716c97ccee5ef95414ec8a77951e4de914b38ac930dbd473)
  ブートローダ・表・メタデータ・ゲストがバックアップと一致
  不変を確認: nvs, otadata, phy_init, multifirm_nvs
hard reset でアプリへ戻しました
install-host 完了
