I (344) esp_image: segment 4: paddr=00136fc4 vaddr=4037f018 size=0a108h ( 41224) load
I (353) esp_image: segment 5: paddr=001410d4 vaddr=600fe000 size=00050h (    80) load
I (362) boot: Loaded app from partition at offset 0x20000
I (362) boot: Disabling RNG early entropy source...
I (372) octal_psram: vendor id    : 0x0d (AP)
I (372) octal_psram: dev id       : 0x02 (generation 3)
I (372) octal_psram: density      : 0x03 (64 Mbit)
I (374) octal_psram: good-die     : 0x01 (Pass)
I (379) octal_psram: Latency      : 0x01 (Fixed)
I (383) octal_psram: VCC          : 0x01 (3V)
I (387) octal_psram: SRF          : 0x01 (Fast Refresh)
I (392) octal_psram: BurstType    : 0x01 (Hybrid Wrap)
I (397) octal_psram: BurstLen     : 0x01 (32 Byte)
I (401) octal_psram: Readlatency  : 0x02 (10 cycles@Fixed)
I (407) octal_psram: DriveStrength: 0x00 (1/1)
I (411) MSPI Timing: PSRAM timing tuning index: 4
I (415) esp_psram: Found 8MB PSRAM device
I (419) esp_psram: Speed: 80MHz
I (422) cpu_start: Multicore app
I (707) esp_psram: SPI SRAM memory test OK
I (716) cpu_start: Pro cpu start user code
I (716) cpu_start: cpu freq: 240000000 Hz
I (716) app_init: Application information:
I (716) app_init: Project name:     wararyoLauncher
I (716) app_init: App version:      0.1.0-dev
I (716) app_init: Compile time:     Sep 26 2026 18:31:57
I (716) app_init: ELF file SHA256:  9f7a024df...
I (717) app_init: ESP-IDF:          5.5.0
I (717) efuse_init: Min chip rev:     v0.0
I (717) efuse_init: Max chip rev:     v0.99 
I (717) efuse_init: Chip rev:         v0.2
I (717) heap_init: Initializing. RAM available for dynamic allocation:
I (717) heap_init: At 3FCA85A0 len 00041170 (260 KiB): RAM
I (718) heap_init: At 3FCE9710 len 00005724 (21 KiB): RAM
I (718) heap_init: At 600FE050 len 00001F98 (7 KiB): RTCRAM
I (718) esp_psram: Adding pool of 8192K of PSRAM memory to heap allocator
I (719) spi_flash: detected chip: generic
I (719) spi_flash: flash io: dio
I (720) sleep_gpio: Configure to isolate all GPIO pins in sleep state
I (720) sleep_gpio: Enable automatic switching of GPIO sleep configuration
I (0) main_task: Started on CPU1
I (1) esp_psram: Reserving pool of 32K of internal memory for DMA/internal allocations
I (1) main_task: Calling app_main()
I (22) M5GFX: [Autodetect] board_M5StopWatch
I (276) pm: Frequency switching config: CPU_MAX: 240, APB_MAX: 80, APB_MIN: 80, Light sleep: ENABLED
I (277) sleep: Code start at 0x42000020, total 421788, data start at 0x3c000000, total 33554432 Bytes
[Power] dfs max=240MHz min=80MHz light_sleep=1 lock=ESP_OK result=ESP_OK
[Launcher] firmware=wararyoLauncher version=0.1.0-dev idf=5.5.0
[Board] recognized=30 display=468x468 cpu=240MHz core=1 tick=1000Hz
[Memory] flash_query=ESP_OK flash=16777216 psram=8388608 bytes
[Config] flash=DIO/80MHz psram=Octal/80MHz cache_instruction=16KiB cache_data=64KiB cache_line=64B
[Memory] internal total=329771 free=250267 largest=208896 bytes
[Memory] psram total=8388608 free=7942712 largest=7864320 bytes
[MultiFirm] layout=valid running=ota_0 address=0x20000 size=0x400000 host=valid
[Launcher] startup complete; starting single-task runtime
[Font] GenShinGothicMedium28 glyphs=347 bytes=175599
[Font] DDinProExpSemiBold100 glyphs=12 bytes=31970
[Font] DDinProExpBold28 glyphs=95 bytes=25562
[Font] DDinProExpBold22 glyphs=95 bytes=17205
[WatchFace] digital fonts time=vlw text=vlw small=vlw wide=vlw hour=114 minute=115 colon=22
[WatchFace] digital cache time=3/3 internal_bytes=59584 items=2/2 psram_bytes=74880
[Icons] AppIcons count=5 size=44x44 bytes=9692
[ListView] text image allocation failed: 64x46, drawing directly
[ListView] text image allocation failed: 120x46, drawing directly
[ListView] text image allocation failed: 164x46, drawing directly
[ListView] text image allocation failed: 164x46, drawing directly
[Verify] variants internal_free_before=189463 after=189463
[WatchFace] digital fonts time=vlw text=vlw small=vlw wide=vlw hour=114 minute=115 colon=22
[WatchFace] digital cache time=0/3 internal_bytes=0 items=0/2 psram_bytes=0
[WatchFace] digital fonts time=vlw text=vlw small=vlw wide=vlw hour=114 minute=115 colon=22
[WatchFace] digital cache time=3/3 internal_bytes=59584 items=2/2 psram_bytes=74880
[WatchFace] digital fonts time=vlw text=vlw small=vlw wide=vlw hour=114 minute=115 colon=22
[WatchFace] digital cache time=0/3 internal_bytes=0 items=0/2 psram_bytes=0
[WatchFace] digital fonts time=vlw text=vlw small=vlw wide=vlw hour=114 minute=115 colon=22
[WatchFace] digital cache time=3/3 internal_bytes=59584 items=2/2 psram_bytes=74880
[WatchFace] digital fonts time=vlw text=vlw small=vlw wide=vlw hour=114 minute=115 colon=22
[WatchFace] digital cache time=0/3 internal_bytes=0 items=0/2 psram_bytes=0
[WatchFace] digital fonts time=vlw text=vlw small=vlw wide=vlw hour=114 minute=115 colon=22
[WatchFace] digital cache time=3/3 internal_bytes=59584 items=2/2 psram_bytes=74880
[WatchFace] digital fonts time=vlw text=vlw small=vlw wide=vlw hour=114 minute=115 colon=22
[WatchFace] digital cache time=0/3 internal_bytes=0 items=0/2 psram_bytes=0
[Renderer] element capacity exceeded: full repaint
[WatchFace] digital fonts time=vlw text=vlw small=vlw wide=vlw hour=114 minute=115 colon=22
[WatchFace] digital cache time=3/3 internal_bytes=59584 items=2/2 psram_bytes=74880
[WatchFace] digital fonts time=vlw text=vlw small=vlw wide=vlw hour=114 minute=115 colon=22
[WatchFace] digital cache time=3/3 internal_bytes=59584 items=2/2 psram_bytes=74880
[WatchFace] digital fonts time=vlw text=vlw small=vlw wide=vlw hour=114 minute=115 colon=22
[WatchFace] digital cache time=3/3 internal_bytes=59584 items=2/2 psram_bytes=74880
[WatchFace] digital fonts time=vlw text=vlw small=vlw wide=vlw hour=114 minute=115 colon=22
[WatchFace] digital cache time=3/3 internal_bytes=59584 items=2/2 psram_bytes=74880
[WatchFace] digital fonts time=vlw text=vlw small=vlw wide=vlw hour=114 minute=115 colon=22
[WatchFace] digital cache time=3/3 internal_bytes=59584 items=2/2 psram_bytes=74880
[WatchFace] digital fonts time=vlw text=vlw small=vlw wide=vlw hour=114 minute=115 colon=22
[WatchFace] digital cache time=3/3 internal_bytes=59584 items=2/2 psram_bytes=74880
[WatchFace] digital fonts time=vlw text=vlw small=vlw wide=vlw hour=114 minute=115 colon=22
[WatchFace] digital cache time=3/3 internal_bytes=59584 items=2/2 psram_bytes=74880
[WatchFace] digital fonts time=vlw text=vlw small=vlw wide=vlw hour=114 minute=115 colon=22
[WatchFace] digital cache time=3/3 internal_bytes=59584 items=2/2 psram_bytes=74880
[WatchFace] digital fonts time=vlw text=vlw small=vlw wide=vlw hour=114 minute=115 colon=22
[WatchFace] digital cache time=3/3 internal_bytes=59584 items=2/2 psram_bytes=74880
[WatchFace] digital fonts time=vlw text=vlw small=vlw wide=vlw hour=114 minute=115 colon=22
[WatchFace] digital cache time=3/3 internal_bytes=59584 items=2/2 psram_bytes=74880
[WatchFace] digital fonts time=vlw text=vlw small=vlw wide=vlw hour=114 minute=115 colon=22
[WatchFace] digital cache time=3/3 internal_bytes=59584 items=2/2 psram_bytes=74880
[WatchFace] digital fonts time=vlw text=vlw small=vlw wide=vlw hour=114 minute=115 colon=22
[WatchFace] digital cache time=3/3 internal_bytes=59584 items=2/2 psram_bytes=74880
[WatchFace] digital fonts time=vlw text=vlw small=vlw wide=vlw hour=114 minute=115 colon=22
[WatchFace] digital cache time=3/3 internal_bytes=59584 items=2/2 psram_bytes=74880
[WatchFace] digital fonts time=vlw text=vlw small=vlw wide=vlw hour=114 minute=115 colon=22
[WatchFace] digital cache time=3/3 internal_bytes=59584 items=2/2 psram_bytes=74880
[WatchFace] digital fonts time=vlw text=vlw small=vlw wide=vlw hour=114 minute=115 colon=22
[WatchFace] digital cache time=3/3 internal_bytes=59584 items=2/2 psram_bytes=74880
[WatchFace] digital fonts time=vlw text=vlw small=vlw wide=vlw hour=114 minute=115 colon=22
[WatchFace] digital cache time=3/3 internal_bytes=59584 items=2/2 psram_bytes=74880
[WatchFace] digital fonts time=vlw text=vlw small=vlw wide=vlw hour=114 minute=115 colon=22
[WatchFace] digital cache time=3/3 internal_bytes=59584 items=2/2 psram_bytes=74880
[Verify] lifecycle internal_free_before=189463 after=189463
[Verify] list cache bytes=72496 allocations=28 failures=4 fits=33 renders=233
[Verify] checks=405 mismatches=0 result=PASS
[Perf] digital-static frames=30 painted=0 avg_us=173 max_us=699 avg_dirty_px=0
[Perf] digital-minute frames=30 painted=30 avg_us=2861 max_us=3552 avg_dirty_px=8892
[Perf] digital-item-second frames=60 painted=60 avg_us=3372 max_us=3768 avg_dirty_px=5766
[Perf] digital-second frames=60 painted=59 avg_us=2828 max_us=3155 avg_dirty_px=8892
[Perf] digital-second-item frames=60 painted=60 avg_us=7977 max_us=8191 avg_dirty_px=45767
[Perf] digital-transition frames=40 painted=38 avg_us=12868 max_us=20244 avg_dirty_px=144868
[Perf] digital caches=5/5 internal_free=189463 largest=147456
[RenderDiag] synthetic JST time / battery / slots; no RTC or flash read
[Nvs] init=ESP_OK namespace=launcher
[Settings] brightness=90 screen_off=30s stored=ok
[Memory] ui-internal total=329771 free=186515 largest=143360 bytes
[Memory] ui-psram total=8388608 free=7742764 largest=6815744 bytes
