I (345) esp_image: segment 4: paddr=00138a00 vaddr=4037e9f8 size=0a728h ( 42792) load
I (354) esp_image: segment 5: paddr=00143130 vaddr=600fe000 size=00050h (    80) load
I (363) boot: Loaded app from partition at offset 0x20000
I (363) boot: Disabling RNG early entropy source...
I (374) octal_psram: vendor id    : 0x0d (AP)
I (374) octal_psram: dev id       : 0x02 (generation 3)
I (374) octal_psram: density      : 0x03 (64 Mbit)
I (376) octal_psram: good-die     : 0x01 (Pass)
I (380) octal_psram: Latency      : 0x01 (Fixed)
I (384) octal_psram: VCC          : 0x01 (3V)
I (389) octal_psram: SRF          : 0x01 (Fast Refresh)
I (393) octal_psram: BurstType    : 0x01 (Hybrid Wrap)
I (398) octal_psram: BurstLen     : 0x01 (32 Byte)
I (403) octal_psram: Readlatency  : 0x02 (10 cycles@Fixed)
I (408) octal_psram: DriveStrength: 0x00 (1/1)
I (413) MSPI Timing: PSRAM timing tuning index: 4
I (417) esp_psram: Found 8MB PSRAM device
I (420) esp_psram: Speed: 80MHz
I (423) cpu_start: Multicore app
I (708) esp_psram: SPI SRAM memory test OK
I (717) cpu_start: Pro cpu start user code
I (717) cpu_start: cpu freq: 240000000 Hz
I (717) app_init: Application information:
I (717) app_init: Project name:     wararyoLauncher
I (717) app_init: App version:      0.1.0-dev
I (718) app_init: Compile time:     Sep 26 2026 21:19:16
I (718) app_init: ELF file SHA256:  5311f3508...
I (718) app_init: ESP-IDF:          5.5.0
I (718) efuse_init: Min chip rev:     v0.0
I (718) efuse_init: Max chip rev:     v0.99 
I (718) efuse_init: Chip rev:         v0.2
I (719) heap_init: Initializing. RAM available for dynamic allocation:
I (719) heap_init: At 3FCA8928 len 00040DE8 (259 KiB): RAM
I (719) heap_init: At 3FCE9710 len 00005724 (21 KiB): RAM
I (719) heap_init: At 600FE050 len 00001F98 (7 KiB): RTCRAM
I (719) esp_psram: Adding pool of 8192K of PSRAM memory to heap allocator
I (720) spi_flash: detected chip: generic
I (720) spi_flash: flash io: dio
I (721) sleep_gpio: Configure to isolate all GPIO pins in sleep state
I (722) sleep_gpio: Enable automatic switching of GPIO sleep configuration
I (0) main_task: Started on CPU1
I (1) esp_psram: Reserving pool of 32K of internal memory for DMA/internal allocations
I (1) main_task: Calling app_main()
I (22) M5GFX: [Autodetect] board_M5StopWatch
[Display] framebuffer readback=yes
I (277) pm: Frequency switching config: CPU_MAX: 240, APB_MAX: 80, APB_MIN: 80, Light sleep: ENABLED
I (277) sleep: Code start at 0x42000020, total 428504, data start at 0x3c000000, total 33554432 Bytes
[Power] dfs max=240MHz min=80MHz light_sleep=1 lock=ESP_OK result=ESP_OK
[Launcher] firmware=wararyoLauncher version=0.1.0-dev idf=5.5.0
[Board] recognized=30 display=468x468 cpu=240MHz core=1 tick=1000Hz
[Memory] flash_query=ESP_OK flash=16777216 psram=8388608 bytes
[Config] flash=DIO/80MHz psram=Octal/80MHz cache_instruction=16KiB cache_data=64KiB cache_line=64B
[Memory] internal total=328867 free=249363 largest=204800 bytes
[Memory] psram total=8388608 free=7942712 largest=7864320 bytes
[MultiFirm] layout=valid running=ota_0 address=0x20000 size=0x400000 host=valid
[Launcher] startup complete; starting single-task runtime
[Font] GenShinGothicMedium28 glyphs=347 bytes=175599
[Font] DDinProExpSemiBold100 glyphs ascent=71 descent=1 bytes=31970
[Font] DDinProExpBold28 glyphs=95 bytes=25562
[Font] DDinProExpBold22 glyphs=95 bytes=17205
[WatchFace] digital fonts time=vlw text=vlw small=vlw wide=vlw hour=114 minute=115 colon=22
[WatchFace] digital cache time=3/3 internal_bytes=59584 items=2/2 psram_bytes=76032
[Icons] AppIcons count=5 size=44x44 bytes=9692
[ListView] text image allocation failed: 64x46, drawing directly
[ListView] text image allocation failed: 120x46, drawing directly
[ListView] text image allocation failed: 164x46, drawing directly
[ListView] text image allocation failed: 164x46, drawing directly
[Verify] variants internal_free_before=188559 after=188559
[WatchFace] digital fonts time=vlw text=vlw small=vlw wide=vlw hour=114 minute=115 colon=22
[WatchFace] digital cache time=0/3 internal_bytes=0 items=0/2 psram_bytes=0
[WatchFace] digital fonts time=vlw text=vlw small=vlw wide=vlw hour=114 minute=115 colon=22
[WatchFace] digital cache time=3/3 internal_bytes=59584 items=2/2 psram_bytes=76032
[WatchFace] digital fonts time=vlw text=vlw small=vlw wide=vlw hour=114 minute=115 colon=22
[WatchFace] digital cache time=0/3 internal_bytes=0 items=0/2 psram_bytes=0
[WatchFace] digital fonts time=vlw text=vlw small=vlw wide=vlw hour=114 minute=115 colon=22
[WatchFace] digital cache time=3/3 internal_bytes=59584 items=2/2 psram_bytes=76032
[WatchFace] digital fonts time=vlw text=vlw small=vlw wide=vlw hour=114 minute=115 colon=22
[WatchFace] digital cache time=0/3 internal_bytes=0 items=0/2 psram_bytes=0
[WatchFace] digital fonts time=vlw text=vlw small=vlw wide=vlw hour=114 minute=115 colon=22
[WatchFace] digital cache time=3/3 internal_bytes=59584 items=2/2 psram_bytes=76032
[WatchFace] digital fonts time=vlw text=vlw small=vlw wide=vlw hour=114 minute=115 colon=22
[WatchFace] digital cache time=0/3 internal_bytes=0 items=0/2 psram_bytes=0
[Renderer] element capacity exceeded: full repaint
[WatchFace] digital fonts time=vlw text=vlw small=vlw wide=vlw hour=114 minute=115 colon=22
[WatchFace] digital cache time=3/3 internal_bytes=59584 items=2/2 psram_bytes=76032
E (55121) task_wdt: Task watchdog got triggered. The following tasks/users did not reset the watchdog in time:
E (55121) task_wdt:  - IDLE1 (CPU 1)
E (55121) task_wdt: Tasks currently running:
E (55122) task_wdt: CPU 0: IDLE0
E (55122) task_wdt: CPU 1: main
E (55122) task_wdt: Print CPU 1 (current core) backtrace


Backtrace: 0x42040167:0x3FC9B1D0 0x40379FDE:0x3FC9B200 0x40056F59:0x3FCACC50 0x420215BF:0x3FCACC60 0x420050AA:0x3FCACCB0 0x420092A2:0x3FCACD40 0x4200A897:0x3FCACDE0 0x4200D212:0x3FCACE10 0x42004613:0x3FCAD510 0x42067B73:0x3FCAD5C0

[ListView] text image allocation failed: 232x46, drawing directly
[ListView] text image allocation failed: 64x46, drawing directly
[ListView] text image allocation failed: 164x46, drawing directly
[ListView] text image allocation failed: 164x46, drawing directly
[ListView] text image allocation failed: 164x46, drawing directly
[Renderer] element capacity exceeded: full repaint
[WatchFace] digital fonts time=vlw text=vlw small=vlw wide=vlw hour=114 minute=115 colon=22
[WatchFace] digital cache time=3/3 internal_bytes=59584 items=2/2 psram_bytes=76032
[WatchFace] digital fonts time=vlw text=vlw small=vlw wide=vlw hour=114 minute=115 colon=22
[WatchFace] digital cache time=3/3 internal_bytes=59584 items=2/2 psram_bytes=76032
[WatchFace] digital fonts time=vlw text=vlw small=vlw wide=vlw hour=114 minute=115 colon=22
[WatchFace] digital cache time=3/3 internal_bytes=59584 items=2/2 psram_bytes=76032
[WatchFace] digital fonts time=vlw text=vlw small=vlw wide=vlw hour=114 minute=115 colon=22
[WatchFace] digital cache time=3/3 internal_bytes=59584 items=2/2 psram_bytes=76032
[WatchFace] digital fonts time=vlw text=vlw small=vlw wide=vlw hour=114 minute=115 colon=22
[WatchFace] digital cache time=3/3 internal_bytes=59584 items=2/2 psram_bytes=76032
[WatchFace] digital fonts time=vlw text=vlw small=vlw wide=vlw hour=114 minute=115 colon=22
[WatchFace] digital cache time=3/3 internal_bytes=59584 items=2/2 psram_bytes=76032
[WatchFace] digital fonts time=vlw text=vlw small=vlw wide=vlw hour=114 minute=115 colon=22
[WatchFace] digital cache time=3/3 internal_bytes=59584 items=2/2 psram_bytes=76032
[WatchFace] digital fonts time=vlw text=vlw small=vlw wide=vlw hour=114 minute=115 colon=22
[WatchFace] digital cache time=3/3 internal_bytes=59584 items=2/2 psram_bytes=76032
[WatchFace] digital fonts time=vlw text=vlw small=vlw wide=vlw hour=114 minute=115 colon=22
[WatchFace] digital cache time=3/3 internal_bytes=59584 items=2/2 psram_bytes=76032
[WatchFace] digital fonts time=vlw text=vlw small=vlw wide=vlw hour=114 minute=115 colon=22
[WatchFace] digital cache time=3/3 internal_bytes=59584 items=2/2 psram_bytes=76032
[WatchFace] digital fonts time=vlw text=vlw small=vlw wide=vlw hour=114 minute=115 colon=22
[WatchFace] digital cache time=3/3 internal_bytes=59584 items=2/2 psram_bytes=76032
[WatchFace] digital fonts time=vlw text=vlw small=vlw wide=vlw hour=114 minute=115 colon=22
[WatchFace] digital cache time=3/3 internal_bytes=59584 items=2/2 psram_bytes=76032
[WatchFace] digital fonts time=vlw text=vlw small=vlw wide=vlw hour=114 minute=115 colon=22
[WatchFace] digital cache time=3/3 internal_bytes=59584 items=2/2 psram_bytes=76032
[WatchFace] digital fonts time=vlw text=vlw small=vlw wide=vlw hour=114 minute=115 colon=22
[WatchFace] digital cache time=3/3 internal_bytes=59584 items=2/2 psram_bytes=76032
[WatchFace] digital fonts time=vlw text=vlw small=vlw wide=vlw hour=114 minute=115 colon=22
[WatchFace] digital cache time=3/3 internal_bytes=59584 items=2/2 psram_bytes=76032
[WatchFace] digital fonts time=vlw text=vlw small=vlw wide=vlw hour=114 minute=115 colon=22
[WatchFace] digital cache time=3/3 internal_bytes=59584 items=2/2 psram_bytes=76032
[WatchFace] digital fonts time=vlw text=vlw small=vlw wide=vlw hour=114 minute=115 colon=22
[WatchFace] digital cache time=3/3 internal_bytes=59584 items=2/2 psram_bytes=76032
[Verify] lifecycle internal_free_before=188559 after=188559
[Verify] list cache bytes=72496 allocations=33 failures=9 fits=43 renders=271
[Verify] checks=483 mismatches=0 result=PASS
[Perf] digital-static frames=30 painted=0 avg_us=196 max_us=702 avg_dirty_px=0
[Perf] digital-minute frames=30 painted=30 avg_us=2803 max_us=3507 avg_dirty_px=8892
[Perf] digital-item-second frames=60 painted=60 avg_us=3369 max_us=3767 avg_dirty_px=5766
[Perf] digital-second frames=60 painted=59 avg_us=2766 max_us=3025 avg_dirty_px=8892
[Perf] digital-second-item frames=60 painted=60 avg_us=9823 max_us=10022 avg_dirty_px=42699
[Perf] digital-transition frames=40 painted=38 avg_us=17680 max_us=26427 avg_dirty_px=144825
[Perf] list-scroll frames=60 painted=59 avg_us=22151 max_us=26589 avg_dirty_px=155699
[Perf] backdrop-list-scroll frames=60 painted=60 avg_us=28986 max_us=35004 avg_dirty_px=155669
[Perf] backdrop-minute frames=30 painted=30 avg_us=5945 max_us=6879 avg_dirty_px=11893
[Perf] backdrop-transition frames=40 painted=38 avg_us=16339 max_us=33602 avg_dirty_px=96555
[Perf] backdrop-transition-black frames=40 painted=38 avg_us=13107 max_us=28720 avg_dirty_px=96555
[WatchFace] digital fonts time=vlw text=vlw small=vlw wide=vlw hour=114 minute=115 colon=22
[WatchFace] digital cache time=3/3 internal_bytes=59584 items=2/2 psram_bytes=76032
[Perf] base-fill px=219024 us=9042 (no transfer)
[Perf] digital caches=5/5 internal_free=188559 largest=147456
[RenderDiag] synthetic JST time / battery / slots; no RTC or flash read
[Nvs] init=ESP_OK namespace=launcher
[Settings] brightness=90 screen_off=30s stored=ok
[Memory] ui-internal total=328867 free=185611 largest=143360 bytes
[Memory] ui-psram total=8388608 free=7740844 largest=6815744 bytes
[Power] screen=off
[RenderDiag] transition-draw n=0 avg=0 max=0 p95_upper=1000 us over33333=0
[RenderDiag] scroll-draw n=0 avg=0 max=0 p95_upper=1000 us over33333=0
[RenderDiag] settings-scroll-draw n=0 avg=0 max=0 p95_upper=1000 us over33333=0
[RenderDiag] stopwatch-draw n=0 avg=0 max=0 p95_upper=1000 us over33333=0
[RenderDiag] settings-single-draw n=0 avg=0 max=0 p95_upper=1000 us over33333=0
[RenderDiag] single-draw n=1 avg=26705 max=26705 p95_upper=27000 us over33333=0
[RenderDiag] transition-interval n=0 avg=0 max=0 p95_upper=1000 us over33333=0
[RenderDiag] transition-interval-cont n=0 avg=0 max=0 p95_upper=1000 us over33333=0
[RenderDiag] transition-interval fps=0.00 cont_fps=0.00 pauses=0 longest_pause=0 us
[RenderDiag] scroll-interval n=0 avg=0 max=0 p95_upper=1000 us over33333=0
[RenderDiag] scroll-interval-cont n=0 avg=0 max=0 p95_upper=1000 us over33333=0
[RenderDiag] scroll-interval fps=0.00 cont_fps=0.00 pauses=0 longest_pause=0 us
[RenderDiag] settings-scroll-interval n=0 avg=0 max=0 p95_upper=1000 us over33333=0
[RenderDiag] settings-scroll-interval-cont n=0 avg=0 max=0 p95_upper=1000 us over33333=0
[RenderDiag] settings-scroll-interval fps=0.00 cont_fps=0.00 pauses=0 longest_pause=0 us
[RenderDiag] stopwatch-interval n=0 avg=0 max=0 p95_upper=1000 us over33333=0
[RenderDiag] stopwatch-interval-cont n=0 avg=0 max=0 p95_upper=1000 us over33333=0
[RenderDiag] stopwatch-interval fps=0.00 cont_fps=0.00 pauses=0 longest_pause=0 us
[RenderDiag] sampled-input-to-end n=0 avg=0 max=0 p95_upper=1000 us over33333=0
[RenderDiag] wake-request-to-end n=0 avg=0 max=0 p95_upper=1000 us over33333=0
[RenderDiag] window_us=60031731 loops=63 layouts=0 paints=0 stack_free=3876 internal_free=185543 internal_largest=143360 psram_free=7740448 psram_largest=6815744
[RenderDiag] list_cache bytes=72496 allocations=33 failures=9 fits=43 renders=282
[RenderDiag] settings_list_cache bytes=45632 allocations=7 failures=0 fits=8 renders=22
