I (348) esp_image: segment 4: paddr=0013831c vaddr=403768e0 size=128bch ( 75964) load
I (365) esp_image: segment 5: paddr=0014abe0 vaddr=600fe000 size=00050h (    80) load
I (374) boot: Loaded app from partition at offset 0x20000
I (374) boot: Disabling RNG early entropy source...
I (384) octal_psram: vendor id    : 0x0d (AP)
I (384) octal_psram: dev id       : 0x02 (generation 3)
I (384) octal_psram: density      : 0x03 (64 Mbit)
I (386) octal_psram: good-die     : 0x01 (Pass)
I (391) octal_psram: Latency      : 0x01 (Fixed)
I (395) octal_psram: VCC          : 0x01 (3V)
I (399) octal_psram: SRF          : 0x01 (Fast Refresh)
I (404) octal_psram: BurstType    : 0x01 (Hybrid Wrap)
I (409) octal_psram: BurstLen     : 0x01 (32 Byte)
I (413) octal_psram: Readlatency  : 0x02 (10 cycles@Fixed)
I (418) octal_psram: DriveStrength: 0x00 (1/1)
I (423) MSPI Timing: PSRAM timing tuning index: 10
I (427) esp_psram: Found 8MB PSRAM device
I (431) esp_psram: Speed: 80MHz
I (434) cpu_start: Multicore app
I (719) esp_psram: SPI SRAM memory test OK
I (727) cpu_start: Pro cpu start user code
I (728) cpu_start: cpu freq: 240000000 Hz
I (728) app_init: Application information:
I (728) app_init: Project name:     wararyoLauncher
I (728) app_init: App version:      0.1.0-dev
I (728) app_init: Compile time:     Sep 27 2026 14:50:53
I (728) app_init: ELF file SHA256:  1e3a4f1b5...
I (728) app_init: ESP-IDF:          5.5.0
I (729) efuse_init: Min chip rev:     v0.0
I (729) efuse_init: Max chip rev:     v0.99 
I (729) efuse_init: Chip rev:         v0.2
I (729) heap_init: Initializing. RAM available for dynamic allocation:
I (729) heap_init: At 3FCA5BA8 len 00043B68 (270 KiB): RAM
I (729) heap_init: At 3FCE9710 len 00005724 (21 KiB): RAM
I (730) heap_init: At 600FE050 len 00001F98 (7 KiB): RTCRAM
I (730) esp_psram: Adding pool of 8192K of PSRAM memory to heap allocator
I (731) spi_flash: detected chip: generic
I (731) spi_flash: flash io: dio
I (732) sleep_gpio: Configure to isolate all GPIO pins in sleep state
I (732) sleep_gpio: Enable automatic switching of GPIO sleep configuration
I (0) main_task: Started on CPU1
I (1) esp_psram: Reserving pool of 32K of internal memory for DMA/internal allocations
I (1) main_task: Calling app_main()
I (22) M5GFX: [Autodetect] board_M5StopWatch
[Display] framebuffer readback=yes
I (277) pm: Frequency switching config: CPU_MAX: 240, APB_MAX: 80, APB_MIN: 80, Light sleep: ENABLED
I (277) sleep: Code start at 0x42000020, total 426740, data start at 0x3c000000, total 33554432 Bytes
[Power] dfs max=240MHz min=80MHz light_sleep=1 lock=ESP_OK result=ESP_OK
[Launcher] firmware=wararyoLauncher version=0.1.0-dev idf=5.5.0
[Board] recognized=30 display=468x468 cpu=240MHz core=1 tick=1000Hz
[Memory] flash_query=ESP_OK flash=16777216 psram=8388608 bytes
[Config] flash=DIO/80MHz psram=Octal/80MHz cache_instruction=16KiB cache_data=64KiB cache_line=64B
[Memory] internal total=340515 free=261011 largest=217088 bytes
[Memory] psram total=8388608 free=7942712 largest=7864320 bytes
[MultiFirm] layout=valid running=ota_0 address=0x20000 size=0x400000 host=valid
[Launcher] startup complete; starting single-task runtime
[Nvs] init=ESP_OK namespace=launcher
[Font] GenShinGothicMedium28 glyphs=350 bytes=177738
[WatchFace] stored selection=ok id=forest
[Font] DDinProExpBold22 glyphs=95 bytes=17205
[Font] DDinProCondensedSemiBold120 glyphs ascent=84 descent=1 bytes=33663
[WatchFace] forest fonts time=vlw hour=99 minute=100 colon=21 cache time=3/3 internal_bytes=61410
[Time] rtc_read=ok utc=2026-09-27 15:27:59 trusted=yes
[Slots] layout=supported
[Settings] brightness=180 screen_off=60s stored=ok
[Memory] ui-internal total=340515 free=194479 largest=151552 bytes
[Memory] ui-psram total=8388608 free=7938640 largest=7864320 bytes
[Icons] AppIcons count=5 size=44x44 bytes=9692
I (2139) esp_image: segment 0: paddr=00420020 vaddr=3c060020 size=59c34h (367668) map
I (2171) esp_image: segment 1: paddr=00479c5c vaddr=3fc97100 size=03544h ( 13636) 
I (2173) esp_image: segment 2: paddr=0047d1a8 vaddr=40374000 size=02e70h ( 11888) 
I (2174) esp_image: segment 3: paddr=00480020 vaddr=42000020 size=5a320h (369440) map
I (2206) esp_image: segment 4: paddr=004da348 vaddr=40376e70 size=101f4h ( 66036) 
I (2212) esp_image: segment 5: paddr=004ea544 vaddr=600fe000 size=00020h (    32) 
I (2213) multifirm-host: slot 1 image verification took 424 ms
I (2213) multifirm-host: slot 1 SHA-256 calculation took 190 ms
[Slots] slot=1 state=ready name=KantanPlay version=0.1.0 error=ESP_OK
I (2720) esp_image: segment 0: paddr=00610020 vaddr=3c0c0020 size=4b958h (309592) map
I (2750) esp_image: segment 1: paddr=0065b980 vaddr=3fc9fa00 size=04698h ( 18072) 
I (2753) esp_image: segment 2: paddr=00660020 vaddr=42000020 size=b70d4h (749780) map
I (2818) esp_image: segment 3: paddr=007170fc vaddr=3fca4098 size=004f4h (  1268) 
I (2818) esp_image: segment 4: paddr=007175f8 vaddr=40374000 size=1b920h (112928) 
I (2829) esp_image: segment 5: paddr=00732f20 vaddr=600fe000 size=00050h (    80) 
I (2829) multifirm-host: slot 2 image verification took 612 ms
I (2829) multifirm-host: slot 2 SHA-256 calculation took 273 ms
[Slots] slot=2 state=ready name=MuteHid version=0.0.1-phase0 error=ESP_OK
I (3177) esp_image: segment 0: paddr=00800020 vaddr=3c090020 size=2ae98h (175768) map
I (3193) esp_image: segment 1: paddr=0082aec0 vaddr=3fc98bf0 size=04cb4h ( 19636) 
I (3196) esp_image: segment 2: paddr=0082fb7c vaddr=40374000 size=0049ch (  1180) 
I (3196) esp_image: segment 3: paddr=00830020 vaddr=42000020 size=82d10h (535824) map
I (3242) esp_image: segment 4: paddr=008b2d38 vaddr=4037449c size=14748h ( 83784) 
I (3250) multifirm-host: slot 3 image verification took 418 ms
I (3251) multifirm-host: slot 3 SHA-256 calculation took 187 ms
[Slots] slot=3 state=ready name=VibeWatch version=esp-idf: v4.4.7 38eeba2 error=ESP_OK
