入力 (ホスト): C:\Users\wararyo\Git\M5StopWatch-wararyoLauncher\.pio\build\m5stopwatch-render-check\firmware.bin
  kind: app  chip_id: 9  segments: 6
  flash header: DIO/80m/16MB
  chip rev: v0.0 .. v655.35
  image size: 1,192,224 bytes
  file: 1,192,224 bytes, SHA-256 0a19e86ad3c6f9881b40924e7d5782b9e4af7e0f9cbeede2c5dc288ea04a60db
  appended digest: 3426ac7f5bb3f183d8542914f46eda70f198a83e6c41b086c369b654f952f001 [valid]
  project_name: 'wararyoLauncher'  version: '0.1.0-dev'
  idf_ver: 5.5.0  built: Sep 26 2026 20:34:15
  elf_sha256: 593ce6f67268f9ff985331edfff0222f08e547a2c087b17b83b40b717dedba57
書き込み計画:
  1. 全体バックアップを確認 (現状と一致しなければ新規取得)
  2. ota_0 全域消去 0x020000-0x420000 (4,194,304 bytes)
  3. ホスト書き込み・読み戻し検証 0x020000-0x143120 (1,192,224 bytes)
  4. ブートローダ・表・メタデータ・ゲスト3スロットがバックアップと一致することを確認
  書き込まない: ブートローダ / NVS / multifirm_nvs / otadata / ゲスト
MultiFirm 0.1.0 / Python 3.11.7
ログ: C:\Users\wararyo\Git\M5StopWatch-wararyoLauncher\.pio\libdeps\m5stopwatch\M5StopWatch-MultiFirm\.multifirm\logs\20260926-203601-install-host.log
リセット方針: 接続時は default_reset でダウンロードモードへ入り、各操作の間は no_reset でダウンロードモードのまま続ける。成功時だけ hard_reset でアプリへ戻す
接続: COM11 ESP32-S3 (QFN56) (revision v0.2) MAC 28:84:85:43:a7:c0 flash 16MB esptool 4.12.0
パーティション表: multifirm-v1 (SHA-256 6c92c0cb61094b26574e11fd087c959531a3ddb270259f0aed069d7cbcae0079)
バックアップ C:\Users\wararyo\Git\M5StopWatch-wararyoLauncher\.pio\libdeps\m5stopwatch\M5StopWatch-MultiFirm\.multifirm\backups\backup-28848543a7c0-20260923-004238.bin: 現状と一致
実行:
  消去 ota_0: 0x020000-0x420000 (4,194,304 bytes)
    消去済みを確認
  書き込み ota_0: 0x020000-0x143120 (1,192,224 bytes) SHA-256 0a19e86ad3c6f9881b40924e7d5782b9e4af7e0f9cbeede2c5dc288ea04a60db
    読み戻し一致
    イメージ検証 OK (digest 3426ac7f5bb3f183d8542914f46eda70f198a83e6c41b086c369b654f952f001)
  ブートローダ・表・メタデータ・ゲストがバックアップと一致
  不変を確認: nvs, otadata, phy_init, multifirm_nvs
hard reset でアプリへ戻しました
install-host 完了
