I (353) esp_image: segment 4: paddr=0013d5e0 vaddr=403753c8 size=13d58h ( 81240) load
I (371) esp_image: segment 5: paddr=00151340 vaddr=600fe000 size=00050h (    80) load
I (379) boot: Loaded app from partition at offset 0x20000
I (379) boot: Disabling RNG early entropy source...
I (390) octal_psram: vendor id    : 0x0d (AP)
I (390) octal_psram: dev id       : 0x02 (generation 3)
I (390) octal_psram: density      : 0x03 (64 Mbit)
I (392) octal_psram: good-die     : 0x01 (Pass)
I (396) octal_psram: Latency      : 0x01 (Fixed)
I (401) octal_psram: VCC          : 0x01 (3V)
I (405) octal_psram: SRF          : 0x01 (Fast Refresh)
I (410) octal_psram: BurstType    : 0x01 (Hybrid Wrap)
I (414) octal_psram: BurstLen     : 0x01 (32 Byte)
I (419) octal_psram: Readlatency  : 0x02 (10 cycles@Fixed)
I (424) octal_psram: DriveStrength: 0x00 (1/1)
I (429) MSPI Timing: PSRAM timing tuning index: 4
I (433) esp_psram: Found 8MB PSRAM device
I (436) esp_psram: Speed: 80MHz
I (439) cpu_start: Multicore app
I (724) esp_psram: SPI SRAM memory test OK
I (733) cpu_start: Pro cpu start user code
I (733) cpu_start: cpu freq: 240000000 Hz
I (733) app_init: Application information:
I (733) app_init: Project name:     wararyoLauncher
I (734) app_init: App version:      0.1.0-dev
I (734) app_init: Compile time:     Sep 27 2026 14:53:33
I (734) app_init: ELF file SHA256:  ba858cb4c...
I (734) app_init: ESP-IDF:          5.5.0
I (734) efuse_init: Min chip rev:     v0.0
I (734) efuse_init: Max chip rev:     v0.99 
I (734) efuse_init: Chip rev:         v0.2
I (735) heap_init: Initializing. RAM available for dynamic allocation:
I (735) heap_init: At 3FCAA3C8 len 0003F348 (252 KiB): RAM
I (735) heap_init: At 3FCE9710 len 00005724 (21 KiB): RAM
I (735) heap_init: At 600FE050 len 00001F98 (7 KiB): RTCRAM
I (736) esp_psram: Adding pool of 8192K of PSRAM memory to heap allocator
I (736) spi_flash: detected chip: generic
I (736) spi_flash: flash io: dio
I (737) sleep_gpio: Configure to isolate all GPIO pins in sleep state
I (738) sleep_gpio: Enable automatic switching of GPIO sleep configuration
I (0) main_task: Started on CPU1
I (1) esp_psram: Reserving pool of 32K of internal memory for DMA/internal allocations
I (1) main_task: Calling app_main()
I (22) M5GFX: [Autodetect] board_M5StopWatch
[Display] framebuffer readback=yes
I (277) pm: Frequency switching config: CPU_MAX: 240, APB_MAX: 80, APB_MIN: 80, Light sleep: ENABLED
I (277) sleep: Code start at 0x42000020, total 447928, data start at 0x3c000000, total 33554432 Bytes
[Power] dfs max=240MHz min=80MHz light_sleep=1 lock=ESP_OK result=ESP_OK
[Launcher] firmware=wararyoLauncher version=0.1.0-dev idf=5.5.0
[Board] recognized=30 display=468x468 cpu=240MHz core=1 tick=1000Hz
[Memory] flash_query=ESP_OK flash=16777216 psram=8388608 bytes
[Config] flash=DIO/80MHz psram=Octal/80MHz cache_instruction=16KiB cache_data=64KiB cache_line=64B
[Memory] internal total=322051 free=243331 largest=196608 bytes
[Memory] psram total=8388608 free=7942712 largest=7864320 bytes
[MultiFirm] layout=valid running=ota_0 address=0x20000 size=0x400000 host=valid
[Launcher] startup complete; starting single-task runtime
[Nvs] init=ESP_OK namespace=launcher
[Font] GenShinGothicMedium28 glyphs=350 bytes=177738
[WatchFace] stored selection=unavailable id=-
[Font] DDinProExpBold28 glyphs=95 bytes=25562
[Font] DDinProExpBold22 glyphs=95 bytes=17205
[Font] DDinProExpSemiBold100 glyphs ascent=71 descent=1 bytes=31970
[WatchFace] digital fonts time=vlw text=vlw small=vlw wide=vlw hour=114 minute=115 colon=22
[WatchFace] digital cache time=3/3 internal_bytes=59584 items=2/2 psram_bytes=76032
[Icons] AppIcons count=5 size=44x44 bytes=9692
[ListView] text image allocation failed: 64x46, drawing directly
[ListView] text image allocation failed: 120x46, drawing directly
[ListView] text image allocation failed: 164x46, drawing directly
[ListView] text image allocation failed: 164x46, drawing directly
[Verify] variants internal_free_before=177879 after=177879
[WatchFace] digital fonts time=vlw text=vlw small=vlw wide=vlw hour=114 minute=115 colon=22
[WatchFace] digital cache time=0/3 internal_bytes=0 items=0/2 psram_bytes=0
[WatchFace] digital fonts time=vlw text=vlw small=vlw wide=vlw hour=114 minute=115 colon=22
[WatchFace] digital cache time=3/3 internal_bytes=59584 items=2/2 psram_bytes=76032
[WatchFace] digital fonts time=vlw text=vlw small=vlw wide=vlw hour=114 minute=115 colon=22
[WatchFace] digital cache time=0/3 internal_bytes=0 items=0/2 psram_bytes=0
[WatchFace] digital fonts time=vlw text=vlw small=vlw wide=vlw hour=114 minute=115 colon=22
[WatchFace] digital cache time=3/3 internal_bytes=59584 items=2/2 psram_bytes=76032
[WatchFace] digital fonts time=vlw text=vlw small=vlw wide=vlw hour=114 minute=115 colon=22
[WatchFace] digital cache time=0/3 internal_bytes=0 items=0/2 psram_bytes=0
[WatchFace] digital fonts time=vlw text=vlw small=vlw wide=vlw hour=114 minute=115 colon=22
[WatchFace] digital cache time=3/3 internal_bytes=59584 items=2/2 psram_bytes=76032
[WatchFace] digital fonts time=vlw text=vlw small=vlw wide=vlw hour=114 minute=115 colon=22
[WatchFace] digital cache time=0/3 internal_bytes=0 items=0/2 psram_bytes=0
[Renderer] element capacity exceeded: full repaint
[WatchFace] digital fonts time=vlw text=vlw small=vlw wide=vlw hour=114 minute=115 colon=22
[WatchFace] digital cache time=3/3 internal_bytes=59584 items=2/2 psram_bytes=76032
E (55537) task_wdt: Task watchdog got triggered. The following tasks/users did not reset the watchdog in time:
E (55537) task_wdt:  - IDLE1 (CPU 1)
E (55537) task_wdt: Tasks currently running:
E (55538) task_wdt: CPU 0: IDLE0
E (55538) task_wdt: CPU 1: main
E (55538) task_wdt: Print CPU 1 (current core) backtrace


Backtrace: 0x420460BB:0x3FC9B330 0x40379FDE:0x3FC9B360 0x4202201E:0x3FCAE060 0x42009981:0x3FCAE0E0 0x42009D7A:0x3FCAE190 0x42016F6E:0x3FCAE250 0x42004B67:0x3FCAE290 0x4200B6E5:0x3FCAE340 0x4200CDE5:0x3FCAE3E0 0x4200F9CA:0x3FCAE410 0x42003FC7:0x3FCAEC90 0x4206C753:0x3FCAED40

[ListView] text image allocation failed: 232x46, drawing directly
[ListView] text image allocation failed: 64x46, drawing directly
[ListView] text image allocation failed: 164x46, drawing directly
[ListView] text image allocation failed: 164x46, drawing directly
[ListView] text image allocation failed: 164x46, drawing directly
[Renderer] element capacity exceeded: full repaint
[WatchFace] digital fonts time=vlw text=vlw small=vlw wide=vlw hour=114 minute=115 colon=22
[WatchFace] digital cache time=3/3 internal_bytes=59584 items=2/2 psram_bytes=76032
[Font] DDinProCondensedSemiBold120 glyphs ascent=84 descent=1 bytes=33663
[WatchFace] forest fonts time=vlw hour=99 minute=100 colon=21 cache time=3/3 internal_bytes=61410
[Verify] forest slow drag ends at transition=0.412
[WatchFace] forest fonts time=vlw hour=99 minute=100 colon=21 cache time=0/3 internal_bytes=0
[WatchFace] forest fonts time=vlw hour=99 minute=100 colon=21 cache time=3/3 internal_bytes=61410
[WatchFace] forest fonts time=vlw hour=99 minute=100 colon=21 cache time=0/3 internal_bytes=0
[WatchFace] forest fonts time=vlw hour=99 minute=100 colon=21 cache time=3/3 internal_bytes=61410
[WatchFace] forest fonts time=vlw hour=99 minute=100 colon=21 cache time=0/3 internal_bytes=0
[WatchFace] forest fonts time=vlw hour=99 minute=100 colon=21 cache time=3/3 internal_bytes=61410
[Renderer] element capacity exceeded: full repaint
[WatchFace] digital fonts time=vlw text=vlw small=vlw wide=vlw hour=114 minute=115 colon=22
[WatchFace] digital cache time=3/3 internal_bytes=59584 items=2/2 psram_bytes=76032
[WatchFace] forest fonts time=vlw hour=99 minute=100 colon=21 cache time=3/3 internal_bytes=61410
[WatchFace] digital fonts time=vlw text=vlw small=vlw wide=vlw hour=114 minute=115 colon=22
[WatchFace] digital cache time=3/3 internal_bytes=59584 items=2/2 psram_bytes=76032
[WatchFace] forest fonts time=vlw hour=99 minute=100 colon=21 cache time=3/3 internal_bytes=61410
[WatchFace] digital fonts time=vlw text=vlw small=vlw wide=vlw hour=114 minute=115 colon=22
[WatchFace] digital cache time=3/3 internal_bytes=59584 items=2/2 psram_bytes=76032
[WatchFace] forest fonts time=vlw hour=99 minute=100 colon=21 cache time=3/3 internal_bytes=61410
[WatchFace] digital fonts time=vlw text=vlw small=vlw wide=vlw hour=114 minute=115 colon=22
[WatchFace] digital cache time=3/3 internal_bytes=59584 items=2/2 psram_bytes=76032
[WatchFace] forest fonts time=vlw hour=99 minute=100 colon=21 cache time=3/3 internal_bytes=61410
[WatchFace] digital fonts time=vlw text=vlw small=vlw wide=vlw hour=114 minute=115 colon=22
[WatchFace] digital cache time=3/3 internal_bytes=59584 items=2/2 psram_bytes=76032
[WatchFace] forest fonts time=vlw hour=99 minute=100 colon=21 cache time=3/3 internal_bytes=61410
[WatchFace] digital fonts time=vlw text=vlw small=vlw wide=vlw hour=114 minute=115 colon=22
[WatchFace] digital cache time=3/3 internal_bytes=59584 items=2/2 psram_bytes=76032
[WatchFace] forest fonts time=vlw hour=99 minute=100 colon=21 cache time=3/3 internal_bytes=61410
[WatchFace] digital fonts time=vlw text=vlw small=vlw wide=vlw hour=114 minute=115 colon=22
[WatchFace] digital cache time=3/3 internal_bytes=59584 items=2/2 psram_bytes=76032
[WatchFace] forest fonts time=vlw hour=99 minute=100 colon=21 cache time=3/3 internal_bytes=61410
[WatchFace] digital fonts time=vlw text=vlw small=vlw wide=vlw hour=114 minute=115 colon=22
[WatchFace] digital cache time=3/3 internal_bytes=59584 items=2/2 psram_bytes=76032
[WatchFace] forest fonts time=vlw hour=99 minute=100 colon=21 cache time=3/3 internal_bytes=61410
[WatchFace] digital fonts time=vlw text=vlw small=vlw wide=vlw hour=114 minute=115 colon=22
[WatchFace] digital cache time=3/3 internal_bytes=59584 items=2/2 psram_bytes=76032
[WatchFace] forest fonts time=vlw hour=99 minute=100 colon=21 cache time=3/3 internal_bytes=61410
[WatchFace] digital fonts time=vlw text=vlw small=vlw wide=vlw hour=114 minute=115 colon=22
[WatchFace] digital cache time=3/3 internal_bytes=59584 items=2/2 psram_bytes=76032
[WatchFace] forest fonts time=vlw hour=99 minute=100 colon=21 cache time=3/3 internal_bytes=61410
[WatchFace] digital fonts time=vlw text=vlw small=vlw wide=vlw hour=114 minute=115 colon=22
[WatchFace] digital cache time=3/3 internal_bytes=59584 items=2/2 psram_bytes=76032
[WatchFace] forest fonts time=vlw hour=99 minute=100 colon=21 cache time=3/3 internal_bytes=61410
[WatchFace] digital fonts time=vlw text=vlw small=vlw wide=vlw hour=114 minute=115 colon=22
[WatchFace] digital cache time=3/3 internal_bytes=59584 items=2/2 psram_bytes=76032
[WatchFace] forest fonts time=vlw hour=99 minute=100 colon=21 cache time=3/3 internal_bytes=61410
[WatchFace] digital fonts time=vlw text=vlw small=vlw wide=vlw hour=114 minute=115 colon=22
[WatchFace] digital cache time=3/3 internal_bytes=59584 items=2/2 psram_bytes=76032
[WatchFace] forest fonts time=vlw hour=99 minute=100 colon=21 cache time=3/3 internal_bytes=61410
[WatchFace] digital fonts time=vlw text=vlw small=vlw wide=vlw hour=114 minute=115 colon=22
[WatchFace] digital cache time=3/3 internal_bytes=59584 items=2/2 psram_bytes=76032
[WatchFace] forest fonts time=vlw hour=99 minute=100 colon=21 cache time=3/3 internal_bytes=61410
[WatchFace] digital fonts time=vlw text=vlw small=vlw wide=vlw hour=114 minute=115 colon=22
[WatchFace] digital cache time=3/3 internal_bytes=59584 items=2/2 psram_bytes=76032
[WatchFace] forest fonts time=vlw hour=99 minute=100 colon=21 cache time=3/3 internal_bytes=61410
[WatchFace] digital fonts time=vlw text=vlw small=vlw wide=vlw hour=114 minute=115 colon=22
[WatchFace] digital cache time=3/3 internal_bytes=59584 items=2/2 psram_bytes=76032
[WatchFace] forest fonts time=vlw hour=99 minute=100 colon=21 cache time=3/3 internal_bytes=61410
[Verify] faces internal_free_before=175607 after=175607
[WatchFace] digital fonts time=vlw text=vlw small=vlw wide=vlw hour=114 minute=115 colon=22
[WatchFace] digital cache time=3/3 internal_bytes=59584 items=2/2 psram_bytes=76032
[WatchFace] digital fonts time=vlw text=vlw small=vlw wide=vlw hour=114 minute=115 colon=22
[WatchFace] digital cache time=3/3 internal_bytes=59584 items=2/2 psram_bytes=76032
[WatchFace] digital fonts time=vlw text=vlw small=vlw wide=vlw hour=114 minute=115 colon=22
[WatchFace] digital cache time=3/3 internal_bytes=59584 items=2/2 psram_bytes=76032
[WatchFace] digital fonts time=vlw text=vlw small=vlw wide=vlw hour=114 minute=115 colon=22
[WatchFace] digital cache time=3/3 internal_bytes=59584 items=2/2 psram_bytes=76032
[WatchFace] digital fonts time=vlw text=vlw small=vlw wide=vlw hour=114 minute=115 colon=22
[WatchFace] digital cache time=3/3 internal_bytes=59584 items=2/2 psram_bytes=76032
[WatchFace] digital fonts time=vlw text=vlw small=vlw wide=vlw hour=114 minute=115 colon=22
[WatchFace] digital cache time=3/3 internal_bytes=59584 items=2/2 psram_bytes=76032
[WatchFace] digital fonts time=vlw text=vlw small=vlw wide=vlw hour=114 minute=115 colon=22
[WatchFace] digital cache time=3/3 internal_bytes=59584 items=2/2 psram_bytes=76032
[WatchFace] digital fonts time=vlw text=vlw small=vlw wide=vlw hour=114 minute=115 colon=22
[WatchFace] digital cache time=3/3 internal_bytes=59584 items=2/2 psram_bytes=76032
[WatchFace] digital fonts time=vlw text=vlw small=vlw wide=vlw hour=114 minute=115 colon=22
[WatchFace] digital cache time=3/3 internal_bytes=59584 items=2/2 psram_bytes=76032
[WatchFace] digital fonts time=vlw text=vlw small=vlw wide=vlw hour=114 minute=115 colon=22
[WatchFace] digital cache time=3/3 internal_bytes=59584 items=2/2 psram_bytes=76032
[WatchFace] digital fonts time=vlw text=vlw small=vlw wide=vlw hour=114 minute=115 colon=22
[WatchFace] digital cache time=3/3 internal_bytes=59584 items=2/2 psram_bytes=76032
[WatchFace] digital fonts time=vlw text=vlw small=vlw wide=vlw hour=114 minute=115 colon=22
[WatchFace] digital cache time=3/3 internal_bytes=59584 items=2/2 psram_bytes=76032
[WatchFace] digital fonts time=vlw text=vlw small=vlw wide=vlw hour=114 minute=115 colon=22
[WatchFace] digital cache time=3/3 internal_bytes=59584 items=2/2 psram_bytes=76032
[WatchFace] digital fonts time=vlw text=vlw small=vlw wide=vlw hour=114 minute=115 colon=22
[WatchFace] digital cache time=3/3 internal_bytes=59584 items=2/2 psram_bytes=76032
[WatchFace] digital fonts time=vlw text=vlw small=vlw wide=vlw hour=114 minute=115 colon=22
[WatchFace] digital cache time=3/3 internal_bytes=59584 items=2/2 psram_bytes=76032
[WatchFace] digital fonts time=vlw text=vlw small=vlw wide=vlw hour=114 minute=115 colon=22
[WatchFace] digital cache time=3/3 internal_bytes=59584 items=2/2 psram_bytes=76032
[WatchFace] digital fonts time=vlw text=vlw small=vlw wide=vlw hour=114 minute=115 colon=22
[WatchFace] digital cache time=3/3 internal_bytes=59584 items=2/2 psram_bytes=76032
[Verify] lifecycle internal_free_before=177655 after=177655
[Verify] list cache bytes=72496 allocations=31 failures=9 fits=43 renders=268
[Verify] checks=551 mismatches=0 result=PASS
[Perf] digital-static frames=30 painted=0 avg_us=144 max_us=831 avg_dirty_px=0
[Perf] digital-minute frames=30 painted=30 avg_us=2917 max_us=3516 avg_dirty_px=8892
[Perf] digital-item-second frames=60 painted=60 avg_us=3319 max_us=3791 avg_dirty_px=5766
[Perf] digital-second frames=60 painted=59 avg_us=2906 max_us=3108 avg_dirty_px=8892
[Perf] digital-second-item frames=60 painted=60 avg_us=9784 max_us=9956 avg_dirty_px=42699
[Perf] digital-transition frames=40 painted=38 avg_us=17715 max_us=25983 avg_dirty_px=144358
[Perf] list-scroll frames=60 painted=59 avg_us=22101 max_us=26596 avg_dirty_px=155254
[Perf] backdrop-list-scroll frames=60 painted=60 avg_us=28918 max_us=34864 avg_dirty_px=155216
[Perf] backdrop-minute frames=30 painted=30 avg_us=5982 max_us=6933 avg_dirty_px=11893
[Perf] backdrop-transition frames=40 painted=38 avg_us=16289 max_us=33470 avg_dirty_px=95964
[Perf] backdrop-transition-black frames=40 painted=38 avg_us=13077 max_us=28677 avg_dirty_px=95964
[WatchFace] digital fonts time=vlw text=vlw small=vlw wide=vlw hour=114 minute=115 colon=22
[WatchFace] digital cache time=3/3 internal_bytes=59584 items=2/2 psram_bytes=76032
[Perf] base-fill px=219024 us=9058 (no transfer)
[WatchFace] forest fonts time=vlw hour=99 minute=100 colon=21 cache time=3/3 internal_bytes=61410
[Perf] forest-minute frames=30 painted=30 avg_us=2893 max_us=3361 avg_dirty_px=9078
[Perf] forest-item-second frames=60 painted=60 avg_us=1990 max_us=2220 avg_dirty_px=3404
[Perf] forest-second frames=60 painted=59 avg_us=2980 max_us=3156 avg_dirty_px=9078
[Perf] forest-second-item frames=60 painted=60 avg_us=16177 max_us=16355 avg_dirty_px=63242
[Perf] forest-transition frames=40 painted=38 avg_us=11376 max_us=25281 avg_dirty_px=98477
[Perf] forest-full frames=20 painted=20 avg_us=32876 max_us=32906 avg_dirty_px=218088
[Perf] forest caches=3/3
[WatchFace] digital fonts time=vlw text=vlw small=vlw wide=vlw hour=114 minute=115 colon=22
[WatchFace] digital cache time=3/3 internal_bytes=59584 items=2/2 psram_bytes=76032
[Perf] digital-full frames=20 painted=20 avg_us=25628 max_us=25706 avg_dirty_px=218088
[Perf] digital caches=5/5 internal_free=177655 largest=131072
[RenderDiag] synthetic JST time / battery / slots; no RTC or flash read
[Settings] brightness=180 screen_off=60s stored=ok
[Memory] ui-internal total=322051 free=177655 largest=131072 bytes
[Memory] ui-psram total=8388608 free=7732136 largest=6815744 bytes
