Power] >>> START screen-off             brightness=0 hold=120s  (mark the tester now)
[PMIC] start  0x00..0x4f: 50 20 05 53 05 0e 17 00 40 00 00 00 00 00 00 00 00 00 15 1f 00 00 00 00 00 00 00 00 00 00 00 00 f6 0c 70 10 48 14 00 00 00 00 00 00 00 00 00 00 00 00 00 00 f4 01 f4 01 00 00 00 00 00 00 00 00 00 00 00 00 00 00 00 00 00 2f 00 2f 00 2f 00 2f 
[PMIC] start  16bit LE (unsigned/signed): 00:8272/8272 02:21253/21253 04:3589/3589 06:23/23 08:64/64 0a:0/0 0c:0/0 0e:0/0 10:0/0 12:7957/7957 14:0/0 16:0/0 18:0/0 1a:0/0 1c:0/0 1e:0/0 20:3318/3318 22:4208/4208 24:5192/5192 26:0/0 28:0/0 2a:0/0 2c:0/0 2e:0/0 30:0/0 32:0/0 34:500/500 36:500/500 38:0/0 3a:0/0 3c:0/0 3e:0/0 40:0/0 42:0/0 44:0/0 46:0/0 48:12032/12032 4a:12032/12032 4c:12032/12032 4e:12032/12032 
[PMIC] mid    0x00..0x4f: 50 20 05 53 05 0e 17 00 40 00 00 00 00 00 00 00 00 00 15 1f 00 00 00 00 00 00 00 00 00 00 00 00 f6 0c 72 10 48 14 00 00 00 00 00 00 00 00 00 00 00 00 00 00 f4 01 f4 01 00 00 00 00 00 00 00 00 00 00 00 00 00 00 00 00 00 2f 00 2f 00 2f 00 2f 
[PMIC] mid    16bit LE (unsigned/signed): 00:8272/8272 02:21253/21253 04:3589/3589 06:23/23 08:64/64 0a:0/0 0c:0/0 0e:0/0 10:0/0 12:7957/7957 14:0/0 16:0/0 18:0/0 1a:0/0 1c:0/0 1e:0/0 20:3318/3318 22:4210/4210 24:5192/5192 26:0/0 28:0/0 2a:0/0 2c:0/0 2e:0/0 30:0/0 32:0/0 34:500/500 36:500/500 38:0/0 3a:0/0 3c:0/0 3e:0/0 40:0/0 42:0/0 44:0/0 46:0/0 48:12032/12032 4a:12032/12032 4c:12032/12032 4e:12032/12032 
[Power] <<< END   screen-off              120002ms  steps=23994 (199.9/s, 1 over period)  duty=0%  avg=0us worst=0us
[Power]     battery=4210mV vbus=5194mV charging=0  (average mA = delta mAh * 3600 / 120)

[Power] >>> START watch-idle             brightness=90 hold=120s  (mark the tester now)
[PMIC] start  0x00..0x4f: 50 20 05 53 05 0e 17 00 40 00 00 00 00 00 00 00 00 00 15 1f 00 00 00 00 00 00 00 00 00 00 00 00 f3 0c 6e 10 46 14 00 00 00 00 00 00 00 00 00 00 00 00 00 00 f4 01 f4 01 00 00 00 00 00 00 00 00 00 00 00 00 00 00 00 00 00 2f 00 2f 00 2f 00 2f 
[PMIC] start  16bit LE (unsigned/signed): 00:8272/8272 02:21253/21253 04:3589/3589 06:23/23 08:64/64 0a:0/0 0c:0/0 0e:0/0 10:0/0 12:7957/7957 14:0/0 16:0/0 18:0/0 1a:0/0 1c:0/0 1e:0/0 20:3315/3315 22:4206/4206 24:5190/5190 26:0/0 28:0/0 2a:0/0 2c:0/0 2e:0/0 30:0/0 32:0/0 34:500/500 36:500/500 38:0/0 3a:0/0 3c:0/0 3e:0/0 40:0/0 42:0/0 44:0/0 46:0/0 48:12032/12032 4a:12032/12032 4c:12032/12032 4e:12032/12032 
[PMIC] mid    0x00..0x4f: 50 20 05 53 05 0e 17 00 40 00 00 00 00 00 00 00 00 00 15 1f 00 00 00 00 00 00 00 00 00 00 00 00 f6 0c 72 10 4a 14 00 00 00 00 00 00 00 00 00 00 00 00 00 00 f4 01 f4 01 00 00 00 00 00 00 00 00 00 00 00 00 00 00 00 00 00 2f 00 2f 00 2f 00 2f 
[PMIC] mid    16bit LE (unsigned/signed): 00:8272/8272 02:21253/21253 04:3589/3589 06:23/23 08:64/64 0a:0/0 0c:0/0 0e:0/0 10:0/0 12:7957/7957 14:0/0 16:0/0 18:0/0 1a:0/0 1c:0/0 1e:0/0 20:3318/3318 22:4210/4210 24:5194/5194 26:0/0 28:0/0 2a:0/0 2c:0/0 2e:0/0 30:0/0 32:0/0 34:500/500 36:500/500 38:0/0 3a:0/0 3c:0/0 3e:0/0 40:0/0 42:0/0 44:0/0 46:0/0 48:12032/12032 4a:12032/12032 4c:12032/12032 4e:12032/12032 
[Power] <<< END   watch-idle              120003ms  steps=23994 (199.9/s, 1 over period)  duty=1%  avg=72us worst=533us
[Power]     battery=4206mV vbus=5190mV charging=0  (average mA = delta mAh * 3600 / 120)

[Power] >>> START watch-forced-10fps     brightness=90 hold=120s  (mark the tester now)
[PMIC] start  0x00..0x4f: 50 20 05 53 05 0e 17 00 40 00 00 00 00 00 00 00 00 00 15 1f 00 00 00 00 00 00 00 00 00 00 00 00 f3 0c 6e 10 42 14 00 00 00 00 00 00 00 00 00 00 00 00 00 00 f4 01 f4 01 00 00 00 00 00 00 00 00 00 00 02 00 00 00 00 00 00 2f 00 2f 00 2f 00 2f 
[PMIC] start  16bit LE (unsigned/signed): 00:8272/8272 02:21253/21253 04:3589/3589 06:23/23 08:64/64 0a:0/0 0c:0/0 0e:0/0 10:0/0 12:7957/7957 14:0/0 16:0/0 18:0/0 1a:0/0 1c:0/0 1e:0/0 20:3315/3315 22:4206/4206 24:5186/5186 26:0/0 28:0/0 2a:0/0 2c:0/0 2e:0/0 30:0/0 32:0/0 34:500/500 36:500/500 38:0/0 3a:0/0 3c:0/0 3e:0/0 40:0/0 42:2/2 44:0/0 46:0/0 48:12032/12032 4a:12032/12032 4c:12032/12032 4e:12032/12032 
[PMIC] mid    0x00..0x4f: 50 20 05 53 05 0e 17 00 40 00 00 00 00 00 00 00 00 00 15 1f 00 00 00 00 00 00 00 00 00 00 00 00 f8 0c 72 10 4c 14 00 00 00 00 00 00 00 00 00 00 00 00 00 00 f4 01 f4 01 00 00 00 00 00 00 00 00 00 00 00 00 00 00 00 00 00 2f 00 2f 00 2f 00 2f 
[PMIC] mid    16bit LE (unsigned/signed): 00:8272/8272 02:21253/21253 04:3589/3589 06:23/23 08:64/64 0a:0/0 0c:0/0 0e:0/0 10:0/0 12:7957/7957 14:0/0 16:0/0 18:0/0 1a:0/0 1c:0/0 1e:0/0 20:3320/3320 22:4210/4210 24:5196/5196 26:0/0 28:0/0 2a:0/0 2c:0/0 2e:0/0 30:0/0 32:0/0 34:500/500 36:500/500 38:0/0 3a:0/0 3c:0/0 3e:0/0 40:0/0 42:0/0 44:0/0 46:0/0 48:12032/12032 4a:12032/12032 4c:12032/12032 4e:12032/12032 
[Power] <<< END   watch-forced-10fps      120000ms  steps=1200 (10.0/s, 0 over period)  duty=23%  avg=23355us worst=23701us
[Power]     battery=4210mV vbus=5194mV charging=0  (average mA = delta mAh * 3600 / 120)

[Power] >>> START watch-forced-20fps     brightness=90 hold=120s  (mark the tester now)
[PMIC] start  0x00..0x4f: 50 20 05 53 05 0e 17 00 40 00 00 00 00 00 00 00 00 00 15 1f 00 00 00 00 00 00 00 00 00 00 00 00 f8 0c 74 10 4c 14 00 00 00 00 00 00 00 00 00 00 00 00 00 00 f4 01 f4 01 00 00 00 00 00 00 00 00 00 00 00 00 00 00 00 00 00 2f 00 2f 00 2f 00 2f 
[PMIC] start  16bit LE (unsigned/signed): 00:8272/8272 02:21253/21253 04:3589/3589 06:23/23 08:64/64 0a:0/0 0c:0/0 0e:0/0 10:0/0 12:7957/7957 14:0/0 16:0/0 18:0/0 1a:0/0 1c:0/0 1e:0/0 20:3320/3320 22:4212/4212 24:5196/5196 26:0/0 28:0/0 2a:0/0 2c:0/0 2e:0/0 30:0/0 32:0/0 34:500/500 36:500/500 38:0/0 3a:0/0 3c:0/0 3e:0/0 40:0/0 42:0/0 44:0/0 46:0/0 48:12032/12032 4a:12032/12032 4c:12032/12032 4e:12032/12032 
[PMIC] mid    0x00..0x4f: 50 20 05 53 05 0e 17 00 40 00 00 00 00 00 00 00 00 00 15 1f 00 00 00 00 00 00 00 00 00 00 00 00 f6 0c 6e 10 44 14 00 00 00 00 00 00 00 00 00 00 00 00 00 00 f4 01 f4 01 00 00 00 00 00 00 00 00 00 00 00 00 00 00 00 00 00 2f 00 2f 00 2f 00 2f 
[PMIC] mid    16bit LE (unsigned/signed): 00:8272/8272 02:21253/21253 04:3589/3589 06:23/23 08:64/64 0a:0/0 0c:0/0 0e:0/0 10:0/0 12:7957/7957 14:0/0 16:0/0 18:0/0 1a:0/0 1c:0/0 1e:0/0 20:3318/3318 22:4206/4206 24:5188/5188 26:0/0 28:0/0 2a:0/0 2c:0/0 2e:0/0 30:0/0 32:0/0 34:500/500 36:500/500 38:0/0 3a:0/0 3c:0/0 3e:0/0 40:0/0 42:0/0 44:0/0 46:0/0 48:12032/12032 4a:12032/12032 4c:12032/12032 4e:12032/12032 
[Power] <<< END   watch-forced-20fps      120011ms  steps=2400 (20.0/s, 1 over period)  duty=46%  avg=23357us worst=23683us
[Power]     battery=4208mV vbus=5194mV charging=0  (average mA = delta mAh * 3600 / 120)

[Power] >>> START watch-forced-30fps     brightness=90 hold=120s  (mark the tester now)
[PMIC] start  0x00..0x4f: 50 20 05 53 05 0e 17 00 40 00 00 00 00 00 00 00 00 00 15 1f 00 00 00 00 00 00 00 00 00 00 00 00 f6 0c 72 10 48 14 00 00 00 00 00 00 00 00 00 00 00 00 00 00 f4 01 f4 01 00 00 00 00 00 00 00 00 00 00 00 00 00 00 00 00 00 2f 00 2f 00 2f 00 2f 
[PMIC] start  16bit LE (unsigned/signed): 00:8272/8272 02:21253/21253 04:3589/3589 06:23/23 08:64/64 0a:0/0 0c:0/0 0e:0/0 10:0/0 12:7957/7957 14:0/0 16:0/0 18:0/0 1a:0/0 1c:0/0 1e:0/0 20:3318/3318 22:4210/4210 24:5192/5192 26:0/0 28:0/0 2a:0/0 2c:0/0 2e:0/0 30:0/0 32:0/0 34:500/500 36:500/500 38:0/0 3a:0/0 3c:0/0 3e:0/0 40:0/0 42:0/0 44:0/0 46:0/0 48:12032/12032 4a:12032/12032 4c:12032/12032 4e:12032/12032 
[PMIC] mid    0x00..0x4f: 50 20 05 53 05 0e 17 00 40 00 00 00 00 00 00 00 00 00 15 1f 00 00 00 00 00 00 00 00 00 00 00 00 f6 0c 72 10 40 14 00 00 00 00 00 00 00 00 00 00 00 00 00 00 f4 01 f4 01 00 00 00 00 00 00 00 00 00 00 00 00 00 00 00 00 00 2f 00 2f 00 2f 00 2f 
[PMIC] mid    16bit LE (unsigned/signed): 00:8272/8272 02:21253/21253 04:3589/3589 06:23/23 08:64/64 0a:0/0 0c:0/0 0e:0/0 10:0/0 12:7957/7957 14:0/0 16:0/0 18:0/0 1a:0/0 1c:0/0 1e:0/0 20:3318/3318 22:4210/4210 24:5184/5184 26:0/0 28:0/0 2a:0/0 2c:0/0 2e:0/0 30:0/0 32:0/0 34:500/500 36:500/500 38:0/0 3a:0/0 3c:0/0 3e:0/0 40:0/0 42:0/0 44:0/0 46:0/0 48:12032/12032 4a:12032/12032 4c:12032/12032 4e:12032/12032 
[Power] <<< END   watch-forced-30fps      120016ms  steps=3636 (30.3/s, 1 over period)  duty=70%  avg=23360us worst=23688us
[Power]     battery=4208mV vbus=5192mV charging=0  (average mA = delta mAh * 3600 / 120)

[Power] >>> START list-scroll-max        brightness=90 hold=120s  (mark the tester now)
[PMIC] start  0x00..0x4f: 50 20 05 53 05 0e 17 00 40 00 00 00 00 00 00 00 00 00 15 1f 00 00 00 00 00 00 00 00 00 00 00 00 f8 0c 72 10 4c 14 00 00 00 00 00 00 00 00 00 00 00 00 00 00 f4 01 f4 01 00 00 00 00 00 00 00 00 00 00 00 00 00 00 00 00 00 2f 00 2f 00 2f 00 2f 
[PMIC] start  16bit LE (unsigned/signed): 00:8272/8272 02:21253/21253 04:3589/3589 06:23/23 08:64/64 0a:0/0 0c:0/0 0e:0/0 10:0/0 12:7957/7957 14:0/0 16:0/0 18:0/0 1a:0/0 1c:0/0 1e:0/0 20:3320/3320 22:4210/4210 24:5196/5196 26:0/0 28:0/0 2a:0/0 2c:0/0 2e:0/0 30:0/0 32:0/0 34:500/500 36:500/500 38:0/0 3a:0/0 3c:0/0 3e:0/0 40:0/0 42:0/0 44:0/0 46:0/0 48:12032/12032 4a:12032/12032 4c:12032/12032 4e:12032/12032 
[PMIC] mid    0x00..0x4f: 50 20 05 53 05 0e 17 00 40 00 00 00 00 00 00 00 00 00 17 1f 00 00 00 00 00 00 00 00 00 00 00 00 f8 0c 74 10 4a 14 00 00 00 00 00 00 00 00 00 00 00 00 00 00 f4 01 f4 01 00 00 00 00 00 00 00 00 00 00 00 00 00 00 00 00 00 2f 00 2f 00 2f 00 2f 
[PMIC] mid    16bit LE (unsigned/signed): 00:8272/8272 02:21253/21253 04:3589/3589 06:23/23 08:64/64 0a:0/0 0c:0/0 0e:0/0 10:0/0 12:7959/7959 14:0/0 16:0/0 18:0/0 1a:0/0 1c:0/0 1e:0/0 20:3320/3320 22:4212/4212 24:5194/5194 26:0/0 28:0/0 2a:0/0 2c:0/0 2e:0/0 30:0/0 32:0/0 34:500/500 36:500/500 38:0/0 3a:0/0 3c:0/0 3e:0/0 40:0/0 42:0/0 44:0/0 46:0/0 48:12032/12032 4a:12032/12032 4c:12032/12032 4e:12032/12032 
[Power] <<< END   list-scroll-max         120002ms  steps=8438 (70.3/s, 8438 over period)  duty=93%  avg=13360us worst=15957us
[Power]     battery=4210mV vbus=5194mV charging=0  (average mA = delta mAh * 3600 / 120)

[Power] >>> START fill-black-30fps       brightness=90 hold=120s  (mark the tester now)
[PMIC] start  0x00..0x4f: 50 20 05 53 05 0e 17 00 40 00 00 00 00 00 00 00 00 00 15 1f 00 00 00 00 00 00 00 00 00 00 00 00 f8 0c 74 10 4c 14 00 00 00 00 00 00 00 00 00 00 00 00 00 00 f4 01 f4 01 00 00 00 00 00 00 00 00 00 00 00 00 00 00 00 00 00 2f 00 2f 00 2f 00 2f 
[PMIC] start  16bit LE (unsigned/signed): 00:8272/8272 02:21253/21253 04:3589/3589 06:23/23 08:64/64 0a:0/0 0c:0/0 0e:0/0 10:0/0 12:7957/7957 14:0/0 16:0/0 18:0/0 1a:0/0 1c:0/0 1e:0/0 20:3320/3320 22:4212/4212 24:5196/5196 26:0/0 28:0/0 2a:0/0 2c:0/0 2e:0/0 30:0/0 32:0/0 34:500/500 36:500/500 38:0/0 3a:0/0 3c:0/0 3e:0/0 40:0/0 42:0/0 44:0/0 46:0/0 48:12032/12032 4a:12032/12032 4c:12032/12032 4e:12032/12032 
[PMIC] mid    0x00..0x4f: 50 20 05 53 05 0e 17 00 40 00 00 00 00 00 00 00 00 00 15 1f 00 00 00 00 00 00 00 00 00 00 00 00 f6 0c 72 10 40 14 00 00 00 00 00 00 00 00 00 00 00 00 00 00 f4 01 f4 01 00 00 00 00 00 00 00 00 00 00 00 00 00 00 00 00 00 2f 00 2f 00 2f 00 2f 
[PMIC] mid    16bit LE (unsigned/signed): 00:8272/8272 02:21253/21253 04:3589/3589 06:23/23 08:64/64 0a:0/0 0c:0/0 0e:0/0 10:0/0 12:7957/7957 14:0/0 16:0/0 18:0/0 1a:0/0 1c:0/0 1e:0/0 20:3318/3318 22:4210/4210 24:5184/5184 26:0/0 28:0/0 2a:0/0 2c:0/0 2e:0/0 30:0/0 32:0/0 34:500/500 36:500/500 38:0/0 3a:0/0 3c:0/0 3e:0/0 40:0/0 42:0/0 44:0/0 46:0/0 48:12032/12032 4a:12032/12032 4c:12032/12032 4e:12032/12032 
[Power] <<< END   fill-black-30fps        120012ms  steps=3636 (30.3/s, 1 over period)  duty=60%  avg=19958us worst=20103us
[Power]     battery=4208mV vbus=5192mV charging=0  (average mA = delta mAh * 3600 / 120)

[Power] >>> START fill-white-30fps       brightness=90 hold=120s  (mark the tester now)
[PMIC] start  0x00..0x4f: 50 20 05 53 05 0e 17 00 40 00 00 00 00 00 00 00 00 00 15 1f 00 00 00 00 00 00 00 00 00 00 00 00 f6 0c 72 10 48 14 00 00 00 00 00 00 00 00 00 00 00 00 00 00 f4 01 f4 01 00 00 00 00 00 00 00 00 00 00 00 00 00 00 00 00 00 2f 00 2f 00 2f 00 2f 
[PMIC] start  16bit LE (unsigned/signed): 00:8272/8272 02:21253/21253 04:3589/3589 06:23/23 08:64/64 0a:0/0 0c:0/0 0e:0/0 10:0/0 12:7957/7957 14:0/0 16:0/0 18:0/0 1a:0/0 1c:0/0 1e:0/0 20:3318/3318 22:4210/4210 24:5192/5192 26:0/0 28:0/0 2a:0/0 2c:0/0 2e:0/0 30:0/0 32:0/0 34:500/500 36:500/500 38:0/0 3a:0/0 3c:0/0 3e:0/0 40:0/0 42:0/0 44:0/0 46:0/0 48:12032/12032 4a:12032/12032 4c:12032/12032 4e:12032/12032 
[PMIC] mid    0x00..0x4f: 50 20 05 53 05 0e 17 00 40 00 00 00 00 00 00 00 00 00 15 1f 00 00 00 00 00 00 00 00 00 00 00 00 f8 0c 72 10 3e 14 00 00 00 00 00 00 00 00 00 00 00 00 00 00 f4 01 f4 01 00 00 00 00 00 00 00 00 00 00 00 00 00 00 00 00 00 2f 00 2f 00 2f 00 2f 
[PMIC] mid    16bit LE (unsigned/signed): 00:8272/8272 02:21253/21253 04:3589/3589 06:23/23 08:64/64 0a:0/0 0c:0/0 0e:0/0 10:0/0 12:7957/7957 14:0/0 16:0/0 18:0/0 1a:0/0 1c:0/0 1e:0/0 20:3320/3320 22:4210/4210 24:5182/5182 26:0/0 28:0/0 2a:0/0 2c:0/0 2e:0/0 30:0/0 32:0/0 34:500/500 36:500/500 38:0/0 3a:0/0 3c:0/0 3e:0/0 40:0/0 42:0/0 44:0/0 46:0/0 48:12032/12032 4a:12032/12032 4c:12032/12032 4e:12032/12032 
[Power] <<< END   fill-white-30fps        120012ms  steps=3636 (30.3/s, 1 over period)  duty=60%  avg=19957us worst=20093us
[Power]     battery=4202mV vbus=5186mV charging=0  (average mA = delta mAh * 3600 / 120)

[Power] >>> START watch-idle-bright10    brightness=10 hold=120s  (mark the tester now)
[PMIC] start  0x00..0x4f: 50 20 05 53 05 0e 17 00 40 00 00 00 00 00 00 00 00 00 15 1f 00 00 00 00 00 00 00 00 00 00 00 00 f8 0c 72 10 4e 14 00 00 00 00 00 00 00 00 00 00 00 00 00 00 f4 01 f4 01 00 00 00 00 00 00 00 00 00 00 00 00 00 00 00 00 00 2f 00 2f 00 2f 00 2f 
[PMIC] start  16bit LE (unsigned/signed): 00:8272/8272 02:21253/21253 04:3589/3589 06:23/23 08:64/64 0a:0/0 0c:0/0 0e:0/0 10:0/0 12:7957/7957 14:0/0 16:0/0 18:0/0 1a:0/0 1c:0/0 1e:0/0 20:3320/3320 22:4210/4210 24:5198/5198 26:0/0 28:0/0 2a:0/0 2c:0/0 2e:0/0 30:0/0 32:0/0 34:500/500 36:500/500 38:0/0 3a:0/0 3c:0/0 3e:0/0 40:0/0 42:0/0 44:0/0 46:0/0 48:12032/12032 4a:12032/12032 4c:12032/12032 4e:12032/12032 
[PMIC] mid    0x00..0x4f: 50 20 05 53 05 0e 17 00 40 00 00 00 00 00 00 00 00 00 15 1f 00 00 00 00 00 00 00 00 00 00 00 00 f6 0c 72 10 4a 14 00 00 00 00 00 00 00 00 00 00 00 00 00 00 f4 01 f4 01 00 00 00 00 00 00 00 00 00 00 00 00 00 00 00 00 00 2f 00 2f 00 2f 00 2f 
[PMIC] mid    16bit LE (unsigned/signed): 00:8272/8272 02:21253/21253 04:3589/3589 06:23/23 08:64/64 0a:0/0 0c:0/0 0e:0/0 10:0/0 12:7957/7957 14:0/0 16:0/0 18:0/0 1a:0/0 1c:0/0 1e:0/0 20:3318/3318 22:4210/4210 24:5194/5194 26:0/0 28:0/0 2a:0/0 2c:0/0 2e:0/0 30:0/0 32:0/0 34:500/500 36:500/500 38:0/0 3a:0/0 3c:0/0 3e:0/0 40:0/0 42:0/0 44:0/0 46:0/0 48:12032/12032 4a:12032/12032 4c:12032/12032 4e:12032/12032 
[Power] <<< END   watch-idle-bright10     120003ms  steps=23994 (199.9/s, 1 over period)  duty=1%  avg=72us worst=525us
[Power]     battery=4212mV vbus=5194mV charging=0  (average mA = delta mAh * 3600 / 120)

[Power] >>> START watch-idle-bright255   brightness=255 hold=120s  (mark the tester now)
[PMIC] start  0x00..0x4f: 50 20 05 53 05 0e 17 00 40 00 00 00 00 00 00 00 00 00 15 1f 00 00 00 00 00 00 00 00 00 00 00 00 f6 0c 72 10 48 14 00 00 00 00 00 00 00 00 00 00 00 00 00 00 f4 01 f4 01 00 00 00 00 00 00 00 00 00 00 00 00 00 00 00 00 00 2f 00 2f 00 2f 00 2f 
[PMIC] start  16bit LE (unsigned/signed): 00:8272/8272 02:21253/21253 04:3589/3589 06:23/23 08:64/64 0a:0/0 0c:0/0 0e:0/0 10:0/0 12:7957/7957 14:0/0 16:0/0 18:0/0 1a:0/0 1c:0/0 1e:0/0 20:3318/3318 22:4210/4210 24:5192/5192 26:0/0 28:0/0 2a:0/0 2c:0/0 2e:0/0 30:0/0 32:0/0 34:500/500 36:500/500 38:0/0 3a:0/0 3c:0/0 3e:0/0 40:0/0 42:0/0 44:0/0 46:0/0 48:12032/12032 4a:12032/12032 4c:12032/12032 4e:12032/12032 
[PMIC] mid    0x00..0x4f: 50 20 05 53 05 0e 17 00 40 00 00 00 00 00 00 00 00 00 15 1f 00 00 00 00 00 00 00 00 00 00 00 00 f8 0c 72 10 4a 14 00 00 00 00 00 00 00 00 00 00 00 00 00 00 f4 01 f4 01 00 00 00 00 00 00 00 00 00 00 00 00 00 00 00 00 00 2f 00 2f 00 2f 00 2f 
[PMIC] mid    16bit LE (unsigned/signed): 00:8272/8272 02:21253/21253 04:3589/3589 06:23/23 08:64/64 0a:0/0 0c:0/0 0e:0/0 10:0/0 12:7957/7957 14:0/0 16:0/0 18:0/0 1a:0/0 1c:0/0 1e:0/0 20:3320/3320 22:4210/4210 24:5194/5194 26:0/0 28:0/0 2a:0/0 2c:0/0 2e:0/0 30:0/0 32:0/0 34:500/500 36:500/500 38:0/0 3a:0/0 3c:0/0 3e:0/0 40:0/0 42:0/0 44:0/0 46:0/0 48:12032/12032 4a:12032/12032 4c:12032/12032 4e:12032/12032 
[Power] <<< END   watch-idle-bright255    120002ms  steps=23994 (199.9/s, 1 over period)  duty=1%  avg=72us worst=520us
[Power]     battery=4210mV vbus=5192mV charging=0  (average mA = delta mAh * 3600 / 120)

[Power] ===== done =====
[FrameStats] frames=0 missed_33ms=0 max_us=0 duty=0% dragging=0
[FrameStats] frames=0 missed_33ms=0 max_us=0 duty=0% dragging=0