I (102) boot:  7 ota_3            OTA app          00 13 0080000[RenderDiag] transition-draw n=0 avg=0 max=0 p95_upper=1000 us over33333=0
[RenderDiag] scroll-draw n=0 avg=0 max=0 p95_upper=1000 us over33333=0
[RenderDiag] stopwatch-draw n=0 avg=0 max=0 p95_upper=1000 us over33333=0
[RenderDiag] single-draw n=2 avg=14490 max=25014 p95_upper=26000 us over33333=0
[RenderDiag] transition-interval n=0 avg=0 max=0 p95_upper=1000 us over33333=0
[RenderDiag] transition-interval-cont n=0 avg=0 max=0 p95_upper=1000 us over33333=0
[RenderDiag] transition-interval fps=0.00 cont_fps=0.00 pauses=0 longest_pause=0 us
[RenderDiag] scroll-interval n=0 avg=0 max=0 p95_upper=1000 us over33333=0
[RenderDiag] scroll-interval-cont n=0 avg=0 max=0 p95_upper=1000 us over33333=0
[RenderDiag] scroll-interval fps=0.00 cont_fps=0.00 pauses=0 longest_pause=0 us
[RenderDiag] stopwatch-interval n=0 avg=0 max=0 p95_upper=1000 us over33333=0
[RenderDiag] stopwatch-interval-cont n=0 avg=0 max=0 p95_upper=1000 us over33333=0
[RenderDiag] stopwatch-interval fps=0.00 cont_fps=0.00 pauses=0 longest_pause=0 us
[RenderDiag] sampled-input-to-end n=0 avg=0 max=0 p95_upper=1000 us over33333=0
[RenderDiag] wake-request-to-end n=0 avg=0 max=0 p95_upper=1000 us over33333=0
[RenderDiag] window_us=60025900 loops=123 layouts=5 paints=1 stack_free=4900 internal_free=244815 internal_largest=192512 psram_free=7939200 psram_largest=7864320
[RenderDiag] transition-draw n=0 avg=0 max=0 p95_upper=1000 us over33333=0
[RenderDiag] scroll-draw n=0 avg=0 max=0 p95_upper=1000 us over33333=0
[RenderDiag] stopwatch-draw n=0 avg=0 max=0 p95_upper=1000 us over33333=0
[RenderDiag] single-draw n=0 avg=0 max=0 p95_upper=1000 us over33333=0
[RenderDiag] transition-interval n=0 avg=0 max=0 p95_upper=1000 us over33333=0
[RenderDiag] transition-interval-cont n=0 avg=0 max=0 p95_upper=1000 us over33333=0
[RenderDiag] transition-interval fps=0.00 cont_fps=0.00 pauses=0 longest_pause=0 us
[RenderDiag] scroll-interval n=0 avg=0 max=0 p95_upper=1000 us over33333=0
[RenderDiag] scroll-interval-cont n=0 avg=0 max=0 p95_upper=1000 us over33333=0
[RenderDiag] scroll-interval fps=0.00 cont_fps=0.00 pauses=0 longest_pause=0 us
[RenderDiag] stopwatch-interval n=0 avg=0 max=0 p95_upper=1000 us over33333=0
[RenderDiag] stopwatch-interval-cont n=0 avg=0 max=0 p95_upper=1000 us over33333=0
[RenderDiag] stopwatch-interval fps=0.00 cont_fps=0.00 pauses=0 longest_pause=0 us
[RenderDiag] sampled-input-to-end n=0 avg=0 max=0 p95_upper=1000 us over33333=0
[RenderDiag] wake-request-to-end n=0 avg=0 max=0 p95_upper=1000 us over33333=0
[RenderDiag] window_us=60058986 loops=60 layouts=0 paints=0 stack_free=4900 internal_free=244815 internal_largest=192512 psram_free=7939200 psram_largest=7864320
[Power] screen=on
[Icons] AppIcons count=5 size=44x44 bytes=9692
[UsbDiag] history now=172s n=7
[UsbDiag] t=0s sof=1 vbus=1
[UsbDiag] t=13s sof=0 vbus=1
[UsbDiag] t=14s sof=1 vbus=1
[UsbDiag] t=32s sof=0 vbus=1
[UsbDiag] t=33s sof=1 vbus=1
[UsbDiag] t=168s sof=0 vbus=1
[UsbDiag] t=170s sof=1 vbus=1
[RenderDiag] transition-draw n=10 avg=19522 max=26960 p95_upper=27000 us over33333=0
[RenderDiag] scroll-draw n=0 avg=0 max=0 p95_upper=1000 us over33333=0
[RenderDiag] stopwatch-draw n=1995 avg=1737 max=4601 p95_upper=2000 us over33333=0
[RenderDiag] single-draw n=2 avg=30171 max=35076 p95_upper=36000 us over33333=1
[RenderDiag] transition-interval n=9 avg=23686 max=28248 p95_upper=29000 us over33333=0
[RenderDiag] transition-interval-cont n=9 avg=23686 max=28248 p95_upper=29000 us over33333=0
[RenderDiag] transition-interval fps=42.22 cont_fps=42.22 pauses=0 longest_pause=0 us
[RenderDiag] scroll-interval n=0 avg=0 max=0 p95_upper=1000 us over33333=0
[RenderDiag] scroll-interval-cont n=0 avg=0 max=0 p95_upper=1000 us over33333=0
[RenderDiag] scroll-interval fps=0.00 cont_fps=0.00 pauses=0 longest_pause=0 us
[RenderDiag] stopwatch-interval n=1994 avg=24999 max=27931 p95_upper=27000 us over33333=0
[RenderDiag] stopwatch-interval-cont n=1994 avg=24999 max=27931 p95_upper=27000 us over33333=0
[RenderDiag] stopwatch-interval fps=40.00 cont_fps=40.00 pauses=0 longest_pause=0 us
[RenderDiag] sampled-input-to-end n=6 avg=17669 max=35690 p95_upper=36000 us over33333=1
[RenderDiag] wake-request-to-end n=1 avg=28252 max=28252 p95_upper=29000 us over33333=0
[RenderDiag] window_us=60001084 loops=2112 layouts=2009 paints=2007 stack_free=4900 internal_free=244615 internal_largest=192512 psram_free=7939200 psram_largest=7864320
