[RenderDiag] transition-draw n=0 avg=0 max=0 p95_upper=1000 us o[UsbDiag] history now=206s n=9
[UsbDiag] t=0s sof=1 vbus=1
[UsbDiag] t=108s sof=0 vbus=1
[UsbDiag] t=109s sof=1 vbus=1
[UsbDiag] t=132s sof=0 vbus=1
[UsbDiag] t=133s sof=1 vbus=1
[UsbDiag] t=157s sof=0 vbus=1
[UsbDiag] t=158s sof=1 vbus=1
[UsbDiag] t=203s sof=0 vbus=1
[UsbDiag] t=204s sof=1 vbus=1
[RenderDiag] transition-draw n=0 avg=0 max=0 p95_upper=1000 us over33333=0
[RenderDiag] scroll-draw n=0 avg=0 max=0 p95_upper=1000 us over33333=0
[RenderDiag] stopwatch-draw n=0 avg=0 max=0 p95_upper=1000 us over33333=0
[RenderDiag] single-draw n=0 avg=0 max=0 p95_upper=1000 us over33333=0
[RenderDiag] transition-interval n=0 avg=0 max=0 p95_upper=1000 us over33333=0
[RenderDiag] transition-interval-cont n=0 avg=0 max=0 p95_upper=1000 us over33333=0
[RenderDiag] transition-interval fps=0.00 cont_fps=0.00 pauses=0 longest_pause=0 us
[RenderDiag] scroll-interval n=0 avg=0 max=0 p95_upper=1000 us over33333=0
[RenderDiag] scroll-interval-cont n=0 avg=0 max=0 p95_upper=1000 us over33333=0
[RenderDiag] scroll-interval fps=0.00 cont_fps=0.00 pauses=0 longest_pause=0 us
[RenderDiag] stopwatch-interval n=0 avg=0 max=0 p95_upper=1000 us over33333=0
[RenderDiag] stopwatch-interval-cont n=0 avg=0 max=0 p95_upper=1000 us over33333=0
[RenderDiag] stopwatch-interval fps=0.00 cont_fps=0.00 pauses=0 longest_pause=0 us
[RenderDiag] sampled-input-to-end n=0 avg=0 max=0 p95_upper=1000 us over33333=0
[RenderDiag] wake-request-to-end n=0 avg=0 max=0 p95_upper=1000 us over33333=0
[RenderDiag] window_us=60000000 layouts=0 paints=0 stack_free=4900 internal_free=245643 internal_largest=192512 psram_free=7939596 psram_largest=7864320
