I (587) esp_psram: SPI SRAM memory test OK
I (595) cpu_start: Pro cpu start user code
I (595) cpu_start: cpu freq: 240000000 Hz
I (596) app_init: Application information:
I (596) app_init: Project name:     wararyoLauncher
I (596) app_init: App version:      0.1.0-dev
I (596) app_init: Compile time:     Sep 20 2026 11:11:08
I (596) app_init: ELF file SHA256:  1c24a62f8...
I (596) app_init: ESP-IDF:          5.5.0
I (596) efuse_init: Min chip rev:     v0.0
I (597) efuse_init: Max chip rev:     v0.99 
I (597) efuse_init: Chip rev:         v0.2
I (597) heap_init: Initializing. RAM available for dynamic allocation:
I (597) heap_init: At 3FC9A930 len 0004EDE0 (315 KiB): RAM
I (597) heap_init: At 3FCE9710 len 00005724 (21 KiB): RAM
I (597) heap_init: At 600FE020 len 00001FC8 (7 KiB): RTCRAM
I (598) esp_psram: Adding pool of 8192K of PSRAM memory to heap allocator
I (599) spi_flash: detected chip: generic
I (599) spi_flash: flash io: dio
I (599) sleep_gpio: Configure to isolate all GPIO pins in sleep state
I (600) sleep_gpio: Enable automatic switching of GPIO sleep configuration
I (0) main_task: Started on CPU1
I (1) esp_psram: Reserving pool of 32K of internal memory for DMA/internal allocations
I (1) main_task: Calling app_main()
I (307) M5GFX: [Autodetect] board_M5StopWatch
[Launcher] firmware=wararyoLauncher version=0.1.0-dev idf=5.5.0
[Board] recognized=30 display=468x468 cpu=240MHz core=1 tick=1000Hz
[Memory] flash_query=ESP_OK flash=16777216 psram=8388608 bytes
[Config] flash=DIO/80MHz psram=Octal/80MHz cache_instruction=16KiB cache_data=64KiB cache_line=64B
[Memory] internal total=386251 free=324931 largest=270336 bytes
[Memory] psram total=8388608 free=7942728 largest=7864320 bytes
[MultiFirm] layout=valid running=ota_0 address=0x20000 size=0x400000 host=valid
[Launcher] startup complete; starting single-task runtime
[UI] screen=home selection=0 event=Ready homes=0 vbus=on usb=1
[UI] screen=input selection=0 event=Ready homes=0 vbus=on usb=1
[UI] screen=input selection=0 event=Tap homes=0 vbus=on usb=1
[UI] screen=input selection=0 event=Tap homes=0 vbus=on usb=1
[UI] screen=input selection=0 event=Decide homes=0 vbus=on usb=1
[UI] screen=input selection=0 event=Decide homes=0 vbus=on usb=1
[UI] screen=input selection=1 event=Next homes=0 vbus=on usb=1
[UI] screen=home selection=0 event=Ready homes=0 vbus=on usb=1
[UI] screen=input selection=0 event=Ready homes=0 vbus=on usb=1
[UI] screen=input selection=1 event=Next homes=0 vbus=on usb=1
[UI] screen=input selection=0 event=Next homes=0 vbus=on usb=1
[UI] screen=input selection=1 event=Next homes=0 vbus=on usb=1
[UI] screen=input selection=0 event=Next homes=0 vbus=on usb=1
[UI] screen=input selection=0 event=Decide homes=0 vbus=on usb=1
[UI] screen=input selection=1 event=Next homes=0 vbus=on usb=1
[UI] screen=home selection=0 event=Ready homes=0 vbus=on usb=1
[UI] screen=input selection=0 event=Ready homes=0 vbus=on usb=1
[Power] screen=off
[Power] screen=on
[UI] screen=input selection=0 event=Ready homes=0 vbus=on usb=1