I (590) esp_psram: SPI SRAM memory test OK
I (599) cpu_start: Pro cpu start user code
I (599) cpu_start: cpu freq: 240000000 Hz
I (599) app_init: Application information:
I (599) app_init: Project name:     wararyoLauncher
I (599) app_init: App version:      0.1.0-dev
I (599) app_init: Compile time:     Sep 20 2026 11:08:42
I (600) app_init: ELF file SHA256:  2115669ae...
I (600) app_init: ESP-IDF:          5.5.0
I (600) efuse_init: Min chip rev:     v0.0
I (600) efuse_init: Max chip rev:     v0.99 
I (600) efuse_init: Chip rev:         v0.2
I (600) heap_init: Initializing. RAM available for dynamic allocation:
I (601) heap_init: At 3FC9A940 len 0004EDD0 (315 KiB): RAM
I (601) heap_init: At 3FCE9710 len 00005724 (21 KiB): RAM
I (601) heap_init: At 600FE020 len 00001FC8 (7 KiB): RTCRAM
I (601) esp_psram: Adding pool of 8192K of PSRAM memory to heap allocator
I (602) spi_flash: detected chip: generic
I (602) spi_flash: flash io: dio
I (603) sleep_gpio: Configure to isolate all GPIO pins in sleep state
I (603) sleep_gpio: Enable automatic switching of GPIO sleep configuration
I (0) main_task: Started on CPU1
I (1) esp_psram: Reserving pool of 32K of internal memory for DMA/internal allocations
I (1) main_task: Calling app_main()
I (307) M5GFX: [Autodetect] board_M5StopWatch
[Launcher] firmware=wararyoLauncher version=0.1.0-dev idf=5.5.0
[Board] recognized=30 display=468x468 cpu=240MHz core=1 tick=1000Hz
[Memory] flash_query=ESP_OK flash=16777216 psram=8388608 bytes
[Config] flash=DIO/80MHz psram=Octal/80MHz cache_instruction=16KiB cache_data=64KiB cache_line=64B
[Memory] internal total=386235 free=324915 largest=270336 bytes
[Memory] psram total=8388608 free=7942728 largest=7864320 bytes
[MultiFirm] layout=valid running=ota_0 address=0x20000 size=0x400000 host=valid
[Launcher] startup complete; starting single-task runtime
[RuntimeDiag] enabled: 40ms busy work each cycle; CPU1 idle hook
[UI] screen=home selection=0 event=Ready homes=0 vbus=on usb=1
[RuntimeDiag] idle_cpu1=1002 window_us=5001120
[RuntimeDiag] idle_cpu1=1000 window_us=5000000
[RuntimeDiag] idle_cpu1=1000 window_us=5000000
[RuntimeDiag] idle_cpu1=1000 window_us=5000000
[RuntimeDiag] idle_cpu1=1000 window_us=5000000
[Power] screen=off
[RuntimeDiag] idle_cpu1=1001 window_us=5041002
[RuntimeDiag] idle_cpu1=1009 window_us=5048998
[RuntimeDiag] idle_cpu1=1000 window_us=5000000
[RuntimeDiag] idle_cpu1=1000 window_us=5000000