[RenderDiag] transition-draw n=11 avg=18899 max=26943 p95_upper=27000 us over33333=0
[RenderDiag] scroll-draw n=11 avg=27417 max=29056 p95_upper=30000 us over33333=0
[RenderDiag] stopwatch-draw n=878 avg=1818 max=4689 p95_upper=2000 us over33333=0
[RenderDiag] single-draw n=8 avg=25786 max=35635 p95_upper=36000 us over33333=2
[RenderDiag] transition-interval n=10 avg=21688 max=28759 p95_upper=29000 us over33333=0
[RenderDiag] transition-interval-cont n=10 avg=21688 max=28759 p95_upper=29000 us over33333=0
[RenderDiag] transition-interval fps=46.11 cont_fps=46.11 pauses=0 longest_pause=0 us
[RenderDiag] scroll-interval n=10 avg=42665 max=108859 p95_upper=109000 us over33333=2
[RenderDiag] scroll-interval-cont n=10 avg=42665 max=108859 p95_upper=109000 us over33333=2
[RenderDiag] scroll-interval fps=23.44 cont_fps=23.44 pauses=0 longest_pause=0 us
[RenderDiag] stopwatch-interval n=877 avg=24998 max=27654 p95_upper=26000 us over33333=0
[RenderDiag] stopwatch-interval-cont n=877 avg=24998 max=27654 p95_upper=26000 us over33333=0
[RenderDiag] stopwatch-interval fps=40.00 cont_fps=40.00 pauses=0 longest_pause=0 us
[RenderDiag] sampled-input-to-end n=21 avg=23969 max=36219 p95_upper=36000 us over33333=3
[RenderDiag] wake-request-to-end n=0 avg=0 max=0 p95_upper=1000 us over33333=0
[RenderDiag] window_us=60001152 layouts=922 paints=907 stack_free=4900 internal_free=247339 internal_largest=192512 psram_free=7939612 psram_largest=7864320
[RenderDiag] transition-draw n=0 avg=0 max=0 p95_upper=1000 us over33333=0
[RenderDiag] scroll-draw n=0 avg=0 max=0 p95_upper=1000 us over33333=0
[RenderDiag] stopwatch-draw n=2399 avg=1818 max=4366 p95_upper=2000 us over33333=0
[RenderDiag] single-draw n=0 avg=0 max=0 p95_upper=1000 us over33333=0
[RenderDiag] transition-interval n=0 avg=0 max=0 p95_upper=1000 us over33333=0
[RenderDiag] transition-interval-cont n=0 avg=0 max=0 p95_upper=1000 us over33333=0
[RenderDiag] transition-interval fps=0.00 cont_fps=0.00 pauses=0 longest_pause=0 us
[RenderDiag] scroll-interval n=0 avg=0 max=0 p95_upper=1000 us over33333=0
[RenderDiag] scroll-interval-cont n=0 avg=0 max=0 p95_upper=1000 us over33333=0
[RenderDiag] scroll-interval fps=0.00 cont_fps=0.00 pauses=0 longest_pause=0 us
[RenderDiag] stopwatch-interval n=2398 avg=25010 max=28606 p95_upper=26000 us over33333=0
[RenderDiag] stopwatch-interval-cont n=2398 avg=25010 max=28606 p95_upper=26000 us over33333=0
[RenderDiag] stopwatch-interval fps=39.98 cont_fps=39.98 pauses=0 longest_pause=0 us
[RenderDiag] sampled-input-to-end n=0 avg=0 max=0 p95_upper=1000 us over33333=0
[RenderDiag] wake-request-to-end n=0 avg=0 max=0 p95_upper=1000 us over33333=0
[RenderDiag] window_us=60001004 layouts=2399 paints=2399 stack_free=4900 internal_free=247339 internal_largest=192512 psram_free=7939612 psram_largest=7864320
[RenderDiag] transition-draw n=0 avg=0 max=0 p95_upper=1000 us over33333=0
[RenderDiag] scroll-draw n=0 avg=0 max=0 p95_upper=1000 us over33333=0
[RenderDiag] stopwatch-draw n=2399 avg=1818 max=4352 p95_upper=2000 us over33333=0
[RenderDiag] single-draw n=0 avg=0 max=0 p95_upper=1000 us over33333=0
[RenderDiag] transition-interval n=0 avg=0 max=0 p95_upper=1000 us over33333=0
[RenderDiag] transition-interval-cont n=0 avg=0 max=0 p95_upper=1000 us over33333=0
[RenderDiag] transition-interval fps=0.00 cont_fps=0.00 pauses=0 longest_pause=0 us
[RenderDiag] scroll-interval n=0 avg=0 max=0 p95_upper=1000 us over33333=0
[RenderDiag] scroll-interval-cont n=0 avg=0 max=0 p95_upper=1000 us over33333=0
[RenderDiag] scroll-interval fps=0.00 cont_fps=0.00 pauses=0 longest_pause=0 us
[RenderDiag] stopwatch-interval n=2398 avg=25010 max=28547 p95_upper=26000 us over33333=0
[RenderDiag] stopwatch-interval-cont n=2398 avg=25010 max=28547 p95_upper=26000 us over33333=0
[RenderDiag] stopwatch-interval fps=39.98 cont_fps=39.98 pauses=0 longest_pause=0 us
[RenderDiag] sampled-input-to-end n=0 avg=0 max=0 p95_upper=1000 us over33333=0
[RenderDiag] wake-request-to-end n=0 avg=0 max=0 p95_upper=1000 us over33333=0
[RenderDiag] window_us=60000690 layouts=2399 paints=2399 stack_free=4900 internal_free=247339 internal_largest=192512 psram_free=7939612 psram_largest=7864320
